[Header]
Width=29
Height=32
StartX=241
StartY=26
Waypoint1=256,38
Waypoint2=255,40
Waypoint3=255,38
Waypoint4=257,39
Waypoint5=257,38
Waypoint6=255,39
Waypoint7=255,38
Waypoint8=256,40
NumberStartingPoints=8

[CrateRules]
CrateMinimum=6

[Powerups]
Unit=0,<none>,no
Reveal=10,REVEAL,no
Veteran=10,VETERAN,no,1
HealBase=10,HEALALL,no
Armor=15,ARMOR,no,1.5
Speed=15,SPEED,no,1.25
Firepower=15,FIREPOWR,no,1.5
Money=25,MONEY,no,2000

[GACNST]
Capturable=No

[GADEPT]
UnitsGainSelfHeal=1

[GAREFN]
ProduceCashDelay=100
ProduceCashAmount=50

[GAYARD]
TechLevel=11

[General]
BuildSpeed=0.5
VeteranRatio=2.0
SlaveMinerScanCorrection=128

[INGALITE]
LightIntensity=0.2
LightVisibility=5000

[NACNST]
Capturable=No

[NADEPT]
UnitsGainSelfHeal=1

[NAREFN]
ProduceCashDelay=100
ProduceCashAmount=50

[NAYARD]
TechLevel=11

[SMIN]
SlavesNumber=0

[YACNST]
Capturable=No

[YAGRND]
UnitsGainSelfHeal=1

[YAREFN]
SlavesNumber=0
ProduceCashDelay=100
ProduceCashAmount=50

[YAYARD]
TechLevel=11

[Preview]
Size=0,0,234,180

[PreviewPack]
1=1AYAIAANk5rIyNT+rrn1qbT0oavok5rIu8f9pKzcZWWJk5rIyIgDVAMgfmgANvACXAJIAC
2=fzApqk5r8au8f9XAIDqbT0mqTmWhy4wmABqwPI1P4qaAAtNAQqawC4wvQqoAQqaAA51AAg
3=BmgALYcCu8f9IAzwAifIAyqEAlw4UBQ2aABUAyB+aAAw8AIACVthj7jC9LvH/a659bO+/s
4=jU/rO+/qWv8mJomCdqALO+cAJLA7vH/SdrALvH/UgAPGsAuML0IBLUALgQMKwBOYQCKmsA
5=n6rwKvACA6659a659VsQs77+LWsAqbT0NmgAOdQAIBhoALwaMBgCIBVAATzwAjmsASdoAC
6=coB6BAIDMoByAbAAgwHAowlAcMYmiYmqLYs7zvfYO2b22SqH5UPA+apOZmbaCkrNy4wvR9
7=g7ZscZ6kXDloAFQhNtQAIBVoADCsATOEAjbwAjBcAwOapOaaotirHq659S7IA+gDM0ABtA
8=YgXmgANYQCKlwDM4cCZm2gMDQEJ3sFmqLYIDmUB7j3OQAIJxgCLbMJqbT0J2gANvACUJKo
9=qAN8hcRKTnJYBLgBpHSsASdoACewACcgADloAAOCishKTnJIEiewACcgAKgDUCYnRAAnIA
10=A5QAEnaAC0EjOEAidoAAa7x/24wvSuuP8t1wCuuP+sBDBoAFCPNtQAP2sAs77+NkABdH4v
11=GAKgCjloACAP8AK8GjPUADygBCAM5AUnsAAnIAA5KActaABMKyfUACdQBidEACcgACdoAL
12=g0PPACCaSs3LvH/Z+q8KGr6FOtbHGeJDsnbHGeNmgAA3R4qKqz5Ve0oavoLdQANmsAqrPl
13=M2gAJBAoM2gAuxB0eKg2GwJscZ64EDnwAnCSAqTmYmiYMFwDIANrAGZtoLgQJzQEJ9QABm
14=ZtoLO876Ss3DBoAK8NoavoNmgAOdQAIDxoADOgBDYMBTZQBiASKwe7x/0gBtQAM4QCOQMI
15=dHioWF5IgUgAVGMkCCRHL1RYgqgDqGAtawB9f6pUBkgDqAAq1AAgHmgAPxsCs7zvo2dUWI
16=KsDUgGSABEEasDmqTmJ/ACXAKoACTIJCdoAHAFIzAvbqa59SRMNC3UAGwEjA0n1ABIHrQJ
17=IBXUAGStICysATwYAkgePFwDtDysKHIdvv42lAdUHjZoAEAHIC1oADmsAagDKpQHsPsEuM
18=L0kpvZkyOQQSRnN32DtidrAJqi2KgDJFg6J2gAcCMpawClr/IgHmgAIuw/KUMBoavoJ0AB
19=KmgAMIQCOfACBZKb2YyTxcjUIis6n6rwKkABKmgALawBJ2gAM6wBoAokYCYzQAEgGGgANh
20=sCpa/yOWgAJ1wDRzWzvO888AKoOTBcA0wHqAMgP5QHLdgILVwDJxgCM4QCJ+QFtAZL/665
21=9VzjA3R7tlRYgrSoBq64/7O+/qGr6LxcKmgAvF8gA2gAA32Dtl9ff6AKMNQAOWgAJxgCMN
22=QAJ2gAKoQCNvACU4+zvv6wF0AZArO+/qq0fxqapOZY5SpoAFwpOWgAJ6wBLUABbKngJSAS
23=aAAzGAKsDTNoACeEAjCsASdoADBcA7AFvDUwoAS02FAjUPugJTa8BifkBTlQBi1oAEBAIB
24=LUACoYArQhLfACtBW8GqS/BqWv8pKb2UpOcrzIoJ2qA6m0eLItagDI1CJsTSAEagCDtlAF
25=oApAASQ0VcwNLGgARCkzQAEzGAJEjCfQNyrwAlAFqANAASTMTc4Nf6pyTbn1JFg6ICdoAD
26=msATlpAK4gLxgCOUABORgCqgPI1CLAIDPkBS68BiO4KDQoByAVaAA7AAhEOKQUQAEwvAao
27=A7DFJPBQA5qk5oyTxUCRA5qi2FRYgqgDJDRSJ2sApKzcKmgAQJo/awDI1P5XBlthjydAAS
28=3UADloACqsAWw0MoQCOfACVM8iSmKi2DBcAzNoACdgGifUALM1VFiCIDBoALQhMxgCOWgA
29=ORgCMNQAJ/ACJ2gANgwFIAaUB6g5KlAGIAkoByAzlAcnbBck/CAkYDJXmWJomChyH7zvMN
30=hZpQKzMmgAWNBYdqzQQAqwqiQEYTBoAKwNSBuoAzNAAagJJ2sAuML0tAYnhAIq8AIDoavo
31=YmiYKlwDJNRFJ5hgIA9oADlAASBmaQCfI4BmM1wDMIQCoDcnDAUn1AAneAWgnbw1J7AAtD
32=MqaACkAqgzIA+UB1gKSAC0Bqg5oEBYrCcYAie0YjmVB2YsSGInbVmhIwBNTKYkH1t4dZtO
33=DbO+IhR1SAMnLEgkIGMgQmgAuxBscZ42hAInPGUgEmBcUF851AAgRWgAJ1wDNsRnJ+heJ1
34=AGJ8gDJ2gABZqi2LjC9H2DEQAAPQkAIAAQtmxxnrvH/a659aWv8pqk5mZtoKSs3LjC9H2D
35=tmxxnsjU/qsDoavoMGgAA7O+/qm09CdrALvH/SfUACdoAANscZ6krNyoAwZ4dZvI1P64wv
36=S0BipoAKwNM9QAM2gAIAOEAipcAwzI1P67x/2zvv6CishKTnJMHKcCu8f9SBKsASB7aAAq
37=8wKaotijFrO+/icgAAN8hcRKTnIg52gAMygHTyi7x/0zaAC4KCBFaAA5GAJIAyeICiooBw
38=aqs+W7x/2hq+ivbWxxnkAZD6qz5XR4qKqz5cjU/qWv8qWv8kBqOWsAdHioJ9cAs7zvtAZQ
39=CFQGA3R4qMjU/kwBTAQ5aAAtrAFQBSdAAS1oAC0YAi3wAgO4wvSkrNywFwO7x/2fqvAnXA
40=OrA2xxnjDIAzlrALvH/UAKIHvUAD/wArchyNT+IAOUByq8Bi3kBSpQBqs5qbT0RDstlAe0
41=BjloACdECSAGrAEwvAawMgN0eKh9f6q8a1hbX624wvS/QVRYgipoAF+wuML0pCAwaABAB6
42=tUW2GPLdQAK2oAg7ZcCLgNJxQATBM21wChq+gtrAFUCTaEAjZqALO+cMsz1AAg0mgAIEiU
43=B6ANIBuUBzOwCS2UByS0IAa4wvSaotiTmsgnRyR9g7ZA7khLTKAnaAACs7zvqbQi7CSoA0
44=RWKGgAI7MkiI6xJ2sApKzcoAokRCQzaAAkRCQqaAAoQAEsrAEqGAIkzCYzhAIk6CWoA0AQ
45=KlwDA6m09J+q8DZrAKGr6CAPawCuufUgEtQAPIQCIC1AATmEAioMBSQEKyfkBVQGKpQHKu
46=QFMLwGTAcgG5QHOawBKoQCLRwKJwwFA6Gr6LO870ixA3R7tlRYgqyUsJInaAADfYO2W2GP
47=WF5IaagDVMOkBTZrAMjU/iASaAAkFDAqrwGzvv6wUCdoAL8Orrn1RCknhAIq8AIgAAloAE
48=g5rCioKi28BjloAFxZoEAgJ5QHoAq8ULgQqBJEFCQkIKgDKpQHqANAUkAEBqm09JKb2UpO
49=crz+qJa0/AOuufWaothoA5z+XFwkZDe0tCpoALwFtAC0Bnz+lAawArQAP2gAJ6wBvAW0AL
50=QGMGgAMPACpBq3AKWv8ipcAyo4GzBoAKANWGQtaAC8Aj9AAS0MBTnUAKgJtAAgJNQAOVwD
51=KhgCNqwBIAMoBzDkBSfUADyXB4iOsScMAqABLSgHOUQJKhwKLfACqAO4vryVA5qk5oyTxb
52=cJVFiCLWgAuAFExUyjrAFEYgOzvv6apOa4AawTtABMZ7imIAxoADlDAa659bcejJPFqAy0
53=ACT8RDZoAEjMVx6aoti0BrQ8tAAtaAC0CSdECSrUALACtAAw1AC0CbBoIAnUALQJIBLUAK
54=AHLRgCrBAzaAAqXAM2DAW8UDMMBUwKOVAGOZQHTKM2AAgtQAEqRAm8UEjquEZY7jAcCqhU
55=TDoDVFiCX19/JDg2TAokbCCzj2JomFRUpAJQFKABtC0qaAAncAQ/IACkCC2YAERoTNAtUA
56=AgAzgALTQBJzsAs7zvJIwkMBABqDy0AFAyJyAApAVECCeYA7QDvwKuufVYKyqwAEQFqAOw
57=AicUADnUAKwEtAYwhAInQAEtrAEq1ACwCzOEArgEtACoDCdAATCsAaAEVwmzvO8tXAMnaA
58=AgGyAAJ+gBKhABOZQHMEQJJ4wDMB8Ks7zvr1W4wvRf42JomDmxWmwpRFokbFkBuML0riOr
59=MmxyqSf8ICfsNgakrNyqs+WuufWkF18pk5rIJ3AKJIxFqAO0AFB9BoKKyIiOsZOayKQpVC
60=oz+ANcBVgWvxqSm9m8BQKkrNyptCKEREANSACkNVARVFdMDbMFqrPlTARAxLQGBpqi2KGr
61=6KWv8lwFSABTg4yTxaAZJOglQA1IAEwHSIe0Jwl9g7aIjrGMk8WaothcArQGVAAwnAJYfz
62=zUAFwdtCFQHS2EArA4M6wBPIcCkpvZoAS8GieEAjM3BLO871CbKqwBQDRcGqwZM1ADpDKg
63=BCRYNyAklAdQLKgAKkQJQDdMLjZkZDMgY7AITDcgBkRauBm0BicUAEA3SL0DiI6xfX+qVC
64=FaHLO+IjRnJLhVKsoAs74iAFlcOAaapOZ4dZuIjrFIwExDBpKb2ZKb2a64/0worEBfL5Kb
65=2agMRAJ8LAik5qq0/5Oc53yFxKwNrFIJqrT/rrj/prD+n6rwWxB4dZu4QyLIUQK0/4KKyF
66=TPBlthj3R4qIyTxUQUJ9QAA6Os/peg71QMqGO8FFQGCZqk5p+q8JKb2W9tkrwFoFgDhY7S
67=o6z+TA1cFERiRAVICUAWvEFE2gOTnOejrP5MGQOCisiTmshAMUhLVBsgBoQCKqwBtAYgA4
68=QCMFwDRBQzNgSuuCg0BEwNpC9bFouU2kArUCxIAFgZMOQFSGNPB5qk5lAprCggGJQHbEOY
69=vkwusDu4LqwBIAkcClwUUAW0gScAWSosYFyDNtxhtAZIctB9nBFER7NKfX+qrBy4AUBVrs
70=ezvmBMJNBkTC5QSgNDPU14dZskLEsGSk5ygorIoavoSEJMBANiaJhiaJhcJlBETaapI+xy
71=Rgt0eyKscwOapOZ9g7ZATFhMD5qi2H1/qnFphF5YcCglMSglMSJ+XrT/XDIJk5rIb22SP0
72=JhVFiCXAsDZWWJfX+qW1t0eKhDZ3h1m0BMTwGTnOe8CwWqtP+XoO+msCLAREjPA0pOckM9
73=TUQIfGICnOc/QmFQDksPhY7SWD0DW2GPW2GPRBRX2JKb2SRMdgl0eKhvdrFmbaCfqvCoV0
74=QUVAMgBoQCTxOMk8VUAFcSiI6xIAaEArwatCEzrgGuuCg0BFwgtCFMc6wWRwJ8hcRAGQaL
75=lNquuP9lZYlLG6Wv8nKMoti07aQvQCtUObg6RAIgDJQHUDhQOwaaothfX39DPU1URaFYqi
76=lobEw9J/hjsFNEDrBNM4gKJJBBpFm0US2UWCdoDFQDvPIicGEmJEGw+ENqk5rIXBEGiI6x
77=cWmEb22SXC9UMAZeWHBfX39fX38kRCFIRURKX/VscZ6oGF9NeHWbWN8JbHGeKCUxP0Jhb2
78=2SSCcDi5TabHKpWFtWmZOaaFpMKEOgTEdcRC9Gm6OsYExcO0xJCX1/qltQYHFphFtQYEtX
79=TEdcdgac57xZCmVliWxyqVRYglRYgmURAACxDgAgAFNliX1/qnFphGVliXh1m4KKyEpOcl
80=RYglRYgpqk5qWv8nR7tnyFxKq0/2JomF9ff0M9TUpOcm9tkouU2mJomCglMT9CYW9tkl9f
81=f4WO0mZtoFRYgouU2oyTxZqk5qm09IiOsUxHXEwKCXyFxJij9n1/qn2DtkQLABJ9f6pbUG
82=BxaYRbUGAoJTFMR1yTnOeTnOdxaYReWHBlZYlscqm4EAJlZYl9fyAThAIDfX+qiI6xM68B
83=l6DvWBOvDXFphKwNSBgGZWWJkpvZZm2gKl8Di5TavBpkFAuayKGr6K659YyTxUxHXFQkAB
84=+CisimsP6IjrFxaYRvbZJ4dZuMk8VeWHBfX39fX3+qs+WuufV9g7aMk8Wzvv5scZ5fjChD
85=BG9tkkwuA7jC9Jqi2FwCAAxvbZKaotjI1P7I1P6qs+VbYY99g7bI1P67x/27x/2gAQbI1P
86=6hq+hUWIJIG6QCtAMDuML0u8f9qANILQmkrNy7x/2aotiTmshYBAOzvO+lr/JbLkpOckQL
87=KmsAuML0rDSoA1AFQwqzvO9XEqqz5UMTjJPFtCQDmqLYkpvZUBcADFtQYF9ff6Ss3Jqi2H
88=2Dtq659bO+/mJomGJomGVliUwoA31/qnR4qEQ4CTQ3UUM9TXR4qGZtoLRFD19ff6aw/q65
89=9a64/6Gr6JOayEMKQz1NQE8JkpvZk5rImqLYqbT0r0NeWHBLAyglMVxNA5+q8JKb2bRFQC
90=VHET9CYVwCQC4DiI6xbWxxUwWTmshHNV5YcLwyQAoPi5TadHu2pa/yprD+W2GPW2GPsDIM
91=eHWbeHWbW2GPNDdRNDdRVA9TF4WO0kQCVFcJo6z+qbT0prD+mqTmqDkGNjI+bHGei5TapB
92=RwKZRXUA4gNoQCuA1ELCAMrwFscZ4q5AW8GifnBaq0/7A1LeQFIBWXB3h1m1JQuMJgfFQw
93=QAGoVzBECSccCkBhehmDtrBNKhwKJ2gATBMDs7zvu8f9SGZMMaZfs753YKqz5b9cfYO2VD
94=kwaACgZ1gERBEGiI6xiI6xe4OSUIlYQ1wLvF9HUF5YcFQDUyOCishECwOzvv5mbaBDQGVl
95=iVNHbHGesKGgTFBZVyp8hcRYAQJiaJizvm9DkpvZVAm8JgM2Mj5eWHBYpl9Ns77+QKasRg
96=NeWHA2Mj5Hm1RYgldXgorIXH10nwV/qqaw/lRYglNKVFiCsGtQFEIHdHtkI0gDWAFYHwNs
97=cZ59g7aoUVwdtFesXrhYqLFAGUSzDHeAvkM9TVthj6q0/6Wv8qQUBpKb2YKKyCglMaAKpx
98=SfqvAthAJMCiAwhAI8rwGMk8W0IV+zqrT/XLxEcViaoIhLLUpOcirnBWVliVs0rrn1RGJk
99=L4NzNjI+QJEDjJPFdXyIQBwgDJcHdHioVLFMslx3VIFARicIAEhCRFNUSDmwCahUR+NUWI
100=K4BLQGswiptPREL6gYRAJMqSdgF6gYaAOMu1QDKggATOW8qlYAgop8UEydQ6+qs+WkIwN0
101=e7Z4dZtU7bwCSLdYzUzQQGpQOFRCqAOsr1hSuCW49FRmR6STmshI81gTZkR/qlBQR6R9g7
102=ZE7AOhq+hxaYS8C1siKCUxtFe4oLQGUK1iVXiovOOkZUeMmqTmTDFIXQNvdrFvbZK8Ale0
103=n6rwSBW7E0pOcls0ZWWJQOVTBTQ3UVwCuxBbYY9MDVwpRDKkFFCtA4uU2nh1m2YUeKikFK
104=j2rBwthAK3BpKb2SAkhAKsTFwUMK8Bn6rwLq4Be7ZTF0xHXEhaJ+QFfhqDtl/7KCUxJ+QF
105=WMcq5AUDfX+qgorItAwgDJQHUD6kaFgoXDJQ5kv/pKzcKi4JyNR87FgKJ7AJKhwKKIgKnF
106=CoAyS0IKzEsD4Du8f9pKzcXLCoA1heQKBItLgBKrgBtGAGyNT+s7zvfX+qvCZI/wOuuP+z
107=vO9bAT9CYbcVW1BgW6ykrNxYBLT/VACk77waA2ZtoEM9TUoniI5vSUxHXEwoA4WO0oKKnl
108=f2k5rISzBbYY9EYkOFYmiYSN5EKa9DfX+qUP6oBrMymqTmtL24SVuFhY7SrKwDb22SbHGe
109=uP20CVh5VMakFAOSm9l0eKhcxURQQJS0bEg8TENTDjQ3USKoI4g8SBsDKCUxgorIU2hxaY
110=RmMqTmuLVItFMFdHioQI4kcCtIwEAQIDaEAqioRBQksCQ5rAF+U3+qJzQEA19ff4KKyDPk
111=BUTIoCgq5wVMR1xH5n2DtkwoIA+XB3R4qEQ7A19ff4iOsUCCaHsCg7aaotig+idQCS2wCS
112=ocCi2ICkPxVFiCQAokECIk+CokKCtI4VT2VOewCyeUCiqUAbSiJNwrQhNvbSLMIEtUdHio
113=WChEa0ABRJVcOAOkrNxbUGBf7JOayCQIMAE0N1FeI6gvXNcDbHGegorIvEQDi5TabWxxQF
114=5cAgM0N1GgqfysKFRUQApYSSRMNESerExTR6Wv8iKUIoyySPZUTkuKl6DvTKlEZUD0S+qT
115=nOdEZaSnRxRscZ5wTSP7MEpOclT/SCFLM0M9TVyDSAZMOiR8IkNeNjI+IiQ1I/QlTIJAak
116=QXUAinFJij9qcUk5znTH9cKVBrT8pvdrEnhAIEoavorrj/fSA+hwJxaYRUojOsAVQnKjUE
117=mpRsXBdMLkQdTDRQICQIMCdfA5+q8ETCQ3Ohq+hELFxcuAR23n+qWARgcyNMNyAJlAdUn0
118=DTTAdILURoTI5cOETXoE+wUEBMJ7MJu8f9LRwKTFsnQAqoA0hvQ7i4wvQk4CdUV0etqbT0
119=VEVUPC1oAFALqABEDnQbAoO2goqeTKxXk2VliazxWO7RSrgifCVAnVBWsEEiEC4j/DK0V1
120=idJCglTHlLTm92sVwvtNJYAVObl6DvJDQiuGG4l0wfUFxEjKQOIsoktP9IRVwFQK9HCzYy
121=PqiuA5qi2Kaw/qgAVAYn9Aq0UVA4A6Os/kpOckcgjJPFpBRQtk/BTEdcuAGkFEyFWOtHCG
122=xyqUSPWK+4AUcOk5znSDxMryQoIlhwWARLAIuU2lTDphSzvmwQID+EAlguRBonrAEklCI/
123=NAQq5AVchrgBvBokYEEt5AV2t4O2JAxBIA+UBwOapOaaothMIkCaQy50e7ZEPkYCuMJzTa
124=qz5UhLIAYcClyVA6Wv8qGr6FhVXFlECLhwWFWkAlACVAmsASpoALACXAIkKyWkrNy8eqzB
125=WDpNqZoj90mfqvAkeyB4dZtAAUhvqLRYASQ8KVQ8uJ1MGVyqS+2Mk8W4c1gBTK9imqLYXD
126=JXWqm09FQzXKSghUghVBJUAAaapOamsP5scqm3CUxHXCREIVwsJPRAJDRAqIdMTySQLAaS
127=m9mYo/aXoO9ADUCmoMdggiNUILM4W1BgrApQ8lhSRAVIGyQwOExeWAFEFFBWQA1UHgN8hc
128=Slr/KwvKi0YFuQ41oWo6wrhAJclUQXQActhwJUWIIgG4QCREE5rAFAKAKqtP+qtCL0Rkgb
129=rA28GifkBSdcA10jmizkBUhOSwaLlNpYmlwFSCEgDJQHs5iqs+UkMCBIpURNJ7wVJ1AJTJ
130=FYOiQcTExMRPu8UFQAM4gKrF6kWVCtVAxECFQMRCwnaABYAUgDUMUtaAC4AVRpRMu0QiRP
131=TKm09Fw4XIBcPlhGvXdsI0Q/VNgijkuDtlwjUFak+CSAUURBIsg2IwBNXHpyUKLYQKNHBa
132=qz5UD6S/N0e7Z6BKTmUwJiaJhc+Cf0CqWqkyMcTEgDAouU2q64cDVINqBYJPQxBlthj4WO
133=0qCp/EAEWF4k2EFYEFQDQDS/C5uk9ESnUAt4EIgVQAqsUlwOULMDbHGefIXESCS3BoWO0k
134=r2m6R0HgNvdrGLlNpcblBTRCNMMS2EAkzlSBhACkAQICeEAlDRPKwBWxazvv5IIagArGew
135=F6xSVBVq+XioXFlcGkBhXFNABExATPSkL7w4SANQF1/prrn1IAaUB1AyJCAtvPVUfkAuRA
136=tIACTYSkQOrAFMDSewCTBoAEBnRC+oVFRgZkp/qieQC6RcM5RYrAQtaABLZrjC9FBodBIj
137=1DZEC1BWqABAZyTURVBcWB9UJFwjrAFEICTEQ0gqqANIY0QCSAC0BkABSANUJ1hwqANOQK
138=64Im9Ku8f9UD6oA7gNIpI4vv6oBjBrAK64/6sAqrT/WEZDCmxyqVgEWAFbE6aw/lxiTDrC
139=CnKprAFIS0xbQARQC7QGXGgiClS4/1ACSAOsCqgDoApTGqq0/0TORBdQC8oDcZ5cBbAFP4
140=QCJ68BbHKpsAhMByAJhAInNARcCDmsATBoACq8ALQDtCGkL0BzJDApqDNYHFzOSAO4AbQA
141=J0g1MJcHyNT+cNojsEJUVFgHJPA7A6Ss3LO87y1ECVQJUFC8SidIYlhGuE+0AyRgLERZTA
142=1UOVhPLfxBIoAqI5wyLbdis7zvpKe0BkwKQBBWCXuDIttloavoVHJQj0hURGiqq8jUIkhW
143=JAxotAZIBiTXIbvH/URHVFdQGqgDJEw3XJWrA5Oc56gDSB4naABYOqiHJCQpWLVAdkeGfI
144=XETFIqaABciagDZsK4/zNoACQIWqgDA2xyqT9CYbQGQa98KUABKmgALawBIAloADkYAipo
145=AC1AASAVhwJ9g7YtoAS8GrAXLWgAWyuptPRcoawNQHAw5AVIxrAyJ7wGVwazvO85lAcnMF
146=Co8ySMNicsVEhUvEcnRAktsAkkcCu49zBoAExqTBxUACQoN1ALUFlIUURcQHCkXy1oAHgN
147=IyBjVAYk0yKzvO9UGKyvQAFcFEwKeKMCufV0eKhACrdyqbT0pCYkMHEqaAAk7CdMB6gDJB
148=xzXgWuuHyYWE+g1lsrbHKpWPdEAkebm6T0RF+rA6Wv8ljcA0pOcp+q8ESVA5eg756m+Eif
149=SGZQC0ymKmgAXPsgxmgATB9PxJuk9LQhJPRAoCWsKFRUJwwFJ3gFNuQFSDlIAyR4aCImJq
150=LYXAtIiiooB6AESIGoOSdoAFyMQENIAFAIBj9CYWVliZOayCSoICewCauxu8f9IAMcCifU
151=AAPI1P67x/0RAABIDAAgAAOptPSSm9lKTnJ9f6rI1P64wvSaothAAQTI1P6ptPSSKWgAsA
152=K0AAAbuML0u8f9pKzcfYO2rrn1iI6xXlhwk5rIu8f9oavojJPFSk5ydHiouML0qbT0vAID
153=s77+n6rwJ2sAu8f9JwgAA664/5qk5iprALO+/ksAu8f9qAMACYKKyD9CYWxyqbO+/q64/6
154=64/7O+/qq0/5Oc5zNrAKaw/ipoAFMIqrT/XAVYByAPaACsDTDUACcYAjBoACAVrAEgMEAB
155=JxgCQB8qNARQILAaNngFpC9ELDZQBi0oBzaUBwl9g7aMk8VeWHBMR1xcQQxMR1xvbZJvbZ
156=JxaYSkrNygSbQAWEYtsAknHAowaAAMs7zvmqLYk5rIyNT+rrn1UDu8FAa7x/2aothUWIIn
157=aAAnCAO0DAPI1P67x/0qLwB0eKhAWANeWHBvbZJMCga7x/2lr/Klr/JbXoKKyEANAAOSm9
158=lUWIKMk8W7x/2fqvCfqvCLlNppA75oCUAlsCknawB8hcSwArwCSDAGmqTmm6T0i5TaJ2gA
159=oD2oAwaXoO+FjtJ3gL6wAkwZBqq0/6aw/peg7ydoAEQCvAJAATNoALQDMGgASAyoAC1oAK
160=wNVAlAAS1oALwFtAAgCWgAXAisEEABLdQARAKoAFgNM2gANqwBJ0ABQwSapOYnNAS0CaBY
161=qAMteAW/L664/zNQBkyOtFcoKge87y2UB6BAUD4Jk5rIdHioNjI+ZWWJTFhUS1ACA1tQYI
162=iOsScUCbNKrrn1J7AJMBwKTBktiwpUWIKoqFOnuML0Vwm4wvRfDmJomKgDrFuoA1QDqwCu
163=ufVAELipWK8GdHioX19/cWmESGxcAnh5Arn1pa/yUBG0ZkxPA1thj1RYgqQCRCNYH0gAQA
164=EtCAC8KTloALxZJ/AFoAFMOqAHQDGoACdeAKawYLVMIrwCKhQAJ2gAsAVQIyd0AKgDpgKm
165=sGS8M2gAsAK4BEwQtAYqrAEwaAA2rAEqXAO4CipAATDUAFQDqB4waAC4ECfoAaQFJzgALd
166=QAKvgATDE55AUzaACoBjCXB7O+/icACAAJgorISk5yNjI+W1BgSk5ygorIfYO2eHWbbHGe
167=WLKjT7O87ycAC7BNpAgDYmiYX19/LYgKCbO+/qGr6GJomGZtoEC4RFZHvGxxnqxVA6Wv8q
168=Gr6DBoAKhXD8jU/qqz5X2Dtn1/qoKKnoiOsUwBA2VliW9tklivWFgJqbT0oavodHioYmiY
169=rxCapOZfsGJomKSzNhwESCEqCAC8LC1EACe0BS0gACfEBydcAKQCuAGsAT8UAKg8LcgALf
170=QKKhABJ7wAsAK4ASosAKQCLUABKjgAKiwAJ5gJJ9QAqAkqFAAnaACgAagDsAikArQAvAIw
171=QAEnpAAtIAAqkAUgFSwARJ4qlweptPRMmgNvbZKlr/JYTwMoJTE2Mj6zm31/qlBNBnR7tm
172=92sZKb2UjzRKpQUFdXs7zvSAM5HwpvbZIniwqapOZIBq9JfIXEXGIkuCtEAiRsIEABRIms
173=Z6gDJwALCYyTxYiOsaSs3GVlibwRBl9ff31/qoyTxUAZA6q0/3eAvkAKWBNosSOYKrQJIA
174=lwBCf0Ci2oBS04ACeMBqg2tAOsATMUAC18BzOMACAJUAA5NAE5aAAgCXwBIB6kACc0BLAR
175=uAE8FAAngAYt/AUnXAA2IAC4Crc8qbT0oEAGbHGeSk5yNDdRT6+TmshMpiJ6NYO2XJi8rS
176=dECaAHKrAJRAIqHAotiApHU6qz5Vu+oavosK0BbHGeuyMgNlAOAqqz5cjUaLQzaABbCrjC
177=9FCwV65fX38kKC4Gi5Tal6Dvn6rwW3Caotivu6659awBQBZcETbsAzlcALgosCO4BKwBJ9
178=wKuAEnFAAqxAe0NipEADAsADmMADloADAcATZEACcQAaQUuAQnUAC4ASAPFAAgBvgApA48
179=FAAnSAWgAS0UALAvJGAjLWgAKjoAqbQipD9666TmXAIJk5znmqLYZm2gP0JhSK4DVFiCeH
180=WbuPQJNDdRhY7SpKzcpKzcKrAJLR8KuML0TAS8UDZrAHR4qCf4FaBSpwVUWIIk/EFcTagA
181=JO8hoavoKmsAs7zvTL4PiI6xeHWbZWWJbHKpn6rwk5znrCsDrrj/qbT0TQGSI9dCbHKpSA
182=lIGyAGCAA8zAW0AyfQByo4ADmsHye8AC0gAAOgqfygqfwnOAwtdAAtOAAgHqwBanuk5qTU
183=LWQBOTgAKtQASCoqpAAtOAC0GCeAAC00BLAXrFInLACgASdcBqAKJzgAIAMgAEgGKpQHWA
184=EOqrT/pa/yZWWJW1Bgb22Sgooi7DZMBAY0N1FfX3+krNwn5BQqRAlERDYcClgQVwOzvO8i
185=QDcCpOZUWIJUulhPVKhI/CSQQSTXKn2Dtj9oACQEIk8HdXyIJLRBBWZtoJKb2aawIsQuAo
186=yTxYKKIvRMvFlYZCcgIVgQrHmsKLgBtwCuuP9cGlh2Aqaw/qOsIrg0oCukBScsAC0gAEQ1
187=WLtIGAOjrP6epvgtvAZUA0A6M1AABqq0/6Os/pOayFQVuENQCEDcsG6gBy0UAFwIMKwBUA
188=ItmAAtOAC0OVAasCNIV1gNSTmamFi0A1AUvBot7AAz1AAtjAAnOACoCVALUBQkk0GSm9lY
189=iyeEAqgMLRQAuDFY+kgGJJBBJGRAuC6oMzwUACeUBwM/QmGaothIsUgqBWVliWZtoF5YIj
190=NKdHu2XEEGZWWJKCUxfYO2JMAgA6659aGr6CADsAlYTFglTAokFFe0Bk2priObQnR7tli7
191=oFuvFqGr6FgBQLioA6yvsAWoA7RXsCMGeHWbk5rIX19/JBxMBqWv8mxyqUpOcrhAUDUkvF
192=FgByO0VrglLUAERCwGmqTmiI6xgoqeJDw4J7wALbQFKjsApa/yIyRTAZ57g5K0Bkw3JzQH
193=JyAArEAnOABIRVgNtABYE1wOTFgGe4OScHd7eYCBTxmfqvCgBCrLAKCp/DmsATCIASfsAC
194=orAZ6m+KwNoBY2rAGsHCcEAS3UAKB8tAMqcAEi5FkCmsh5gIFXGHuDkls9k5rIRFlEHSpA
195=AbBcpAKvAZKb2agGtAZLBpqi2Lg0uAQtsAYqOACkCFgoJ5QHV1dscqlQqlivJFA/VEtIAA
196=NDPU1bYY9YH0ymsP4qRAknsAlATyS4NCR4QVsBs77+vFBMAWgDkFZIsSR4VkBbIjotf6qo
197=AySMKi1oALgNQLugZ1wIJDxZBnR7tqm09H1/qlRsWyWzvv5cRyQHYXR4qCTYQSJsRCN8Ya
198=hjMEAEYh+ayLhPJ1gHJCBasAUwFABHMqaw/kQOV06IjrEn1ABIJ7g6IAkUAEJAgop8XwN7
199=g5J5gIFQlVgKRDgqBAE8rAEn6ApICSrUALAUtAOoA3hthB05rAEqBAEt1AC0XVgTWMS40y
200=ewAFzIRAJUTqxwsIBAKyoQCqRNKjAFvwuapOasXkwfUCmwUyqYACosALQDKhYArrkijFRU
201=EqwNKAIIe7ZUCQFbUGBML7RiJxxApEotsAk5HAqoA0RWWA2osUQ+sMWgUiRwYagDXB1Iky
202=QgV7RdvLCsAVNibHKpq1dlZYlIKiofW3yFxEQLAYuU2kojoE98DoxYJ+ADKkwEVEWoSK9Y
203=iI6xTAe0ISqYAKwBJ8gGtAa8hkcvjJPFROAndACoM7gBqEisAS0UAEAcUCy4SbRXpIm4BC
204=cQAUQmA4KKnnV8iL9lmqTmJ2gAMHABNmsAoKn8SBugFrwILawBoActQAGkFFwjbKkCpOaf
205=qvAn1AAnpwCjrP4ncAGoV1w7qBhQOKABtAAnOABQKbgHuB+nL5OayCqQEawBLSAGJzgAqD
206=lENSeUB0cCm6T0JyBjA4yTxWxyqSS3Yj9CYUwoTEkntGKoV6CjpPVEHVgWMBwKSAwtiApQ
207=uUuou8f9SwOzvv4kMCBcDiRwYbRUJ2gAuFWsZEAQXL9ABLRXT8RlZYlPr3R7trQquCuzBZ
208=Oc51hhTARYjkgbqABcJqwooAG0AEwKJ+cgk5rIXM6sK0SYoASoBqgwswKqtP9cIyQET7QA
209=QzGjrP6gB7wFrgGXoCI8aKhOKocIk5zntEi0D0AQRGJQC7QGJxQApAJAZFwLRAVUSEREJ6
210=QAJ0gCKmQBKuwAuAegTFNEcHd7WAdIAEilsBSgBCccAaABpAgthAK0BrwFuA2sAagGBYiO
211=sXmAgXuDEQAA/A4AIAAEkoiOsZOayJqk5p+q8J+q8Kaw/qq0/6sArrj/qgCqtMABAA6Ijr
212=F5gIGCip6IjrGaotifqvClr/Klr/KuuP+zvv6uuGAHJxQArAe0ALQDD6Wv8pOc51RYglRY
213=gqm09K64/6QIAA+uuP98hcRKTnI2Mj5bUGBKTnJ9g7Z9f6pvbZJiaJiCishwBQi59am09L
214=vH/bvH/UABAAKzvv7I1P6zvv6fqvBbYY9UWIK4wnQDJ2sArrn1qAMMZm2gmqLYs7zvdHu2
215=b22SuAcDn6rwmqTmJ2oAfYPIA7wLDMjU/qqz5X2DtnR4qH1/qlQDAAN3gL5bYY9vbZJeWH
216=BKTnKXoO+hq+hXA2VliawQBpOc55Kb2Vthj1QAsB2gHy00BAyzvv6hq+h7g5Jwd3uCip4n
217=CAAFiI6xk5rIprDMKKAutAC8CE4BprBwHbQAXAUABnuDknV8iIiOsYiOsYyTxYyTxZOc56
218=Cp/EAQXAuzApqi2KAEvAUDmqLYoavoXDVADSoIALg9qAysAQOmsP6lr/JTKZOayKgJqwyM
219=k8WsFlcMi5TaWCi0BifbCKOs/kwQBpqk5oKKnnmAgVxEXwWaoti4CjAXAJqk5jOEAktFo6
220=z+J5ACJ+AAoA1EVlgKvFADk5rIpa/yvAhcAqwNLdgFUBREArQhtAZIIQOptPShq+hHI5Oa
221=yEAHJ18AkpvZSCS4LioUAFhJtDxMUqwEA3R4qGJomEBnBl9ffyglMSglMVtDgorIQENMRg
222=lvdrFscqmSm9muufVAIgaapOa7x/2uufVoAzUcCjCICqBSJ4AMRFlGArO+ZF9cX2AK7GdU
223=G6QCQAQDu8f9jJPFUC9TdF9ff3wRAn+qX19/U1mFjtKwbkwNAz9CYYuU2lhVvCxAASq8Ay
224=csACdcAFQwvCywgLQAA4KKnpOayHpPmshABKgAVC2gAUQvsAsnIwCfqvBAEyf4BqABtAC/
225=AnuDklgBRBekBbcMiI6xVDwnEAGsCrQAoA2sAScUALACpAikO1wUBnuDknmAgXmAgasMoa
226=voLUABtAZMQ6wEvAVLG4uU2liFKnABCaaw/qOs/pKb2XB3e7xcLYYCo6xgBCrIAKwNpGi0
227=aaATJ/gJqAOsaifwBaQpvFOkBbxxWD2oV7QGoASkESf0CkQOKhwBshGzvmS8CZ+q8HR7tk
228=pOcmxxnlQAAzQ3UTYyPkgJWGdYAUgDA5qi2K659a9Ju8f9qEszHAqsBDNoAAOkrNy7x/2w
229=XwxiaJhscZ64wvSapOZscZ4qawBmbaAwaAAJrrn1pKzcX19/XlhwoMEJhY7Sk5znm6T0kp
230=vZXI9QrQJiaJiptHgBSHJIYyegCifXA6q0/ycEE1A1oEwGmqLYpKzcmqLYsNdYQFQeSE5Y
231=CmoVothsH4zZpCasjrQAREQDmqTmoavoVH5gggKayIKKnrwISDBER6gDTEasTFgKtDwnKA
232=EtIABAClg0LVAAJzgAoBNYFqwTsHqoDCeMAKABsAi0ALj0tFewRCr0Cl8Fnqb4V7SSm9m8
233=XC2EAifoCicEFqgnWE+ky1QSsyChq+h2J6TmtHVEICe8A6AEXCAq1AC8BazQvC9IG1QJWD
234=QntAIn7AYqIABMf0QgVDx6qbj/TAFAAQZmbaA/QmFeWHBX/3h1myTMIAM0N1GCisioPHJN
235=otggA7AJfj6k5qtUs7zvWAdXBnR4qExbsK1qS7n1TGdUVwNUWIJ0eKhEYqgDbgS87y1oAC
236=SYIUgbTCtPE2VliUdcmKP2RIlQHUqHqrQi8CNMAUQCR25scZ5oDCbEJUwfXE2wrSfgElg6
237=IiAk7ASkRyd/EHuDkqgASDC4GUA9qAC0QicsACc4AFOAjJPFvAIqFABYB1AIKggARDu4Da
238=wHrAGoBrBEtABMFqsDoKn8J4gTKgAXtBWwCC3IAAOqtP+gqfxcQUQmUFasGUSSsAWsDbQA
239=JIwhSFEnEyWMk8VQcSdAASogAKwZJzAOJJQlJ5wCoAoktCOwNbQPvFawEVwvVAZEMioIAL
240=scqbT0pFO8CyQoIkAWKqQATAFQxSqUB7AOVPBUQgZMR1xlZYmCishAQAaLlNo0N1FfX3+4
241=iKSnMLMJrrn1Yluk5i1oAHxHKYsKSk5yaqK877fzu8f9SBUCmqTmfYN4vlmvs+oDyNQisC
242=cqawDI1P5kTQW59Xh1m3FphFhtBmJomIuU2qCp/Fx9VxV8hcSgXgaSm9l0eKg/QmFAsmAQ
243=kFNQI7t/mqTmWH+oALTSSAMtCAAkFDAkuCiwPrwFrDSsJSdAB7gBtAC8CLCVKhQAQAcn3A
244=FEICf8F0xJSDxcQVgZVIdMoAOYo/agqfysB6wKtwCXoO+gOrwRWEBAB1g6tAMqFACwAlQD
245=XCADjJPFeYCB1AyQyKj5KrwArAFEF6SqpAtPEJuk9FBELZgDvlyjrCLYL7QYUBekDrwIJx
246=QAQApIAyfoCqwQTHZIeKxJQAQnCAAnDA6kL8YLotgkZDG0A1BWoAFUBkQLVBsnlAdT3YWO
247=0ldUYmiYq/NvdrFcQQZbYY8oJTF9f6pAoyAMsAknHAoo1gB/qlAOA6qz5a659VMLVFiCQA
248=FcTVSlVACrA7O+/ipoAHpVuP9VTqkjkDgJpa/yjJPFfYO2eHWbQJFHZXyFxLwdA2ZtoEpO
249=clRRQy6bpPRIsQOSm9mfqvAnvANIHlMsrrj/JIAwrAGwAicUACd8BCeEKbzXoC6qCaawIv
250=wyLUwHJ1AAtE4qFAAqagCmsCIYNUwTq8Bwd3tIALRFJ6ABegGk5rQGTBmoCaABBoiOsXV8
251=iHV8iFCkJHs1oKn8J6QAJyAAXAtMYahvRBdIAFCApCO8CDbwAicEAaxGJNxAoBAqFAC4Ky
252=ewAKgDpAuwArwpsAi4EKAWJOw5SDkngACgASoUACcIBqA0WFJEF6QvKpgAUA64EEQdJJRD
253=QEAJVFiCm6T0fYO2X19/JDtCQz1NTAFIRUCjYfq+YKBcCLBNWE8qsAkqHAotaAC8UKQISN
254=K4vgN0eKi4wvQkpCowaABEAqgAoGdkCAK59Zqi2ERuTMQDfX+qXlhwRHpQDgmTnOeCisg/
255=QmFscqlUCVM1hY7SuB8nFABMFqgAKnwEpAK0AKgkJPgqRD6021gNqN5cCKgzMxQAUCkqSA
256=gqOACsAbQDtACgPUgqUBdQL0yIJPgqKjwgrAQnrAGgB1wmqMBYWLCYbhOc57g3dgOc50sh
257=mKP2WASgtaifvAikEaQLoAoqXABQrSdQACcgACewAKwHtAAq1ACkArQAvAK0zFARUAJQEa
258=AQUyl7g5KkLCckBScgAEgGqDAwFAA2sAYqlAdQFIANYEAJdHu2fYO2W1BgQz1NVJkGP0Jh
259=ZWWJb22SUPVI3rhJJNQ2JHhKJxwKJFwqUPVMBC1oACeIClQtq7Glr/JDN4KKyFSuWDdEZS
260=doAEwZqANcCKgAQGEnPCxMAST8LANeWHBlZYlU7UyvA5eg75eg70/Hd4C+V3WFjtJEF0DH
261=UAswQAQzRABQCLyttIRX85OayCQ0MSqQBUAlKmQHuAFYNCcIACcEB6QCM0gIqAO/CKOs/k
262=hXJLQpVK6sPbQGoASgCirLAKCp/EgVJJA1VxVwd3tXFYuU2kAoQAEnCAAkxCio/LgHJ7QC
263=rAonOAAndAAtRAC8AicUADZ0ALQJuARcoSdIAlybUEFYAbjEQIJEArAvqAasASp4BawBJ1
264=wAOSAAKpQHTDcnAAgBfIXEgiPEKwM2Mj5fX38kGEpbTFtQYEh+uEm2ALO+ImgqJ7IJuMIi
265=sD8qHAoniApITqlUVCa0IHrBufUkKyuapOYklFhYBKwKJHBDRFagDSRYK1QzJBMrbHKpqF
266=dLVG92sbh8XBdAASfXDFRYglQDTN8nvA+kI1QVMEwEvDJcQVBHoElqLaLYQH+8LDMUALw1
267=KhQAuAQnZyigqfwqCAAnpAAqUACo/6uleYCBJFQgXFlEPicMCyfgAC0gAIx8IrRfvAUkKD
268=GguESzSNItvAA/OAC8IDyYALQSqBikBSrUAyT8R7wRJMwgrAFYGagAuAcnFAasBycUAKw0
269=KoAGJ6QALVAATD1AdieXB6aw/qBAQAEMd4C+Sk5yKCUxTEdcTEdcJKRgJJBKA3yFxKGr6C
270=RgOEhLKrAJsLm9ULMjxECoVKyyq1RiaJhM8QOptPR0e7ZMAbywSHJAMVgBImJKufUnaABc
271=C6gATKADfX+qeHWbVABxEXsiYCMBZWWJXiO0YlTGUAsMbHGeW2GPqrT/l6Dvi5TaSABbAY
272=uU2rRXvCMtBAQnZARXnJ6m+FwIoC5MWEgtvEqgBzAUACfgBicgAKwEsAgDgoqejJPFSMBA
273=E7BZKrgHKiwAuAdTBXV8iCfwVlgBQAegPbgHuAQtFACkmySEIKgGU+OTmsiks7AFLawBUB
274=pEHSdkAawEKhQAPGgAMDQBKuwATAFMr1YAo6x4mkA9JFxOTxmjrP4kqC8k3C4qWEakVics
275=BrgBKqQGKiwAsCxJVJcslAdLDGxxnkzxJPxKJLRiJKNtbHKpTEZHnmZtoFQkpKpAJX7ys+
276=UnsAkk9EBYNygcCiP4Y6RcqFRVUbMj5CygZFwvJIdirrj/qANYTyprALvH/Ui6Qg2CiiKY
277=aUAiJLdidHioS1d0eKhQwgObpPSepvhTsD9CYUBGJJhIWDS8VifsA6AfuAGsAVBWoAGpJ5
278=IjrF6gTyRQKid0AKABvDI2FABHDp6m+F8jbWxxJ9RUVCq4T7w+JxQAJxABTElHPouU2lS9
279=J+wMJ9QAVAOoBie8AKABKqwBu7V7g5K4GSq4AawBqAasAa+jk5znRAsnXACoA0QCJ6wBoA
280=EtJAuwDipQAKwBtACwCCcsACcwArQMRCy0V6SDJIRitCogCRQArApICaRcsBSozAObpPRv
281=drFU7UhUVAAntGJUolgBSFRRO6kj4D9YTKgAUEotsAlI7ScfCqm09CocCqxJrF5EWUgAU1
282=xmbaAi5m6i2FMOpKzcQApcAkgAqAMklFgiBnmk5qxetFck2CAkTE9dPpcpGw5bYY+sykAB
283=JEgssCO8HSfoCiccBLQDJxQAWEZEy0gAQQ2CI9BtWB9IAFDCrASsMSoUACe8BlsQmKP2VF
284=e4iweCip6Mk8WjrP6gEQAAxg0AIASp/KCp/KCpNwgAD5uk9J6m+KCp/Jqk5pKb2ZKb2S2z
285=AKOs/idEAKwBAAOXoO+Yo/aMk8Vwd3t1fIiCip6Mk8WoAy2kACc4AAmgqfyepviepvibpP
286=RLDIiOsUsGk5rIKoMAoKn8KhABtBIngAAnawCjrP4gEggAAAOmsP6aotihq+ihq+iaotiC
287=ip6Tmsi8HQOaotimsP4wCAAFqrT/qrT/prB4DSp0AAyqtP+fqvCLlNpbYY+Sm9lABEwBAA
288=yLlNpiaJg/QmFKTnJKTnJscZ59f6p0eKg0N1F8hcREDgKaotizvmwQA2ZtoKSs3G4BpOZM
289=LgZiaJhmbaCzvO9YEANmbaCapOYtawCuufWoAwVscqm7x/2uuHQSD7O+/qm09LO+/pOc51
290=RYgnR4qKgDBq64/7O+/q659bAIJ2gABrO+/qWv8pKb2VQSTxNlZYlQDgaTnOeFjtKjrP5c
291=MkgqDpuk9KOs/oWO0kpOcmZtoK64bB8n4AOgBFRFRCmkI7AjoARQCKABVyGjrP5TO3uDkl
292=Mse4OSTAGkC0QIqACsBCdAB6g8TBADe4OScHd7oweIjrFMK6xGoAQnCAkqUABHC5uk9KAE
293=LUABKjgJKsgAXAIDm6T0dXyIMKwBSAOkFKAKKsQBSANMDVQ8DIKKnnV8iHuDknuDkpeg71
294=wCqAYnFAC0BkAloFi0AKAKTBwDk5znkpvZSAm8BbwCKiwAKkABJ6AEoAQnhAVIKqAQpCxM
295=DagDpDK0MyrsALQDJxcAoKn8J5cHqrT/oBYOmKP2X19/TEdcZWWJfYO2bHFwegk2Mj5UWI
296=KSm9mhq+gtRAlYQ7BNMx4KqrR/UKm09EwESB6wYlhYA6659YyTxVwXCbvH/Z+q8Jqk5nR7
297=tlQDqwOTmsioA0xVKmgADLvH/aWv8qm09Hh1m3FphFh2BmJomIWO0pij9lgEA3yFxH2Dtq
298=ANCYuU2mxxnj9CYYuU2rQhVx6epviwDkQvXGWvAaWv8kgDMAgAVCcDmqTmiI6xvFBUhFB0
299=CZKb2YyTxZqk5p6m+KwxJxQApjimsG1edZOho6z+qJxUALQDpCywULQApAKsPSeMADAgAL
300=AFtAAndAC8azmsAbALtAYnFAC0EgN7g5JtbHFQX6ewhY7SXBq4IqwcBpeg75Oc55ij9ifg
301=ALwOQB9QVlS3QJRQLLQGsCC0GLRvpAIqFAAndACwAlhSUwiCip60b7wIQDpIALyzSKWjf5
302=ij9ifsALg0pwiTnOdAECeUB1RIAA+CishfX39bYY9KTnJlZYlscql9g7ZbYY8oJTF0eKjI
303=1P4wswmzvO+4QDBoAC2ICkBGVKsDk5znoavoSAMDbHKpVFiCr16msP5XsZqk5kxJBq659W
304=92sVRYgqyvQFijSaqz5bRXBoyTxX1/qnh1m1wOWLIMfIXEprD+l6DvYmiYSk5ys5iXoO9f
305=LIuU2kABQCW/HaCp/EwctDMnhBRUMCrIFUQRqABIBkdfgoqeqABUaVglTFhALgOIjrGIjr
306=FcC0wELQsAl6DvXK2oBqBDTD2gOlwFTAFEjLxBsEEngAknIAC0AyqsEydoACfIACdDAYuU
307=2qCXMKwBJxwBoAEn7ABMiKgGu0Zwd3urAHmAgUtadXyISFqrA31/qrxupAgqFABIOVQwA3
308=V8iHmAgSTQIi3AAie8CSfcASqgBLACWCioD6wxqw+Cip5MCkxYoAFLEn2DtliFsDi0AKsJ
309=nqb4UDtXKouU2kgzTGGgQAaXoO90e7ZfX39QoV9BQz1NUERIRQGkrNy7kP5MTETvT5Gqs+
310=UnsAkzHAoniApIolR+qLG0t7i+XFkk/CBAfwa7x/2zvv6fqvAnaACmArO+d2a7x/1suCMH
311=InR4qFgEBn1/qltQYIKKyFgZQFUId4C+P0JhZm2go6xwWbwCKrwDtFRAWLg3JDwgQCVAGQ
312=GSm9mX4OhIIbiORFagr6RWpMJUsaxYVAOkBbs6k5znXJWo4U8ljJPFVDOwXKAEPxQARD6s
313=W7A7KrwAJwALSxiepvhMFqAWqEiwDlAUMOAAsAi8AjaEArQVtACvFpOayKxwqIGwCCoUAE
314=REWB9cDkghp9SMk8UnAAWwa1gZJyAArAFYNKgAuBlcTUiHRAiwfaABrApUZrxxvBG8TawH
315=tgCmsCIgMIVxyKwBJwMIb3axaK4ABVBgQz1NSk5yP0JhZWWJZWWJcWmEk5rIREonCACwTV
316=u+Sk5yULMCuML0qbQiRDBcTTCICgGlr/KLbIVnCJ+q8FRIVDADgorIrrn1XKGgZKC4XK1H
317=AnyFxCegAbywuAoDqbT0bHGeWF4GW1BgX19/i5TaSFSgSUfgdHu2XzuCishHF3eAvlxlJ7
318=wDSD+wbkgkuFJMNEwQvC9MAbRaJBw0rARQUKg/rItEfbynTG1YgrDvtFqk+FiIXAgDmqTm
319=n6rwrDQq0AcqLABAQ0ziqPOsCip3AJij9qRZtAAnawCTnOesoyTXKnV8iFRIuAdMZy2wAC
320=rUAFQVJ8gAYnCc50AQMIQCA4uU2nV8iFgcUCa4CicQAaABtyGXoO9ERCf4D1RITCioA6wK
321=JywAoAFUCSckC6ABsAukMqQCoAdcVirIAKAHMBQAVO1cRyqUBycACFA+UEpQmAM2Mj5fX3
322=8k9ChLmVtQYEwWJ0QJQAG0V7BNQAREVlROKhwKSAxYQ1QJJ4gKJ7QgJAQrpKpPcFthjyq0
323=IES5vAukVl4IgooiMCxfCKq0/0wTUFO3w2xyqaTIrItUA0wrW1hUWIJAx0A6JycgoKn8VE
324=5AzUxSTEyofirMEaR9tACg4rx6vCknABFAAaCFvIOsCrTtTApYAVAyrD0tFACoNgaYo/aX
325=oO+XoO9ME1xEsAKkBawBLRQAJ2gASAao9lhPtFFIV6wNoGEnQAGoBrALKtQAJLA2WB9IGF
326=RXrGQnuAG0BlwFpAK4AaQLJ/AOtNJXAIiOsaz9WHY2yAMn3AQzIAAn0AowcAonRABcFC2Y
327=AESVpAItlAdEBUBYRBcAA6Os/nR7tkxHXCglMUxHXExHXH2DtlD1DG9tkmJomHyFxKGr6K
328=m09EypqEsgAxwKTLKoVANiaJiSm9lcpwN0e7ZiaJgkGEGs90sDmqLYJ2gAtFdUAEdcoavo
329=JKwrA31/qn1/qiRgLAZlZYlbUGBMR1xDUpOc50haSGC0GAOLlNqFjtJbAYWO0ie8AyRISk
330=NhmqTmXMUnhBS0fkAHTNmwVkS2XCBcOydoACf8Bbw4RAW0jbChRDhcVqi3tIekR6BAJxQA
331=QAqoV7ALtAC4Q7QAJ/gJoAGwCCeMCUABWEZUAKAHJPAgLeAAqAagBLQAXAUn1AC9LJcjtE
332=2oDKwEpBS4E1wFsAInIACkBSSUIkRWqDCgr1wgSFegBKQjqAknuAQzIACwUypoAC1EALxT
333=oASoA6QCKiwATFUqlAdEmKBAQHwJVFiCKCUxKCUxSk5yJORBdgByqUAEVBiwrVgWU62qs+
334=U/HAqotKgnVFEkoCtEvFALUAgkLy2uuP+oA1CnKmgAArvH/bjCIlZNgooiMCYMmqLYX19/
335=dHiodHioXlhwQwF8hcSomVOwP0JhXLxYVaAxQAG8HURTLfgDvAInUAAnoARQFLhSpAIz9A
336=pYNKT+pDVIGCSYIaz6lLoiGFO0A6QIJ3wHAZuk9Jf0rqAEuE+oGLxKKtgIJyAJJ5gAqBug
337=Cid0ALgBJ+gKJxwBLdQApAukaKgDpAKsCicMAqABJ2gAuAFcvLgcJGQlVB64vqAcrBktFA
338=AnVAKsBKgqVCe4ASewALwCtAC8MiAGvAaoGEzrJAQ3oEAkyFcDNDdRNjI+TJRI/1hMSFSs
339=pkxMSABUrrQALbAJJABNqwOptPQqHApcUyT0QExesEQklFgnKFg5AFmoA2C4l1deWHAkKy
340=58hcShr4uTrVRYgl+tm6T0oK8kSCygIqBVuCKkAqwBKtAEJ1wAoCuoAycUALACoD28MkwB
341=oDFcwq86cHd7tLcktEdENaQsRAWgAaBMtABcgAN9f6qCisgkpF2wRCcUACfwCKhUoFKsAS
342=1oACo5AJeIY7gEMBQApAW0ALQDJ7gBMCAAMJgASAZEniScL7QhIAwUAKQpqAagKLQnVCSo
343=A7QAtDAqvAYtXACgBCqUByTsV7E+PyAmtGIkMC+oVCcgYyq0YgGuuP+pIBG3Ypqi2DC0Yk
344=QgW0OgqfxHyJ6m+CTUQkgPJ+AqJzQEqCEzFABQCDNcACdQACfkBbAvsFBAOiQUKlTqWK8n
345=nEGkVrRCTBOoAEgMowGLlNqsXiTrN32DtqQFLRQAsAWkti1oALwLM2gAtKugBC3UACASOA
346=C0CSf4DLAgJ2ACSFqoALQhTLJciVAFJ9AEJyAArB+4AbAItACkAiAJFAC0Vy2UByewAyAt
347=tGKoVECvJEAiWLgkSGIkuDQkkUGaIAi0YiTILS21Ypcja118hcRIvVi7TMRYcANmbaA/Qm
348=FYWFTDvB2wrbhYpAK0AKSAM/QEuCu0AKAESDC8BbACsEdYN1UbjCOXTJOc56DZvES0PEQU
349=pAV+rYO2VBJIrqxeJAg2TBYnkAigByADFAAgEsgAIANYAUxPpAu0ALAXsFMnOAOks7gBqC
350=GvAZeg71U5iyNwSURZRJhIG0QjvMu4H6x/vCkzFACsNLw1tACkNSdcAFiUWAonlAdQCwOb
351=pPR8hcSw7yA3tGILe7aTnOelr/KuufVscqkRAAB7DgAgAA1UWIKptPSzvv6msP6uuP+apO
352=alr/KuufVvdrFUWIKpiANEAgAzprD+mqTmqrPlu8f9pa/yjJPFfX+qeHWbjJPFVFiCd4C+
353=o6z+l6DvYmiYSk5yl6Dvnqb4k5znmKP2hY7Sk5zno6z+oKn8LQgACaOs/qOs/p6m+Jij9q
354=gDpAKsAScXAJ6m+DwLAJij9ksMm6T0SAm0BlQPCZuk9Jij9peg75eg71wLTwSbpPREFAaC
355=ishtbHFwd3urAIKKnieAALAFMxQAXwuTnOczawCXoO8qaAAn0AGwBSpoAKQCvAU5QwGLlN
356=qoEicIA6QXJ/gAqAynGpuk9LgEKjsAk5znWBwADHV8iHuDkoiOsYyTxYiOsXV8iHB3e32D
357=toyTxZOayCegBCfQBKcCoKn8M7AGvAKgNCeAAFQPKpQHWCugQAAUk5zndHu2X19/Sk5ySk
358=5yQz1NVFiCjJPFmqLYu8f9rrj/pa/yqrRzTaqz5SezCa659TAfCmxyqbxQC664/6Os/qq0
359=/7O+/rO+dFEACYWO0kpOcnR4qLO+/qm09JKb2bvH/bO+/p+q8EwNqANEAioIAAAGqbT0rr
360=n1mqLYdHion6rwfX+qW1BgfIXEVBtYLgZ3gL4/QmFmbaBYAUgYvAInsAMqfARATKQ4Qw2C
361=ip5IDwOLlNqTnOdcAqhaJ7AAJyAArFi3VJij9rgBKhQAUCmoALACJ0AHuD27DYWO0rRXA3
362=uDkn1/qrxEJ2AIMCAAtAYqFAAnjAAqUAAtlAogCWgAKuAABouU2n2DtoKKyKghVzOSm9mw
363=FyfQAScgALBWKrwDSCewI1MaiI6xKggAQwp7g5KwWVgEpCy0JCcUACecBUw3LZQKqAMnUA
364=CjAaCp/EgJpGWoPCcACAlscql9g7ZbUGBDPU1UmQw/QmFlZYllZYlxaYSTmsi4SVBQQAEt
365=swm4wvS8UFQDMIgKA6Wv8ouU2l8ju8f9TE9IYAOSm9mCishDUpKb2aBkKmsAfIXESAyoAK
366=hjuAoDqbT0bHGeWF4DW1BgX19/QKxEGqg2CYKKyHR7tpuk9IKKyEQXA3eAvqq0/ydABKMB
367=l6DvRylwd3u0ALuCdXyIuFisJTMUAFgloDQnzAWgAaQpuFUnpBWkO7Q8RA67E3h1m0iQv5
368=KCip4q8AgnYAigAbwFJxQALVAAJ0ABJwQBJ6QAKiAAJ9QAXEc8pABXBouU2lBrBn2Dtn1/
369=qm1scUgAU4OLlNozAAuwAieMAycjAJ6m+E+ggoqeuCtUKkg8XOYDmqLYmqTmoCW0ACokBV
370=wypLxAAUg5JwgAMxQGsAJMBCqXB6aw/q8cgorIUD5QSglmbaA2Mj5fX38/QmG3TltQYFRa
371=uEm0ALRXPxwKVAkniwpUWIKoUQalr/KptPS7x/1AXgOapOZbYY8waAC4VbQMR1OMk8VcCA
372=OqtP9mbaBQU7TDA2xyqZeg70AooDQJqrT/l6DvhY7SVFiCTARIA0QdqwCgqfy4rLvZgoqe
373=oEmghbywWHOsebQkJ3wKuAGkL7ACKhQAvAJMECcIAL07lybkILRavGUk2CADcHd7fIXEXC
374=m4FlxHLQgARBc5RACwNTnsAFgHTQSLjFJAqVT5WHxEAq0KlyPIIawBtACoXVwRvKRMeVwj
375=QFgqdACsBCdoAyc4AKhRJ6gOR8ttbHGwHSo8BSecICfoBLUqniOnJ5Kb2aAKrFioA6A3Kk
376=QGvwKgqfwqlAegECQgIQADoKn8dHu2TEdcKCUxTEdcTEdcfYO2UPUMb22SYmiYfIXEoavo
377=qbT0TKm0SyADHAoniAoDYmiYkpvZXKcFdHu2YmiYuMJ8CFhzUHRLA5qi2CdoAEBkXAtUAE
378=dcoavoJKwrRINM7iRgLAZlZYlbUGBMR1ywMgNmbaBbYY9cHUEui5Q2A1thj4WO0kBzJ/gD
379=XCMDn6rwmqTmTFUDmqLYn6rwtCFMfyTEIpU2yLhbSOe0AyoUACcIBiqgCic4BkAxvAIniA
380=essqQ7VBKovaNYiI6xJ8kGly84CVQYqwCLlNpYMVglWdaLnBq4XkVNiyOYKrgELRQAJyAV
381=WKm8Vlt/dHu2tAYtsAC5AZfsEL8pi5TaTC5QxbywrEMqXANRKZechrgfTAFfCIuU2q8ce4
382=OSXMtAHzP0BCdQAKwHUyaTnOcj6SKeSDBQjFw4tDagAScsACfgAKwNSBu3PJeg76BADJOc
383=51RYgiglMSglMUpOcktXbHGedAAFcqlmbaCMk8WwrUgMA7O+/qqz5UArA2JomLO+/lwCMx
384=wKsKeoA1RRJKArR7xKTnJQCCQvLa64/6gDUKcqaAACu8f9uMIiZzeCishYPUhOCV9ff3R4
385=qHR4qF5YcEMBfIXEuChTsD9CYVy8WFVTJpij9kABJ+wDJ/gDLUQAtCG0A1cGiI6xSIessk
386=xYtAM2FAAn5AVQLycIACe8FaABrARMWFg6UEFIGKPrfX+qVGOwQUAxtaiX/EekArQAXFBI
387=AF8vdHiocHcjdConIABYN7gEKhUAi5BctAakBVgHrF5cBVBTqAAqyAAnLQCXjBBVAIv0V1
388=dRiI6xXLCwZawWtMkn1AOjAZ6m+FhDoK+n2oiOsSe8D7gooCItUABIY6QvA3mAgXuDkifk
389=BSewBqwHrNwnLACuEKawIvc9l6DvoEAJYmiYP0JhNDdRNjI+TJRUoiIONXu2rKZMTEgAtK
390=J2V7T/KrMJrrj/Jx8KqbT0KmsAqrT/JKw3TAdAZFBZBGJomGZtoK4jIDZfYqSs3CS0LCdo
391=AAOzvO+aotgnaABguAWi2F9ff15YcCQrLnyFxEAxRC9ILSS0IFuvm6T0TDRAAQKLlNqmsC
392=XAQbxTMDQEvAIntBpYNCdgNU8BfYO2tDBE4LjTKvAFqDCkAkRfJ1gHrAEkECiwCEQUqABf
393=FHV8iLw7sG68VrUAl+RHsAVUAFUbi4hRSP9UqCoIAE+pfIXEKggAJ9QnJ6AKdgZ/qmJYf6
394=qFm8hEI6wKVABcCzYIAKwTJLhAtGxbUoyTxahyUHG0IScUAKABq8+Sm9kkoCtIk6hRTA0D
395=i5TakpvZrCW8JicQCqxSTA0z5AWkWbg0KuEAlyN8KLc8oKn8SHVLG1thj0SYJLRBaq5/ql
396=+bNDdRXERqEqLYYEwpRAlETUgAvFAnsQmaugSk5idoACeLCmxyqbCtU1muuP8kWExQWQNU
397=WIJ0eKioA1xfvLNuDaTmJ2gA2LsCoth9f6pPE2VliVDFR86FjtJcGkRxJDsknqb4RAJLGG
398=JomCTUNiqgBC0uAKOsIrxOt1qXoO9MKEiNWOUnFwB5gIFE4LQwuAS0LScUAFwOJBRCsFa1
399=kJsjiExcKSckF7BHWGGwC0wKJ+QIqEW0ACdQACcgAFwyVwZ4dZvIV5RReAGAAadTgorIqA
400=CnI3h1m1w1aVeDIqggJ+gBVANA5UQFJ3ABMyEAl5BoqGBMbagMSIGwUyegCqAfJ7wDJ1wA
401=J2QEUDK8Ka/ZgoqeSGCsKLQAsIZcCKjSTCK4JakkdSMrPYKKnlwILdQGqAwnlAdQ7LAvTC
402=hL80xHXFCbWs1scWQOULBISE+voavoLUQJRE0kHEwzHAonaABYBEhUREpIAFuprrn1QBlI
403=ACSTQZqk5lQqMGgAJCgiJ2gAJAAsBqm09Hh1m3FphEx8A2JomIWO0ie0BUi9RQ6LkJUDZm
404=2gP0JhJNwrMOwDpAKwzlR7VCdBhYsiSUSeoFWoLUwWtM9XAIKKnlw+SABcDldykpvZUFO0
405=irxEuDe0OSS0WawKTE+guEg5ZkGDtqStbAEj3ExNLpeARjMtCYuYGUXLfCOUN7QAbgeDts
406=wBqlR/qkwTpBG0AKwEJ+gKJOw2JPAsM6ABsAKzEYuU2iTcQCSILlxKRAKorrxEJ5gDJzgV
407=MCAAs4mSm9lUJ7QAKg8Fn6rwWCtQKVQVTIWoME/ck5rIswWIjrEkYDJ+JoO2qF0nFAC8L7
408=Q8VzCbpPRY0AlUWIJbYY9KTnJlZYkl6EwIYY8oJTF0eKjI1P4zsgmTmiKYMzNoAFgWWCWo
409=A0oVdHthN6UjSGInKFgwlFgkUDYnaEIkvCEgGLRiQHO8zqRWuB+sf1BQXDK8fVCMrChUKr
410=QDvAWsUiRgJqg5WASgAbQAQ5qMk8VIAKA6tABciasAl6DvJGg2JzgAJIAhVCFJBosj2TWX
411=L+gKMEQASEtNNIsjVFYqEBZoVLCwjFgnbCwoXACUA0BtRAg8CAC8VrQARNpECCooH6gVoF
412=isGaQjQKO4ASf0CidcAKQCQC6kAjMMBSdrG5qk5i3kBbQwXClcWVT5uAGwMqwKQAq0hFwa
413=UN08t2KkrNyk+0iiJ0QJJ7RirK8n1GwkXEIniAo5tGItl1ifqvBUhCKkLSMhIbMjd2O7x/
414=1ArzO0YlRjXBpMKy20YrwCqFdABKBYoAFUALSfJFw8JABoJGBoTDEnfASoBrgBXAJQg0iH
415=uARIBiRESLCqWJG8KbA7J4QdRC9IA7hVtEKkAqwBvAJEL7ARtACoA7ACMxQAaFeAUiXwIC
416=cQNyNkK0lOfSMgcnhYI/BWoAEzKAGxApeMZ7wOKhcAi5TaJ7ADJEg1vAW1AJeUcqwBJNRg
417=JGghJBAlvFYnFAA5DwV5gIG0DFAmoC5ILbwFJxQAXDUwCABcBSdMakwBJwAIaK4jGGsgBr
418=RiJ7AJLR8KmqTmJ2gAJMgqiPMiv2OfqvBUVLfGrrn1M7RiWE+wVmhmIyBvpVmpLLRiRJJI
419=G1QArCgDdHu2nqb4LbRiJxwEr9l7g5InyA9MUjDUDyq8AKwBSDy1BnAjxHNcC1AXJwReqF
420=SkjLxTJ0QAJzwIUIMnLAAnIAAn9AcnRACgASdcACogAEwcoCgDfYO2eHWbdFecrVkBdCMQ
421=RicUAFQDcFaQXFBZRClMByooATAsALwOKhQApKpAH0QaqLFY03RjnGVMCq/WeHWbVCEIgo
422=qekpvZnqb4nqYRAAAJDgAgBPiepviepvgqCAAAEqCp/KCp/JOc54iOsXuDknV8iIiOsYyT
423=xZKb2Zqk5qOs/qOs/qwEA6Cp/J6m+CcsAFQGKmgArAG8BQAnm6T0gorISk5yd4C+prD+i5
424=Tak5zngorId4C+gorIZm2gNjI+X19/P0Jhi5TagorIW1BgfYO2u8f9JwgABrO+/p+q8KWv
425=8lgQSAYGrrn1kpvZVFiCUAUGu8f9n6rwn6rwLWgACVRYgqm09LO+/qWv8kABA7vH/am09E
426=gYBlthj1RYgq659SprALO+/qgAXAgDgorIjJPFSAwDqrT/Zm2gWBYADF9ff0pOcmxyqZeg
427=75uk9JOc55eg76q0/5eg74WO0lgQTARIA6geoyKepvhkBQ2ayIiOsYKKnnuDkpOayKawKO
428=gEuAQtFwCbpPRdCJOUBifwBbgKKowGJywASAwGm6T0mKP2mKP2rAEnFwCXoO85CwCTnOc2
429=CwCLlNpQGg98hcSCish9g7Z9f6p0eKh9f6onLwBscZ4nOABgAagDhAUGfIXEfIXEhY7SSD
430=xIADaIAbwCM3gCQBmMQASegoqeiI6xVA8MjJPFfYO2cHd7e4OSjJPFtCEnmwObpPS0IbRR
431=QFIDmKP2jJPFqwB1fIigWFROoActwAUwOAAwmAAqlAe4DVRjTC4AGKCp/HR7tkxHXCglMU
432=xHXExHXH2DtnR4qG9tkmJomHyFxKGr6Km09KWv8qhLIAMcCieICgxiaJiaotiptPR0e7Zi
433=aJivVZqk5lBcLWgATGRcC1QARFwGoavofX+qeHWbvDIMb3axVFiCZWWJW1BgTEdcpDIDZm
434=2gW2GPQHNUMKw9Blthj4WO0qq0/yo3BJeg76R6R2KapOZcWTBkBFAIJ1AAtzCXoO9LMKCp
435=/FcGkpvZuCWoAzAUAEw9KhwHKiwAM2wIsAJYFioIALACA5eg74uU2lgxSACkUFQApFZ2AI
436=O2J0wEuAGkNScsAHolg7a4AaAHT16FjtJYCiqsAScsACfQATAjAIuU2rdOe4OSTH9cNUeV
437=jJPFpAWwIKx2rAG4JUBbuFu4BFAvU19tbHFbXpOayCeQBSeABirkBbACrAS0AKA3rAFMFk
438=gSSHK0PEA0oEAMk5znVFiCKCUxKCUxSk5yQCJ8egWDtmxyqWZtoFBusK1QOAOzvv6qs+Uz
439=HwqSm9kqiApQPqhUVFEDs77+qbT0R7xKTnJQCAa7x/2uuP+uuP+oA1CnKmgAArvH/bjCbr
440=WCimCmDJqi2F9ff3R4qHR4qF5YcEMBfIXEtK5TsD9CYVgZRCC4KLgcsCAnFAC0KrwgrH8z
441=mACwhrQGRFy4VbgBXwujrP4nUAAnsAawDqxVVAxcgKgAqLcn+AYwIABAMasYl6DvrAEqFA
442=BAcCe8FdRR/KrKA3+qfAIpFwB8hcSkVkxVKmsAdHiod12DtouEubUMl5AOMFQCRE28F6gD
443=QCtcVgZwd3ttbHF1fIigIrgcKsgDvAJAJUt4i5TaXFys3EwHrAEDgoqeeYCBJAghSAygMV
444=wFPAgArC4nFACwBaAurzGXoO+gQAliaJg/QmE0N1E2Mj4kcCJA9EhUoFJMTEgAtKJ2V7T/
445=KrAJKhwKMIgKA6q0/6Ss3FQGRFlIAAxiaJhmbaCuufWaothscZ4waAADs7zvmqLYTwSapO
446=asXrRXBl5YcGVliWVliUhXoa+LmzFUWIJbr5uk9EgtQwGLlNokVCAqfAoqLACwIKQCLWQE
447=qAMqFAAnlAqgASp4C7goXDUnHAegAbwCtFe1AJcjkCMnLAAw/Ai4WLwCVABVG4sj2CbAWK
448=Cp91eCisioALgEtAAngSF8I8MgfX+qbAfsW78FhY7SSCQnrAG8UycUALwCWBlDCnuDkicH
449=AXV8iKv/jJPFoFsnmAOseahXvCMGl6DvkpvZl6DvqAZErcoAnOcnXwB9f6q8C1w7JxQGrC
450=4nOAa8ArACtACoAyqXB6Cp/KQaA1thjz9CYVSiRFZoriN8JQk0N1F8hcSaotiaothsTzuw
451=CScfCpOc5y2ICku3dHios62qtP+gUmAKAqTmVFiCJ2gAX7Czvv4kDSyaKWgAJJshkpvZJB
452=chZWWJUMUDk5znhY7SsIBF+5eI/FCSSBhUYyf0CjAQBKghJ+wPoARcCLwCqDAnOAAndAAn
453=XAAtIAAwHAdAVVQ/SAAkPCa4PScUAFQDsEQnzAigAURWLQgAXDJY39aog7a4T2aqg7akUC
454=ocASfsAHQG5VZ9lAZ0sZheRAioBiewALgBKkgCXO9guAV/qnV8iHB3e0D9BnuDkpeg75ij
455=9qAfoBm0HqhXtACkArhYoHykArQquChPLpuk9CRTIXmAgSQsLaBYpFNABKABvAUnFAawCL
456=cAnqb4KpQHoIVMKEjzA0xHXGVliVgcS1GMk8VTsFRYgk+voavoIAmzCa64/yqICkAiJCQ1
457=WKlGU5OaIhQ2A7vH/aWv8khUTLtcTXZjvO82aACwBQyptPR4dZtxaYSSm9liaJgnFCdca1
458=fAqrT/WFtcWQFmbaA/IyAhOXggsCNfCIuU2rQAUx19g7YnuASkNbQwJ9AEuAGoAzAUACcY
459=BbBBsGtEKagMTNlEoUhLRC9AAVCPJ+QIJ7wAKlAJTQGLmMonFABEAkgAVAmsCkwBMAkAly
460=O0LLQMRFykaFgEtAZEAkwBMwgAVD+rAIuU2qRWJKwrW6+Sm9lQSqhRrBwnLACwILgBJwwL
461=sAItFAAqDAVcQVQhWC5InKBYWBa0EkQCJFMtmKP2UAJYDaAHQBC3WqCp/CqUB0AcWGFMzb
462=DvBkpOcmVliW92sUjzCVthjyglMXR4qMjU/rxHKrAJORwKKmgAJNwrSFQGmqTmpa/yrrn1
463=JOQ1TARbrKaw/khdTxaqs+VYASpoAExbQFKpA7sjgUKMI7c7eHWbSNIGVFiCd4C+o6z+X9
464=RiaJgkkEFAKLiduDS4ryf4AycEBLQGJDMmeYCBJBQ8Q4KTmsgnsAAq8AUnUACoKipoAKiN
465=pAKwkqwEt0Vwd3tHmIKKnqRBqJlYxyTUSLRFtACsNycUALACtAAnUAAnIAA2XAA5OAyoBr
466=QAJxwBoAEnUAAnIABYuyR4NbAXAYKKnpec2kxJrBy0Hio4AKQCvCAqBBBMBCf0BCogALeH
467=o6z+TFgDe4OSe4OSJJAsWAFcWbhnoGekBSrsAFBlKpQHJwAIU2J0e7ZEsFT5U1lDPU1MAU
468=hFAaSs3LsjhDUqRAktsAknHAoqiQqpI4hMqANcBSScTUQ7TGRQYgG4wvSuI6hNJDstn6rw
469=J2gARAIqCgCptGcFmqLYVwafqvBAlwNbUGB8hcRAUgmLlNp3gL4/QmFmbaBYASToT1CkJ+
470=gKJ/gDJJAvvClfepOayCqsBCrIACqsBE8Km6T0RAWkC0gtXH1IAEg/qTaYJnBMrDdMK0gA
471=RClYi0ExiCOUSaAxWGS9WZeA8WwQI6xPJ9gIpAIqEAqkAieAAFAOJwgALVAAuAEqvAAnLA
472=AwQAEzEAEnvQCLI8w1vBdQeolLyEgeSC1MBLQhJwgDvFknXCGwILQASConIAAqSAUnRAaw
473=AkAxoHxAAVy8qHsGiI6xiI6xn6rwrAQqFACslFSrvAhUEqBACW92sX2DtltQYEM9TVSZXO
474=9+sG2SUPVE+7hJJ9Q2KrMJuML0QFUkGEEwiAqoA1wgoLgk4EJY31xZWMREZSdqAKawcHEk
475=0FgnuAFEDkgAeGcCufVscZ5AWEtXZWWJQKxUyVQqv0p0e7YqHFsquExYBLytTE8qGUeLIy
476=9IcHd7VLotfARQVifUACR4UyfsCadQgoqeSC20NrhYUFYqCACwsESDRB1HI5Oc5yTMPies
477=SSe8CScgAKgGJ2gJtE60AKwEqAOsATYUADOMACpQACpBAZcj2EEndACoA0B8KicChY7STM
478=e0sViyJxwEJFAttFcqBARUS7gBqFcnFAAqhAUqLAC/BZKb2aQFrFKwL6wBtGAnyAAqlQem
479=IBe0YkysJ7AJLRwKKiNjuML0qFQnSGKiqcjUInQ2J7dis7zvq2CuufUkoCK0V0hdJLRiSg
480=yuuCAQtGIq+ANUHlxNJMAgnIklBF5IflnWkywTUp6m+LiLUNRcp0zoRF+k2riCRG4kyGOs
481=KycEFrQ5VEKkOKdBi5TaJOg0tAYk5D4z+AkwUEIzmAA2UAC4TyAGdAAnrAEzvAAnIAOwsN
482=zIIhg4IthitKVUfqxPuHa4Ty0UACfUCbwCJzgAoAEnmCEnpAYn3AqgAbgEJ3QAJHg+QGok
483=JDVYK1yMTDRUFTy0YkyIJHhiJKRsJNxAs02uufUzHAqgpqgDJEhiBq659X2Dtm9tkiQoKy
484=RULKsDs7zvJ2gAqFcltGInZl6DtiRgLEOvXlhwLbRitBhcRE2yWyO0Yi3UNlRRTARQsHIO
485=othUElg3JFhwoDSAWyJEObBcQI5JjX0jbEdUTrBfuDSsByToUnpSg7ZY3FwLqJasBLQAtF
486=q4Q6hLKtQAWJdMDbQGrAQnFABcMjNdAJcj5E02aAC0AycQAScgACcwAidEACogAKwNQEC4
487=CrQAqAlIJCqkAFS0JPxWWCi8AqxSPBQApFCsBKgwLUQAuAEzFAC8VrQAoARNEIsjPDu0PA
488=GXoO9mI7hqVNsutmJyqWRKBXaxbHKpi5TaXFZY9CQUISAGHApTp5qk5qgGIqArArj/fIXE
489=JJBBSFREqiRUIKwBKmgARAKoAESVXEokvFck+Eg/tGIn0Cu8HbQAKpgPKjQEunmCisixKm
490=gVsK1c/ie8ACcJBp6Qs6iQoDpguCMcK6hFB5uk9Juk9Juk9JgRAAD0DgAgBaP2m6T0mKP2
491=qAAACZOc531/qnV8iHB3e3B3e32DtoKKyIuU2peg7y0LAJij9ipEALgHtAAqXACuAZukKI
492=gBKowArAEMmKP2k5zni5Tak5znl6DvpAsnFAC0A6gDtAm0AFwCMFgBBpKb2ZOc556m+KsA
493=m6T0KggAsAIwFAAGo6z+o6z+oKn8TAqjDZ6m+FgBIAMIAKAHJwcBoKn8tBIAHqaw/p6m+J
494=eg72xyqT9CYWJomD9CYTQ3UTYyPoyTxZqk5kpOcnR7tpqi2K659bvH/SoIAAmzvv58hcRK
495=TnKaothfArO+/kgAowGuuP8taABEAgOkrNy7x/1MCkgADGJomGZtoLjC9KSs3GxxnipoAA
496=NmbaBscZ4taAAPrrn1pKzcX19/Xlhwb22Sb22SpD5EQQ+FjtKFjtJUWIJbYY+bpPSFjtJA
497=AQKLlNqmsNgltB4nFAC4JSroBLAjAAOIjrF7g5KCip6Cip6TmsiSm9mIjrGwICfIACpTBq
498=Cp/FAIA4iOsXV8iFAFCZij9oyTxYyTxZuk9CeYALAsvEcniAcDl6DvfYO2qFcDcHd7e4OS
499=VAykCL8Fm6T0sEctmAkDjJPFfX+qoR+LKbQLKmQBoAcqHAG0Er9Wi5TaQGdIAEQmvAJcFw
500=x9g7Z8hcSFjtJ4dZuMk8VUS6AKuBYqOACoG6AfJ4wDLSAAMHQApAKoKrxWA5Kb2YKKnlwO
501=rBBUUagwKiAAKiwAJ+wGoAEqlAcBoKn8hYNAW2GPQFhUUQNKTnJ4dZtQCwx0eKg0N1GCis
502=iaotikrNwtRAlTUJqk5jOwCagDqFQDs7zvoavoS1R0eKisW9JcvO+wWQVUWIJ0eKjI1HBf
503=KmgAVAYnaAAJu8f9qbT0mqLYgoqeTBMDZWWJZm2gqFdISFwsCaCp/Jeg756m+IWO0kgYSg
504=+msGR9oE+0Hic8C7ACviOjrH93iI6xv1Z7g5JHSpOayCd0ALAvtAAn+AZULVAOJ9QAbjF/
505=qlCStAlIEqgMtEhEBScPCJeg71sEe4OSKuwVMJgAt6KXoO+gSVQAUB0DdXyIbWxxVABPB4
506=iOsSpYAUAEsAigXrsBl6DvT3l7g5KzGn2DtkgATwdwd3tTHZKb2UxVUL+sCk8ZkpvZJ/gA
507=sAsn2AKgCrgfJ7gKsAInOACgZ6AfJxQARC9AE1ALRA5UJFQPRBejhXV8iLACJwQBKswFrA
508=EnFACgClQJpCwqlAeoFVQPA19ff0xHXKebbHGeQBwDNDdRX19/W0aqs+U2sAm7spqk5iew
509=CVBQqABLA7O+/qgDWLioYFgKXCYGyNT+qbT0n6rwSOczawChq+gnaAC0VwKzvO97g2CvXB
510=EDYmiYhY7SXDsABpOc53yFxHeAvqq0/5Kb2YWO0mZtoD9CYUMcqrT/WEykICogAEQgrFtQ
511=gEgAA4KKyHV8iKCgSEtXhJqk5rhVoCusAaMonqb4TwSLlNq0BkMxk5rIqwCSm9m8BTAUAK
512=A9KlAVWBZEDn68nOe8L1Q8t0WepvgnvACk46iWT6ZtbHG0UUy1XBq4BLQGrAEnFwCYo/ZE
513=IKgVoEaoSFQAsAJEWUMKdXyIoApUxkxDrBCgCicUALgZpAusAS0UAEtygorISCGkvKC7RJ
514=hMK0gAJ6AEXw6Tmsi0HqsSn6rwVCq8v1gZQBCoAFACLTgAKlwAKpQHRA4AApuk9IKKyF9f
515=f1thj0pOcm9tknR7IjAmCWVliSglMX1/qsjU/rBNKkcJuML0IAMcCgOlr/KapOZcUFgZSG
516=ADs77+dHu2QP1IUQy7x/2uuP+zvv6hq+iuufVMu6sDuML0uFUMrrj/mqTms7zvyNT+rrn1
517=SDZUHgJ4dZuTmncVfIXEWKlTF2JomFgWra+TkEFMjgOTnOeqtP9ABLxWoCKsIqwBUCYDdX
518=yIeYCBpIADmqTmn6rwtCQnyAC4NLwFpKon1ACzPpOc50Q+J1gBvAVHApij9qwBtAa8X7RX
519=qFFMBCdYAUwBqEUt3AqkCKxbT0BtbHFcwiR4I0hFVAa4CifsALwFKhABpA5YRrAFpA5UFU
520=S5q1d9f6qjwYyTxVmXlyNILKAKJ7gKoAG0ACeIAS1cA1QwtDNIwyeIDagkLXsFprD+tIqo
521=LVgKeoWi2LgBtAC8FKwBLRQAUBdoBimUB0gPoEBDgnR7tkSwVKhATANDPU1bYY9cZUymp/
522=uptPQnRwm4wvSwTS0cCi2ICkyvVBVJsbsj2CxQWV9xSk5yXCYiIiG87yTbLLvH/SpoAFgN
523=VwO7x/2gZ0BYUGUPmqLYdHu2qbT0fX+qXlhwgorISBsMi5Tad4C+P0JhZm2go6z+voCjrM
524=skprD+oFhEBScIALA+VKhID0sngoqeUGJYIifQCqwBvAUnJAW0BkwlKtQAJxAHuAQnFACo
525=SC2sByo4AC0UHipoADAsAFwRW2R7g5JcFFxWrBYkACxcAjkoAbBWMEABpAJDH3B3e1T5JC
526=whpAukF0REMwgAJ7wDpAgnOAAk5CaiVZOafLBQvEePe4OSvINIGLwptACs36wBJxQALYwA
527=J1wArOUnKAftDciwCCcACAlvdrF9g7ZbUGBMR1xU+SQUIQZvbZJxaYSaotigSaRKLbAJRU
528=2zNRwKYKyYpie0ICQEK1gBoFJEZUwBrLuoY1TYtAxEDrywXAtIAF+2bHKpq1dlZYkkaDZY
529=N1usgorIX26fqvBY5VywA3eAvq64/yo0BCfsA6wiqDMnWASwAqxPrAG0ACoEAVQDsJKoA0
530=wHKuwGVAMqCACgYbxKrA0quAcnLAAnIAAn7ACsCidcAKABKnQAuKNE5kymt7GCip5ITlQS
531=LaABJ+wAVAOkESdwAbwaWC4k8DgkCCpQTbgEvHS0BqgeKlwAJ0QMuAQnbAIqIQCMI8g/V8
532=Zwd3u0V1QJRBS4IrQPtAAwbBG4BFgrKmgAJywAJJxBQJe0PECjJwAIUD5YQAlscZ42Mj5l
533=ZYk/QmEkbyBbUGBUfkxJJwgAKmQfsE1Ao1i1XG68UCeICiK2LKLYS1RUWIKoUSQwLFSrJM
534=8gYmiYKmsAuML0SAO0V7QMXAtYClS3tFcDXlhwZWWJIvJBdrGkKVwXWyuuuP9YNwaLlNpU
535=WIJKTnJEAirIA1QeJwgAJ3wEoAEnXAAnvAC8AjAUAKAuKpgGKkQArEMndACkNahIUBGgAS
536=d0ALgBJxQAJKQhJBgvKjxKJ4AAJyAARw6bpPRMIrzyXLBP2ZKb2Ux5J4wAJyAALbgBvE2w
537=JlRgUK0kHyJ1fIgkoDqoGCf4ACogAFDOJMApVC0qHAEniAFAE6QmoAG8CySoI7ywtAm8Ba
538=QFMBQAJwgGJyAAKowApDUqlAcksCdIEkQsCaaw/n2DtkpOcjYyPrivJG8vb22SXPIGjJPF
539=qbT0s7zvWE9EobCqsE0zHgqzviK0LASzvv6fqvBiI4hMQ7i4wvRLDGxxnrkHpSNULFELpC
540=NMQ6gDJ/QKA8jU/qqz5awQWNwiGEQCe7ZbYY9fEV5YcEhUCYuU2pqk5mxyqVthj1wdJElT
541=hSPQTFYArrgi3CuoHj8UALB9J5gArE+gMSoABSdcAKgDtACgBLwytAC4QKwBtACsNydcAL
542=sBoKn8TE+g7iQ0TEA9rKm0BrxEQJdUM6gGTAGsEEAHVKVPAZij9lAjWIsnMAIn1AAnEAGg
543=AVBcRLYkizqXoO9UBiS/TnB3e1hhSAmgB7QAJ6gCrweXoO9MtSQUUUQyJLg3QAqsH6wHJy
544=8Ao6z+SAMkQEO0bLcAgoqeUAhcC1A1J7AAJ8wFXONUObQhXBGwO6QFJ4wAVAYqlAesBFhJ
545=VEJEFFigBiglMSglMUpOcl+wdHior0ZscqlcEQauufWapOahq+hWV7O8It9SbHGeJEg1MB
546=8Kb22SsKdUV1QSrFIqlFgnRAAnIwCCishcDlBcsLxXDLvH/SRUUA+krNxlZYl9f6p9f6pf
547=X390eKhQBa86b3axJ5BBRyOepvgkvDYnyAOgAS18CrACsCMqaAAkWCWwRCd0AFAmKowAuA
548=EnFABYRlh/WOWgTLg9pBEnLACgAaAEJ2MInqb4VAYkACAn+B6kBSr4ACrUALAOsBekBbQJ
549=vAInFACwAkATvEqkBSS8IbyhuEmsr0wQJGc3l6DvvA6kDrQGJywAUAtER6MHeYCBqLdcxV
550=wCLQgAJ1QOsFykDlBlSGy8X7wXtAAnsAasXgOCip55gIEkvyGhq+isBCoUAKQatDxcDgOb
551=pPRvdrFLrmZtoFBHJLRiA5OayKGr6CJ5NYMitWKzI+A/sEozsAlETbCtoAEntGJQBbH+qi
552=PPTaGr6EgSJJRYRFNIrlxQM2sAqrPlSGOrA7jC9FCwA2VliV9ffyS0YiRUQUgnRDJLAFth
553=j1i7A6Wv8ouU2kABYG0p4xWqtP+oACTAOyooBCcvAJqi2KQ4IjY3pOaoLbybJwwLJ7AApF
554=lIJ0D3pAVUAKRBuIug8VgEJxQJpEEqFQCXI4A/TJFMlKhXUAgnvAkt4ACoNir4AKQCTBCg
555=ATNrAKCp/CeESlDRXAtMT0wWJEAotACguEQmTBBEIC1AASfoCrwRUCOsIkQFJAAjTApIik
556=VZkyk0TLAOrA0kkzufqvCoP1wsIpxQIzxoUAgksFFQCEcIi5TaqM9MBKgAJ9QGJ+YFprBp
557=+Yv0PFQVVD+7AT9CYVRXWK8JeHWbiI6xfX+qNDdRVB5MTCQ4bEABNrAJSwN4dZuwTbwUKo
558=sKbHGeJORNr1u7x/0kDCwkSGInaABUAzZrALO870gMtBIDb22SbHKpqFekRFQYXLBYTEAZ
559=uHAw2CBcv0sApa/yqCGkI7QArKAkVF+ovahRo4WfqvCoBlwLWA2sAVRFqC1MMVjxJM9fdX
560=yITECs30AEvJigAbhSXBQnCABEAlyGJMg/uA1ICUQCKoAAJywAMIgKuAqgBKwBLRQApE1M
561=CiTgPyRgQSSgKKgYrAdEGkDNXA64WCdQAKQOJ/QKsAu0A0QXQAFIBkxPsCa8F1hVrA2kpy
562=qoBaQOuKxLvXmAgagGuBMt1ACwMrAFoAe0ALwCVDAqlAejE5ij9kTyJJxBRDhUVExzJLRi
563=BqSs3Kqz5cjU/iAKsgm+/i0cClxiWE8JuML0mqLYk5rIyNT+EQAAHQ8AIAAPrrn1oavofY
564=O2Sk5ypKzcu8f9mqLYk5rIyNT+rrn1pa/yJ2gAACnI1P6zvO+4wvR7g5J4dZuapOZmbaCF
565=jtKepviapOaCish9g7auuP+TnOeLlNpscqk/QmGLlNquuP+qtGgAA6aw/qaw/kAKBqWv8p
566=qi2JKb2VQAQAcGmqLYjJPFk5znRAIGgoqegoqek5rIJyAArwSCip5MBAmbpPSbpPSapOaf
567=qvBABwmSm9mMk8V5gIGMk8VMB7gWsAIPiI6xn6rwoKn8iI6xiI6xo6z+qwCgqfygASoUAA
568=ymsP6Mk8Vwd3ttbHF1fIhADQaTmsiLlNqLlNp4CgKk5pKb2UAiCZij9peg756m+KOs/ioc
569=AVQMqAC8Ai1oAGQIkB0DiI6xjJPFSBVeJqawZAg21AAqbAInLAC4CifIACdcAAOmsP6apO
570=ZEJqMlkpvZXB0Dk5rIoavosAICqrT/prDYH6owo6xgMQOjrP6hq+gt1wClr/K2Bq64dAZQ
571=C6w3LRQAQAotlAcAA5+q8IWO0l9ff2JomF5YcG9tknR7tlAdCWJomCglMX2DtsjU/i1HCa
572=qz5S2xCaEpHwq4wvSgOgPI1P6ptPSoA1AaA7O877vH/VMLVFiCSFEGu8f9s77+u8f9J2gA
573=A32Dtl9ff6gDAq659bO+exy4wvS0VwAPmqLYiI6xfX+qmqLYX19/fIXEqrT/n6rwZm2gSk
574=5yn6rwUziYo/ZULVQ/RDVcIKBYqyebpPRbQ3uDkktgiI6xTFUGe4OSeYCBeYCBpAJMWy2s
575=BFgBQDSoBrdadXyIvAW4AbxZvAtAKyd0BlRdrDGwAifEBy0jAJ6m+LdgcHd7TxBwd3tHWX
576=V8iEwBRBRMKKcUgoqeQHlYAbgHKkwBM1AJuAS0ALhtoBMn4AAw1ACwBUAoqANMKCAGyACs
577=H7gHtFdQJrxWKmgArAEnFAAqjAC0BqQ1KlwArAEwFABEFCqUBw+lr/JmbaBUWIKbpPR9g7
578=ZlZYlMQwZUWII/QmFlZYlXMKqz5V9Hu8f9KkQJPBwKKogKVqKzvnxfQ1WptPRMggNKTnJ9
579=f6pQYrxcQAG8XCpoALACtAC/WaSs3GysBbn1iI6xXlhwXmuqtHytCYKKyD9CYWxyqam09K
580=RxVCcnNAQnIABQU0BAUJtEGqABRAijAYiOsUATVAa4Ky0gAF8FgoqesCxIBgOCip55gIG4
581=Aag8rDesASeECCcgAKRBJ4wAJyAARFx0bJy/TFUqiAFEDicnF3mAgagDoAekFLQApAIwFA
582=AqdAAqLAAwpACkAqQUJ6QAvLNYfwOepvigqfysvqQFPBQAJ9wEqAkgAxQAMHAKP0cAprD+
583=J5QHUCxI56NAdHu2o0NMR1xU+QxMR1xvbZJvbZJxaYSkrNygSScUAFg9KrAJJxwKMIsKs7
584=zvsESguAOuufWapOZYoF9fpKzcVGZQ4yhoAJQ5J5QBvFa4AV8FdHioQFigxAmSm9muuP+X
585=oO+XoO9MxwZ3gL6ptPSFjtJEFwJ8hcSzvnDUKigEJygWsQKaIskhnkAuJ3gLJ7QFoAS3AK
586=Wv8qhLJJwgV1eaothA30AHJ7wAKkwHKlAATCu0mSeAAKDiJ1wAvMWs6KgDugqjrCVEIbxW
587=vLxASSdwASogACfIACf4DLQDKjgAKgACJ3QAMFAAoxOapOZYebdmgorIRDUqpAAnLACsXr
588=gBrAowFACsKCoUACqMACpcADAsACdcBipoAAOuuP+lr/InlAcqAAgMfIXEjJPFdHioNjI+
589=ZWWJTFgkZCgDW1BgiI6xqEi0ALywfFCQTVxKMRwK6FRTCFRYgie3IK659SQzILvH/V+hYm
590=iYJLQguLu8C6AEA8jU/qqz5UQLJFQsCbO+/mxyqV9ff3FphEyvA3R7tp+q8EIum6RqrrO+
591=aHJLllRYgky7QMo2+AMnNARUD6wBLWALvEGoS7D7pPgDe4OSk5rIuAoqFAYnLABATKSVVJ
592=YksCqwOyogCbRUJ8gAqAOkDidrAKOs/njKIxAuJyMhm6T0UOasRif4AKABJ/gAuAEqFACo
593=A7QMTCW0aVgTS3KSm9lcv0gAtAMnFAC401QDtB5IHqAHrBmwC6wBtACkAjAUAKwrS6WXoO
594=9EpFC5J4wAqAMwFACkICpcALQtKkQAUD4qlAdIAyT8JkABDIKKyEpOcjYyPltQYEpOciRA
595=NCTTJbvH/ahLJxQAJ0QAJx8KW2GPtKUnigqzviK4NANiaJhmbaBCuLjCInMibHGeTlWzvi
596=VULKgDJ1gBA7O873FphFTnqFcDk5rIb22SSKUADKq0/4WO0lthj29tkl5YcEpOcpOc56Gr
597=6HR4qFthj1g9QDEkSC8DW2GPi5TaWK8q7AOoVKQCrAFcHTALAK64/0irJFQsJOQ1TAFwEQ
598=K0/5qi2LwvM9cGoKn8RLMkjCpQgFhDQAcnSAigAbhAsAikNSpEACeMAKgDXUdwI0M3e4OS
599=uK+0AEQLJyQCKvgAtAYqRAAtQAFQvKQIQBMkMy91fIgkWDpMCqABJEgpr3Zwd3tEsCqsAS
600=fkAjwgAFQquOtMNwOXoO+gqfxT73uDkiXyOKLYQAQwCACoMydcAKw0sAIqLwCapOYnlweS
601=m9mgQE+gn6rwWKADKCUxNjI+WJcDfX+qbHGeQE9QOAN4dZtvbZJPoLO870gAJ6QJowGuuf
602=UkdzZscZ4qiAqotAOlr/Khq+hYVVdduML0oGRYBKQCUAKwCLQAeFsCf6pvbZJUvSQbPm9t
603=kkhpXGhYqQamsP5UWIJfX39PE4yTxVtwpa/yULAnkEGsNyqwA6wBSJAtHAQnXAAnuASgAU
604=xAuEYndzakrNysB6AEtAAt+AZIBrT8JFg3UEEqqBEqsAAtRAlAEyd0ACdoALRjJBQ/pE0k
605=WDesT1ALUwKbpPQqJAIn7AAnNAGoISc4AKRrSDlAK1PIcHd7tAm4FrQAtAO0AEgMvE1DAZ
606=uk9LwIoBOsASr0ASdEAKABrChMCrgWoBa4DV+AgoqeQDcq/AWsAScUAKQLrC6wAlQkoAGw
607=Aqobs75k1AKfqvB0eyLYSkxVAAxKTnI0N1EoJTE0N1F0eKhvbZJlZYltbHFMR1xlZYlETa
608=gbJ2QfqE4qHApMBDOICiToN6RZUK24ryr4ACScIFwLBnh1m5OayHFphFwsCam09F9ff15Y
609=cF9ffyJoQgK+/mJomCKoLAKc55Oc51AgWEZIAE+vYmiYJCsuYmiYRAKoG7QetAC4H6wBJ3
610=wEsAK3AKq0/7zyRHqoVySsSUgGsDK0BioUALwCJJgqtJlQlVg9tO20AyoUACcoATNQACp0
611=ACedCKUjl0+aothMiyIAQYABr0B9f6okgE6gB7QAREcnhAJMAScMFCcfQ6Gr6KgAJAhRuA
612=qgCrQzTAFUtFDdsA5YAaBPUFAwSA4q0AEkUEhYBCfcDXwIIxRUJLMwmqTmJGRMTARMW1QA
613=QAqwLzYUAFwLLWgAQCJcO1Q8UAtEHUwBSAADZm2gP0JhpPJUVyTINgNeWHBxaYRA9waCis
614=iuufWqs+VEJlAFJLM8qbT0XLBYVScQCrhYsCCoVCRILCK0NSOQQSeUTCr8Cwmaoth9g7aT
615=msikrNxqErPlsA5EDkNYW1BgJKArSMYDu8f9fYO2Rq2jrCKUK1gQVBtONKq0IjAvrBlDcG
616=xxnir0CiTTQ7O+/iQsIbx3UAWoACpwBLQJJLwnqzaTmsisvkgDKuAAsA5QAqABJGBNq1eM
617=k8VE5kRNvAusBCq4CicsAC3AFCqnAKCp/CfcAS0cAUDxSDAk6EPOUqTmJ0wBoAGoCVR7QA
618=QnmBWsaic0AaABvAVHmIyTxawZrAe8AjOsAS3YAqQFJ6wBtHhbE6m09C1sBaQLSDxUA6wl
619=Ylii2CqYAKwBpDVcBbgBKhQAWBYkuEC0PCf0AVerW1BgrK9MQEyvR554dZtQoUhUBrjC9F
620=5YcEM9TatRdHioWDQDdHu2i5TaJChhRFNYBKBYJCBXJAwsRH0kJDUktCAnqAskdDBfX7O8
621=7yQ0TFB9TyiuuP+wnlRXA3FphEM9TbgQZh2k5iRQOQaFjtKgqfyfqvBQC43iyFhVWIVYOl
622=sWP0JhQAGkICrgAydEACcgAEghLYgERBdAE6gwZA6MnVBToFIkoDcnlAe4B7QARBFAELCM
623=uK9Q+ySMYznUAKgJqDC8CD8UAFBooEBIe2wBJMpgpOagB6AKJHQ2TE9InCf0ClgTUB05rA
624=GoAypwCn4LothIYEghXAu8IECmtAy0ACesAVzmJ68BoavoTAdYDScUACcgBmIlothMPbCV
625=JOxRVO1qBrn1dgOk5iQgNkwEUDuwCKiQVAlUGFA7J5YHqbQiG19lZYkktGIk3CtEWUiuIm
626=U0miLMRKw6CUM9TUM9TV5YcGVliVUAfSOAKlq1gooohGUqUBUkHExH1H2Dtn7+vO8n6ApQ
627=XE9eeHWbRGhUHkAxQxCCishXP6m09FwCWBYDkpvZbWxxpw59f6pAHF8CfIXEWxBbYY9EKS
628=RLOGxyqUxtpEREgEgqSP94DSmwFSfoBD8gAEDTVHKoErBQWCWs4rgBQChcOEgqQA2gAbQA
629=KjgASAaot7QAWAGsBLQGKqQAJywApEe4BCdQACc4ACdEALQPJ2getCQndAC8BSeUAVwgJw
630=gksBcngAAwIACgECcUAKAEXCmoIbyJRDK8LLQDvA6oBkgSJ5QrpH1YELQtsAWsAScUALQD
631=XAtYOiTMaEQUtN6sFkgbUHRAWLxWRFCtjqYjvFdUACTMPlRXA2xyqVRYglDdVFoMNDdRND
632=dRb22SX19/Qz1NJHw0Caqz5V5YcDYyPjYyPrj6A31/qn2DtkcCQz1NULNAFksGfX+qva2k
633=I+R3SFQk4DYktGKoV7hboLVPImxxnkgJUGVIAAN0eKiapOYibG7sVUyvBkxHXFtQYHh1m1
634=RyRIBEXEqxgopwrSLITiLYViK0YkyyJHx5TE8npAMn4AMn0ASgAVguREpQO08KqrT/rNxc
635=DkgzUJVUDLwmULBMK1wyvIMkZDp2KqTmtEigNzAXAKq0/ye4KHwFoLiUALAFVTaeIyxgUL
636=Nc4FARqDw5FABME1sEmqTmRKpIBrxitBU21AAk8ESsQ7AaSDy4mkQgtAYnIAC4AVBKpBS4
637=BLQMvCC0ALQDtACwBaAHBaGr6IKKnpOaEQAApA0AIArImqLYk5rIgoqeprD+JwsArrj/Ng
638=gAA4yTxYiOsUgGA5qi2JOayEwBDHuDkpOayJOayK64/7O+/i0IAABLrrn1pa/yjJPFs77+
639=rrj/mqTmgorIP0JhdHiou8f9mqTmVFiCZWWJjJPFb22SbWxxjJPFpa/ybWxxNjI+Qz1NfX
640=+qcWmEcWmEdHu2W1BgNjI+NjI+VFiCX19/fYO2WBAJqrPlpKzcuML0yNT+JwsAs7zvsAID
641=oavou8f9XAIDuML0fX+qSAYABouU2l5YcG9tkl5YcHFphHh1m2xxnpKb2aANAAZDPU1bUG
642=BlZYmCish4dZtfX390e7aSm9mwFwAJm6T0n6rwi5TafIXErrn1kpvZSk5ygorIu8f9uCUn
643=7AMGpa/yiI6xiI6xXxqfqvC7AYKKnrQnA4iOsYKKnrQABpOayKWv8qm09KgMA6q0/6Wv8k
644=IlqrRvJYiOsbgBpAIngwamsP5ABKsAmqTmrA2sCgOapOafqvAqoAEGgoqeeYCBgoqevzWa
645=otigBzAUALQYoApbOnuDklQGQAEJk5rIqbT0qrT/qbT0KiQCKgQBrxxwd3uvDXV8iLsHgo
646=qeQBCgByf8AifjAKCp/FwRpBegDbglJ4AAMMgAqAOoFVcAprD+pCmwIGlCtDH0CgOzvv6l
647=r/KwEQx7g5KMk8WSm9mhq+iuufUn1AaoMLQAsFkqlAdYBCcACFA+AAOzvv6aothUWIJ0eK
648=h0eKhvbZJxaYRUSE8KXlhwVFQDNDdRZWWJUAIGZWWJfYO2Sk5yVEsDQz1NSk5yT159g7ZM
649=NERTqAAqAwt4dZukNQOuufWuufVELwmSm9lvbZJvbZKjrP5ABwN0eKheWHBPQ21scVhVUw
650=5xaYRQDgVeWHBMR1xvbXQbVBIJTEdcgorIfIXEk5zntEivK7vH/VxNBpOc51thj1RYgkwB
651=SBsnCwCfqvBQdLR7vDKwJkRBtBJELKg2X1mkrNwnuARMMScIACeMBqABKhQAqFe4OgOapO
652=Z7g5JMiKQLvGWvAZOayFwjpAK8O6SMuE8qQQGqmD1UAEQLLUABrBYnVAKgAS3sAEQjUxGe
653=pvhIQqQdvFZUEkABSzykrNxDIpKb2VwLKuwAQCUqfARTFJqi2DN4AirUALwUKisBoavorA
654=1cX0QOVI1ELFgEtBW0AEwNTBAnUAa/GrvH/SfUBicgALxWuwGlr/IqlAcPrrj/n6rwqbT0
655=qbT0b22SSk5yQ690eKhIVKtIeHWbQKYDW1BgW1BgJ/QKA4yTxXR7trSxA3uDkl9ff0RZR0
656=eMk8VUY6gSBnFphKqz5cjU/lQAswiCishiFqTmRB1Qy7NTfYO2R1B9g7ZAVVM7eHWbJyAA
657=UA60Y0dlqrT/WKakvAADfIXEb3axmqTmoavodHioYmiYs77+tCFbr2JomFglJx4ErriQp4
658=tmmqLYbI6EaLxoSBtc1EQjVJmslFAXM/QKrC4t1AYnOACyX4iOeLtARkMNoavotCpIdUA3
659=SB64uLg0pI9MFicEASogAENGmqLYtAlISC1AAagJvAUqLAC0BlwLuGegB1waBqm09KSs3K
660=aw/kgSQJFAGbijcDWM+qoJqrRkQUwNpAigASf0ClhhKqwBJ8gAqBsqaAC4EAN7g5J5gIFI
661=V1QJalez5UQFSA8nCABIbCQbIJqi2CewG0AxJ/AFrAEtFABEJkhItDxQLEgbo0Clr/JQm6
662=gATHZIAwOhq+h9g7ZQaKyyA4WO0kxHXET7aFeIpQNMR1xbUGBXJGJomCTzIIWO0lwIcE0C
663=s+WIjrFD/aSs3CQEIkhjUA5fSpOc56MBfYO2SwBlZYm4AUyvUFyorgV4dZt4dZt9gyJzIm
664=9tklRvtFEGrrj/oavon6rwRwKzvv5EbgN3gL5KTnJYCrceqrT/pAVUAEgALewDMzgAKtQG
665=vJJEXFA1J5wFoAEq8AUt7AZYo7SrpD5EyGozuP8qmAAnLAC8Fyc4AC0gAEwNSA9QQbRXKk
666=ABLaQALTgALdQApHFQVkxJLaQAQBlcC1QATA0nCACsBFQqRE2wDrROqkujrChcJKQFWAew
667=CLgBKiwARAKwF0RHv2iqs+UnoAEnIAC8NTNEBjxQAKQasDswAAhQs6oDprAiZCJIObipWF
668=4iOCojeCAkpyplZYlHU31/ql/+Zm2gJDghVFdbYZKb2VRaUEFLXYyTxSU8IASDtn1/qqaw
669=3KQDmqTmeHWbU1NscZ5cklgHqAAk5CCzsHeAviosA6QRXAVARlwCQGFQngNiaJhmbaCoA0
670=xkUKe8F0AEIAMIAKRiVHUkvCEDoavogoqeTLKsB7QtRDKoALgBoCikAiKiKKTmVB5EaEg/
671=XAhECKgDMxQAKuwAM4AAoEO8QVgKQBwnABQ2vAC8AqBYRClUBiJsICnQH7QJuAQzFAAnVA
672=Ks8US2tLRcLFSorAEnjACkFC0cAS1kBFQqQ6OkrNwnJCa4VUBkoCsgFRQAJ5QHuAoqAwiz
673=vO9cTW5DotgnaBtgryMYMkwiXE20UUCmA0pOcmZtoFD7aDYFpOZmbaBiaJhUUbBcTFIkiD
674=ciaDYjozeTmsikrbgcA56m+IWO0iJ+IoO2VwmapOa0AyTsNrQGA0xHXIWO0i2YA0C1U61s
675=cqkkaDZEKaAlfBQm0C4gDPQKKnwBJB80qrPlJ6gFtBUn4Aa4AS3gBrgBJIQgOYAAJxABvA
676=U5FAC8hqgbuD0gA+wAJ9QAJ+AAOYgBM2gAtAyoGFQAoApcPjOwACdQAEQFqACmAqawbOKk
677=AqwrrAEqFAC8AiAVFABIVCRoNicACLTwUBesQyT8QaQ4VEK7eZKb2ahXUK0DTEdcQz1NR7
678=BfX38kRDZmWWGPTP1ECKDHrAQkJCADXlhwrrn1QK8kTCtA6wamsP6TnOd9f6pAXq+1gorI
679=oAQDcWmEe4OSJJhCSCckhERb0LvH/UhjRGhcBUBYZpK59SQoNDBoACAYAAsqkAUwLACgNE
680=AlJ4QIKowAtAM5FACwBTmAAKgDMJgAJ0QAJyAAoBC0ALACtACkCCcUAKgVJzgAPyAAMxAB
681=KtQALUABJ7wALSAAuAGob6BJLUQAIBXoClzaIAYDCK659VH+giMASmAQmwGFjtJIpQZfX3
682=9scZ50eKhMUiTLJ1RYgkRKXwV9f6pP6IuU2kwBuFu3AIiOsUSqTweSm9kk4CpYECQcN0QF
683=XAWkHSRkMUxPqAC7amxyqSQkQSUINiOgTyI2Jbn1TBCoA7DFTCtYuCfwIyeIBCc0AUQCKi
684=wAWAEwCAAwnAUnRABcCyfACGwiLNQztDygGaQFpAK0ALAItAakAioUADbUACe4ATBAAagD
685=M0ABIBWsAS3UALgBsBSsASesAbgBqAMtGAKoAycUACd4BaAcJzgAoAFMMaABMBQASANIAF
686=wCVABIAEABtA9In0ghtDxIVCcACDBsCCfYCKwHpF8iJCaB/ZojhFlUAFSxULlIACRwWCRw
687=QANfX39fX38kTFgiOCojcyheWHBAVbgQTFhGsLO+IntQbHGeJNgpqAO8rSToT1BcWFtIY0
688=TCslmTmiJEVyScQSdqALjCIthEJABBsB1UAKgAJ9QAoAqsGUgDbQ25JfRbtA+sLqAEA6m0
689=9KGr6KQavAInFACoAySIOicEB6MBpa/yJHRXVMakAicUAEQCQAq0BlwvsD60AKAKrA0nvA
690=CgAaAKtAakAqgGszWfqvAgEmgAWBA2rAEnaAAnsAOoFUQUJ6wBMGgAVAZYmiKINJh5J4AA
691=VAZLA4yTxbgroCu0ACTAQSLMUCyAV7AyXAWoA1g0SABIBlQASAAnKAesAagtrEMqAwizvv
692=4t2AgjbFkikFxQp0gVQKxUSFOngorIvF8GVFiCl6Dvu8f9r6xfX39MVQNbUGBDPU1Mtahm
693=JN5hrrgi+EuwCFAjoA1AplAUsBdIDEgSRFMkSCBcJkQCJ0hiuGSoA1QSSAMksFpAAasDyN
694=T+VBsnCABMGagDWARQArQMoAFMx0gDKoxjtAO3JIuU2jZoAFAXRxR8hcQkZCUnvAZIVDNo
695=ACT0JSpoACfIALxQKmgAJ3wKIAzUADlAATloADmsASAPaABYK3g3KYxsUFA2DAUt5AW4Li
696=pQBqg5RAIqCwC4wvRcNSdoAEBDKAIIvO+oA1gQrENUA0cCgorIrA1cU0gDr/SkrNwkyCpY
697=B0BYBWxxnmxyqZukYKBMVVcGcWmESFcltkF/qku9fX+qQLK8sEAEXDUnwFykOKBYVAAqRF
698=qsrFwgJEhiSl1bYSJIYqCpcGICufXI1P4iNjqk5qsDs7zvpHE51ABUDKAZKqwBoIIqaABA
699=JSRkIiQwPlzFoAFcFySwJFgfJMxNIAxoAEArIEjUACAVhAIgIdQAJ3gFKAwFhN0qeAW8NV
700=g0sAVAATOUByTkXCKaNrn1JwMIs7zvtQaugEBcvCdoACdsCKAKRA4qlAdDjpqi2FRXJMxf
701=U6R8hcRUUUvbmqLYvFMk2CBPWExHXFjHBqqz5X2DtnyFxEAHTAoqkA5IsSTfYWVliaxVJ0
702=RaUERUEk+7YmiYVLpIKidoACTUNidoAEAcVAxcBUQFKmgAoBwq1ACgCjOsAUSnA3R4qGVl
703=iahUSB5IhyT4Y0sDbHKpqgObpGSAA4uU2lthj0QOXNdEd0wBeh+k5lTSqAMHi5Tan6rwbH
704=KpWxEAAP0NACAADWGPqrT/mqTmkpvZi5TaW2GPi5Tan6rwbHKpW2GPrrgraAADkpvZoavo
705=qgOqtCtoACAG1AAtQAEq1AAgFUABMNQAJ4QCA664/5uk9CdcAyfwAgllZYmzvv6fqvCTnO
706=eoHgaSm9mlr/J0eKgnaACjImJomFQGDKm09HR4qGJomLO+/qWv8idoAAOaotiuufWoAwm7
707=x/2ptPShq+iSm9lUBipoADDUACpDAZ+q8CdAAScYAgNmbaCzvv60CQalr/KmsP6uuP9cCw
708=AOqbT0fX+qW1BgbWxxcWmEXlhwrrn1k5rIk5rIprD+s757BK64/6gAuAF8GgJ7tj9CYVwg
709=ArO+/qq0dgOzvnAFBqm09HeAvkpOcksDu8f9twa7x/1ID2INg7ZLA5qi2KQCSAagAS1oAF
710=AsKmgAJ0ABKq8Brrj/MBsCqrT/rARRTXSHFIuU2kwQUB1IAFxECaq0/5+q8G92sT9CYT9r
711=AKOs/j/WAKawcD4qQAE51AAgA2gAOUABMGgAWBNIAKAcLVwDOawBSAZIACc0BCegBFI7pr
712=B0OUABM3gFvDKoOSdQBrQ8Kr0GfSAdlwe7x/0nRAkwGAJADbgTUmKqtGNYcWmEtFcPeHWb
713=mqTmrrn1iI6xmqTmk5znRCMqCACnF5Oc51NTW2GPtG+gCrQYV2aaothMbS1oAFBKagOk5q
714=gDUFYnCwCuufUnaABIbLwCrApYJUwNJ0ABKmsAqbT0SAMtGAKoFUgwSBsqaAC8AlcJo6z+
715=XAK7i2JomLwCrCUqaACsrLw7RGIzaACsB0SPMEABqAMq1AAqrAE8QAE21AAw8AK4FjysAS
716=3UACdcA7QGLaAEUAW4Lj+UB0QvLVAGJ2gGMCgHqAMwlAcnrAFAIipAAVwCSAZUADYYArAX
717=RC+3V31/qkiuA15YcH1/qljHoAcDn6rwoKn8pAWoYCcsAFwmQh+qtHSfoGEn4ANY1lQDZg
718=W59agDtAmsAVwUYAGIAydcAGYCuP+0BkxSrBYndAAnQAEDqbT0rrn1J6ABqEsnGAIthAJU
719=xrOPn6rwpAW8CEMQo6z+XBq8mKixNmgAJ1wAIAnUADasAUxSQBy0FbgKJxsCpa/yJygcqg
720=OmsMcUoKn8NtQAWOuwBScUACdAAagDtAC0A6oDo6x4xC2EAiegBEwQLQwFJ+gBoPQn5AUw
721=vAYtaAC4AUT4JxAHoAGoDzNsCLwUoBC8C3gEhP4nGAKkFFgBJ2gAoAEJiI6xX19/fX+qjJ
722=PFJ9QDqANUAAamsP58hcR9g7ZiZKTmrBNAOqgSJxQAvAInOAADmqTmn6rwoB+sUqsDoavo
723=QAGwa1i7rAG4AUwBS7SCisikv6QFKCwDCLn1pa/yjJPFpKzcpAUnMwuuuP8thAK4FlQApC
724=awI7QAJ0QAA6aw/n2DtljcUKdIG7QDQ0yapOagJU8BkpvZsOw51ACoAzysAQOTnOeXoO9Q
725=+6gAqDCkDgaptPSfqvCMk8UiZCicNbeKrrj/SAZIAKgGJ1wGVBI2hAJIA6wKLVwDTBMtFA
726=O4BCcYAqgYMAwFoQSuMuQFSzC7x/2sEzCXB6qz5aAEQDowlAc21ABIBrg9MCAARBS0urB9
727=J4gESBsDrrj/oavoVwOCisi8OLACJCQvDHeAvnR4qH1/qnh1m3yFxE89m6T0tCp8oSP8Kb
728=gNA6q0/4yTxSTfMYKKyHQGAoO2fX+qX/iapOZYfAObpPR0e7ZMBCRLL6m09KABA5Oc55uk
729=9FMyfYO2tAZUAHIRmshTp56m+LQDaiGi2EQXRAVUAFsKgorIeRN7lAYphAJEJqwKWASgrK
730=QaWwGCishUBgmXoO+FjtJscZ50eKhUACdfA5Oc56gPUEewLKMBi5TaQAp0AwJ7tmxxnkR9
731=dgCDtidcAEAKUAsnrAGg0wmCisiFjtKXoO98hcR+BX+qUAsDhY7Si5TaQyiXoO+sCkszkp
732=vZX1OaothXAJKb2VwFA3R7tmZtoHQGjyKFjtKkL2wQAniogorIoBNcI6EBi4QUTAdELHYG
733=f6p0ACAFhwKbpPRUIUwTXBpUAEw3TzSbpPSgPVApLecFmqLYTARwFAV4qHR4qIiOsSAMlA
734=dMLifXAIuU2qCdTA24nScEFlAOJ0QJREdYDWQa7CigH7g6tABEAkxMTPckcDe8CFwLtDCj
735=Flthj1wvSBtELwyepvh0e7ZiaJilr/KjrP6kBbQAU0pscqlDqXh1m09SbHGeWKYDfIXEi5
736=TaSEW4T0icWA1cCEhmUAtcNSQAI1gNtIdETUs2i5TapAgJTEdcNjI+dHioo6z+TBBAmglv
737=bZI0N1E/QmFUWIJUqFAISwxbYY+8U0A6VB4kCDxAFkhgpAtENQZ8hcRvdrFmbaBwC4A9SA
738=kDfIXEdHu2VgN0e3hSJ1QFXAi4FkQaA0pOckpOcievAVRYgiesAUNSb3axVA+sDVwIVJm0
739=AKwNA32Dtm9tkkwZUBS0JFRFRCO/GmxxnqUUkiOQPidfA2xxnk8TdHioVAAgIYQCVydbYY
740=9UvaRWSISoG6QUtCG0G18CjJPFVBUnhwJ0eKhcNUcXmqTmUAIGNDdRSk5yVFiCSFEgEpQH
741=qAZdOFuESkyUA5Oc56Cp/KRKqIdMdqQURDvWcoO2QAdcAkBDSE64prVXsyOEQUD0A29tkl
742=tQYKwZVzNfX3+gPQN0e7YoJTFMFkgtsA60OVhMXAt43wWk5n2DtltQYFg6DGJomIuU2nh1
743=m19ff29tkkA3CWVliV5YcFRYgmZtoFQPtEIDd4C+mKP2UAUGXlhwQz1NNDdRTwRscZ5PKJ
744=Kb2SRMLlARA0M9TSglMXRXgEwGcWmEbWxxXlhwUBEGVFiCP0JhW1BgSEUqhwJfX39AE6QU
745=VGlIP0BnrAoDTEdcVFiCqBgJbHGeXlhwZWWJZWWJSAa8BUhySCRYB1gfTFJLbFthj0wNWB
746=MDNjI+W1BgXB0qrAFcHVAFrAc8rAGjZHh1m1AaSAC8GgYoJTFvdrGCisgzXwNvbZIgIYQC
747=SBsnhAJcIEwBSAB2IYO2KjQETENEOEhXTFVEMieEAqQvA4uU2nFphCRsSlQhSFcDTEdcW1
748=BgIBWUB0DTVD+kSrhqTC6sKCeHApOc51wRJ0QJA4WO0nh1m0RECUxHXG9tkpqi2H1/qiSR
749=Ka4j9DRHEW9tkicUAEORQz1NSBVTYkpOcqtIX19/RBdEAldOSk5yUB1IV0BSbA0Cf6pDPU
750=1cUFwRXAInEwR4dZtEPkMlTEdcRBSwBUxGVG9EpFQ/XAgDQz1NXlhwUIxf131/qq8lW1Bg
751=txUoJTFMJUx/XOagK1gQJMBHX6FlZYlYrDaEAkQ1tHioEkANWzFscZ5AXrRXtCFAT6QUWG
752=G/BVthj0ilXPUnhwJKTnJEFEwHLawBUVxbhFw8rAFbQ4WO0lQVSK5UGLdXP0JhRxF8hcSk
753=HXAgI1hPTw1fX38qvAYgJIQCUES0G3RXnDUDNDdRbHKpTBCgqSrkBaQUpy+FjtJPFltQYC
754=3kBVM1X19/uFggA5QHWUlsI9gmLQ8Fd4C+pEpEETZECagkVEhTF6Gr6Fx9WBkkayquuP9T
755=pH2DtrD4rI68BUgqTBZbHDQ3UVAvt1c/QmFAEFCnWAdUCUPNfIXET4U2Mj5UBlSTJ5ARJE
756=gmUCCsYXDmAnKpd4C+vOxUCUioXIO8UFiyA56m+Jeg77xuQ1g2Mj4n9Aq4EwlbUGBxaYSL
757=lNo/QmFUEki6RA5cCEwBJ4QCJCRWXGJAGVxlald7tlSfA2VliSglMUR6pPJUElCMSAm8BU
758=hvTFhfbmZtoExSTAe0V1ALrFhQ0TysASTYX0ANXBcnrwFscZ5MRkgDrHxUD0BYvBq0VyTg
759=XVDIsHonXANQZSBFhAJQhrCJZBSM6CfkBSSEXKcvXlhwKuQFvGtAKEjSIAyUB1DyKkQJTA
760=EnLRKXI1EwiyPQKCcMBUwuSKJcJqBtXDJARgFiaJh0jDpQjFwFWF4DfIXETEdcSFpEPrBN
761=rxNKTnJIlqQ7T2RbYY966GGPWARAB0hXuB9cd0jhIhxD9GBQvExbTA1UrkMHXlhwSJBIYF
762=ARJLAntEJEC0ygdhh4qFhhQAqgo7h/qMxgDSOANiJsLAJ/qpeg71gQWA0BP0JhXiMgIaQU
763=vAuoAyS8bFwaWRNsi0hscZ5QyCc0BCfACERoWDRUBkt1b22SRxFscZ5LV3yFxEQXRIakFK
764=Rlr08/QmFMBEtUW2GPZGIjbG4rrgFyqa8NbHKpVA98OyMQK0gqKlwDJ8gAVB5YIlBcoAp+
765=EVBgIDeEAiNsMrw1tCGoD2yLI0AlKoQCRTh9I9gppC9ANCeEAqydIA+UByq8BlzmJC9gNj
766=I+RERHiYuU2lgQSDakI0g8WDFAgkh7XlmqtHisrD0kyCd4WCM/O4KKyFgxTFtM1l9TQz1N
767=QAREgFQ2vAVYB0wNVK5foWxyqSSYIVAaRMtclUiTrBCsAUzKSAlMH1wjVD9ERCRcLVAXUA
768=JEFECLBEM9TT9CYT+EUFgEUBRQgKfUbHGeJw0FTIxqJwwFWCUkXSo0IwQxMIcCTEdcpBQD
769=b22ScWmESCRY+lAjVC2kFEgepKpU+VAXUFZXUVRYgkRrTNNAwagnKoQCtPlABC00BKwNSB
770=42rAFLKmZtoKDrSCRMASdfAz9CYSREOUgYXI8qXANIHqwNIDCEAlj9tCFQESc0BFQtIAPk
771=BQN4dZuMk8VQnkTdQI6kfSAMlAdAr1AdJw8FfIXEQCI/RAlYjlySIv5WmsigLqDlQDokaD
772=BsXoymJBAxBkM9TUM9TV5YcBEAAKgLACAATn1/qlRYgjYyPmZtoF9ff0pOcjQ3USglMXyF
773=xHh1m3FphIKKyIuU2kxHXEpOckM9TVRYgmxxnltQYGJomIuU2pqk5l9ffzQ3UVRYgoKKyE
774=xHXEM9TX1/qn2DtmxxnjYyPkAKCVRYgkM9TV9ff29tklwCABJ0eKiCish9g7Y2Mj4oJTEo
775=JTE/QmGLlNpxaYRxaYSFjtJ4dZtXA2ZtoLAOAXR7tlSEFAZiaJheWHBKTnKgB6QUWAoGd4
776=C+hY7SP0JhTA2nEWJomEcRW2GPsBdMFgk0N1FKTnJ9g7ZDPU1UGAN0eKh0e7ZDCjYyPrcM
777=NDdRQBlcAiqvAUxHXKwNA3eAvnh1mzasAWAHB3u2eHWbfIXEdHsoXANIIUATVAZAK1MjbH
778=GeVANfLD9CYXoTUGCnFJKb2SAqhwJ9g7ZQDrQhRB1cMgNiaJhfX38gA+cFdHioWAQDbHKp
779=Sk5yXCxULSAMlAcDNDdRZWWJRAisKEQdQB+wMgMoJTGCishEOwZlZYl8hcSFjtK4LqQUCW
780=xyqWVliYuU2nh1m6MuTEdcvCZHMkxHXEwKQwF0eKisUlQnXzhbUGBEL6Q+A3eAvltQYL8O
781=NDdRqAm4SQOLlNpbYY9cO1sudHu2QBBAClQAv1B8hcRAW0MEjJPFTAqoNgaMk8VlZYk2Mj
782=5PCkxHXFAXtCEJfIXEo6z+nqb4ZWWJq1c0N1FQXAmCisheWHB9f6qSm9lQYgOSm9k/QmGg
783=WyeHAnR7tlQJJ4QCTDRYYVgQQBBUVEAQpxRvdrFQArsfbHGeYh97tkcXVFiCUGJYVVwdqw
784=ZfX39bAUxHXCeEAiASrAEDX19/W1BgXGIDm6T0l6DvJ1wDQIJTC3yFxLwaBouU2oWO0ouU
785=2idcAyAwhAKsQ0SDQA0tNASkFAOgqfybpPQnhAIr5AUCg7aTnOdTL5Oc5yeEAlQGRCkgDJ
786=QHUB1IBl9HW2GPpEqwLEQCJ0QJLYQCpEpAB6CXBkM9TSglMV5YcKArRDJAN0wKRIlAmgN0
787=eKhxaYS0V6Aor090eKikZVQ5WEBAmgN9f6peWHBMRlhJSIeoBkBnTEBcAkwKSzaTnOdUHq
788=QIo2dmbaCrUUM9TVg3twY2Mj5YEFC2QGEGm6T0k5znbHKpXBGoPExhA4WO0n1/qlQDoApA
789=AVRyo6ZlZYm8CzCHAnR4qFxZRIZMeQN8hcQ/QmFUBky1SJykFEAESAlcF0SAA1RYgm9tkk
790=RlTJEDd4C+XlhwpBSkbljNRBq0JEs/bHGeRI9UBic0BEgJM6wBA292sWJomEBGRxeLlNpA
791=jrQ/rB+gjid0AEABRBS8GiAwhAJAKDCEAgZ3gL50e7ZvbZJDZ5eg7zbkBViFA5eg75eg70
792=BYpBRUhKQUIA+XB29tkjO8BmZHf6qkFEcygorIvDVEFFTSrEBcFLRXUDIDW1BgW1BgW0lK
793=TnKoS0dcbWxxoDe8SkCyVEh2Wnu2tFeg/VALuwp8hcRQGrCbWDpQp0gPSPNXOYuU2rgBQ0
794=M/QmFEoSTMIFQJUJ5Mo0DWRLBYDUwWA3yFxGxxnldgfIXETCgnrBxUWkgDXPhEDrgrW2GS
795=m9lLyVthj0SnA2xxnj9CYU8KdHiopEqsB7QGVEVMfKcRW2GPSAOoCQNbYY9mbaBMEFhwTF
796=uwGlBTSGC8TUgYRAhEF6x8VCdUclcJP0JhSAMgDKwBV1d9g7a4EEAQsFNA30AoSGm8HUxb
797=SwCLlNq8GlAFIDOEAlgusE1QDgFbYY9bg6CFjtJUJ1AdUAIt5AW4FkxqoceXm1tiaJhHIH
798=yFxFQAIA+UB1w7A2xyqT9CYaQRJ0QJVCpIA1QhvAJYEFARpBRcPkAlVVGLI/coXlhwSPZA
799=i1uvb22SQBBUaUAHR61vbZJYWFhJVANMBFhbR8V3gL5QU0NAjJPFTAqwlVNWP0JhUCwDm6
800=T0gorIT3N3gL60G1waUJJfm56m+FvBoKn8U61mbaBUTkQFA0pOcm92sawBSA9UCU8BkpvZ
801=twZscqmjJYWO0lAOVw+XoO+sDQRvdrGgqfyXhIC0AFQDTBNMDVSiRCxUZlDOVDNMCkSJXB
802=FUJEjDqCFIVEwBqANUjUgDTw2TnOdAWFQJXAgkCCe0BkgDpAhQKaQLuAFUBqwNuBOkX0QI
803=tAZcCzasAbgftwN8hcRYELAXQApMDbjNVFeoALApqAMgHoQCJJQrKoQCvClUObQVKqwBpC
804=9MNEgAXAKnBT9CYV81o6z+UBQnCACoA0QvIBWUB0CCUDVTPoyTxVQ8rAG3PHeAvqRKoC5X
805=JJeg70BYRLZYvlwmSABceli+fIyYuFxWQAq0sahaRJ64NKAWuFK7TJ6m+FwOs01KTnJMCr
806=8Ck5znQ1WSm9lMHyRUL0wxRBGjBKaw/lgEKmgAXKdMQAOSm9mgqfwtaAAnuAG8XyrUAEgD
807=XBdIG6ABJxgCTA1IADBpAD8jxTeLJlcpl6DvqDlQaKgDuENAB0cdi5TaWFiwF6gGWNlfBZ
808=eg7y1oAC2sAbQGoQqLLKwBpBSoAyrUAFRpLWgAuWSXjA0zaAAgG4QCKkABUB2oACqsAVQe
809=pFZTFJOc5zPkBVM7kpvZoEAqUAYgIZQHLUQJTEakFKgerwGXoO9J7XyPf2xyqVRXJ+gWWF
810=WsWCSoIKC1sHFIk0AHTCuk76geX7x8hcRc4FgiUBpQyFDvrA0naABAHCADaAAtQAEq1AAt
811=aACkFycYAqBAWMq4EEwcqAOjUnyFxKgDpKQgEmgAIBVAASAV1AAneAUgDPACKqwBuC4/yA
812=MgBgwFM+QFICqUB7gQoAozrAG8NagDUCNEHUTXJ4Q4UB1DVWxxniQYJgxMR1xeWHBbUGBv
813=bZJfX39MAaxwqLdMAVi7TA0kvDZMCkQCSABYVVUAiyMwMiSoPqQCsHcnaAADP0JhfIXEWH
814=lEAiAJaACsDSdAAaABLRgCUxqLlNq8ETNoAEUOi5ChsBe45bQGIAloAFjZsAVAB6ABVMag
815=CjloACqtAZeEqjbUALjQIAxAAS0YAiqsATloAFTwuJonrAGgEzMMBaAuVAmgASAGlAewBT
816=OUBzNoAD+UByfUAEQRqHtRVnQjpDlQVgk2Mj5DPU1vbZJbUGAkTFJI+Vg0RBqjeYKKyFte
817=fIXESABXnFRYgry8JGkhlyNcKidoAKQFIAxrAFthjyAD1AA5GAKrA3eAvqAWpBSsAax8qw
818=NKTnJAxCdcA0gDTHMgEmgAROw21AAgFWgAORgCICdAAUzuTDeoHidUGrQhrDesKEwBSABE
819=BaworAEk7CRMAUgAqAM5vAY2bAggG5QHJygHTG1MWEQ4Am92sWxxIthHA2JomFthj1wCUA
820=IkkCBNAZMjcE8kMDJUA7xfSFqsB7MXP0JhJ2gAXAJIAKEEfCNsSkgDJ7AVoAoq1AAqaABU
821=gTNoADBAAS0YAqU7P5gQSAxUD0gAtAZMGSfwAidFAIuQsCAGaQCXlKVACicIACdAASpoAL
822=DaIFRoACAGXAO8FzCEArgHKgwFLXgFKlAGqANIBkgAQAoqaAAqKAc5aAAgGJQHqHsnlAeg
823=EExtqwBscqlIAFACuLJ2WnKpSMxUA0h1UFAkSCADi5TadHioSQCbI5FBfCPARKgDWG0DdH
824=u2b3axSAMkLCpEYiQMRKgDVwaepvgnawA0N1EkcCs/1AAwQAG4EEEWlyMoOi2EAirwAkz6
825=KvACSAZIALQGJ2gAQAFQWTnUADNoACAV1ABIFSADrAEkADtIDLAXQAE81ABQGkgAuElQBS
826=fUAFQtXAJIAC3IAyoYAlgrMJcHb3axLSgHKpQHLSgHOZQHKmsAb3axKgAILWgAJxgCuEak
827=FCJYKzUcClAaSwCLlNpUAF1QfSMkZbRXWB9fXIuU2iQwJkwEJNw9WGonaACkBTZoAEQFsC
828=lAAUgAKtQAWAE/aAC0mSrUAKQCMBkCi+ypOWgASPxANEg5S+E/QmGoCbQAIFFoAEQmMxsC
829=hY7SIEiEAgKFjtKLlBEAANAGACAABNpbYY8/QmGLlNqTnOeFjtKLlNp8hcSjAVthjyADaA
830=CvB3yFxEABSAAq1ABbAZOc5yAPaAC0DzAbApKb2TZoAAaTnOeLlNpxaYREDqgYBmxyqTQ3
831=UVthj78adHu2TASwETBoAAmXoO+TnOeCish0eKgn1ABfCHR7tiAVaACsDS1DAYWO0jwYAl
832=QGUw58hcQthwJvdrGrA3eAvidoAAOSm9mCishIAzDIAzxoAAaFjtJvdrGSm9ktrAG4KyAY
833=aACkFCrwAidAATBrAIuU2jbwAjloADlAASBUlAczbAggEpQHvBoDW2GPbHKpvFBkRwJ7tm
834=ZtoEw0UFAJP0JhbHKpl6DvgorIvAsDbHKpkpvZqANPQJuk9KgDpEQtawCFjtJQPiAPaAAz
835=QAE5GAIz8wJvdrGwF6hvsD68GqgDTAEnaQB0iB5IFagDowp8hcQqNAQgpWgAqDkqXAOoOT
836=B7BYuU2qgDIF2UBycYAieEAirwArAysMW8d1M4l6DvVAADd4C+Sk5yqAOwdF+Vm6T0WFhE
837=OzNoAEwNM2sAnqb4NmsAm6T0OWgANqwBMIQCsBcBi5TalyzwArzOpGKkdCdcAypoADzUAC
838=o0BCAG1AA5QAE5aAC8LCAShAJYcyAD1ABEODagBFwCtJlMBCB+lAdYMSoMBQNKTnJ0e7Zc
839=MgNbYY9KTnK0PAl8hcR0e7ZUWIJ3gL6rA1RYgrsrfIXER6pUWIIkeCNUtzBrAHeAvlwgM2
840=gAIBjUALgQOYQCJ2gAWxN0e7ZIbCfwAkgDQDS0PKgDVwCCisioHi1oACAz1AAn8AItrAEq
841=5AUwaAA5hAIqaACkMkQaqDknaACoOSc0BCesAbw1XJggA5QHOSgHIDNoAKAlOYQCSDkqXA
842=MkiCW3BjQ3USScKUxPSAAnawBiaJgtaAAGl6Dvi5TahY7SqAMBd4C+l4UCi4CgoHk/aABY
843=0yrVAIssQAG0D6AKKmgAM4QCRGUqhAJYGbgHqDknaAAkPCMgP2gAQO6kfSAnGAIgJ0ABXB
844=EtoAQgD5QHqCewMiAGlActbAgqKAdcXypAASpoAD+UB6g5sKFErbB3WF5ME0B2t6uSm9lU
845=D6DTLWsAk5znM2gAQEYwagB9g2S5M2gAJ6wBMNQAJ2gANhgCWB+0FSrwAkwZtMZUIUwBJ2
846=kAhSMMOKyyICpoAKAlM0ABPBgCMOQFpBQ81ACoHiAMXAMnhAJcKSc0BLwmqAM2eAUgD7wG
847=tDxcGjYoBzxAAagSM7AJqAMn8AInoARMUrxfQHNIMLQAV6I/QmEk/EFYc6gAqANEVj9pAJ
848=f8sKQLqA+0BipoAC1AASdpAIuQsCrUACccASdoAKQUOfACqAOkdLDyqx4/QmEtaACsBCpA
849=AaQCrA0gY9QAJOguM4QCOWgAuCsq1ACkGicUAKgDPJUHl+g5rEAqUAYnaAAndAYnbAggFW
850=gAJx0Bi+BApBS8NSdQACpfAzQ3USSkJwNscqlscZ4kMD5AfKjMKGgAI2lCfCPQKyprAG92
851=sSdIOCrUAFgcM2gAQHM8aAB4EDWsAT1oAPAXUM4qhwJscqkkkEGkj6gDVHgDgorIZm2gNm
852=gAOdQAJ2kAfCN0MKAKJ6AEIBtAATCEAiesASAJaABYbSfUADOEAidcRSq8BrQGqDkgBpQH
853=PygHIAMACC2sAUhUPJQHuCsnXAO8OFAXQ9Y/QmGgW6R6TLigASpoAKAEP2gAWBC0Bqx2J9
854=QAuJqoA7ACtAA/QAEgBoQCWASsFi1AAbECfCNkXlnufCNMTLgQIK5oAEQgvBqgK7QbIDOU
855=ByooBy2UB7AOKhgCsBEtUAawArQAM2gAvAg5aAC8Dkt7bHGeJNxhv+xvdrEoaAAmIGMnaA
856=CwvEhgJyxgIANoADPBX4IjBGGgCngQ7A0tBGEqaAAnrAEohAIs8AJYi1hnXDgDd4C+Zm2g
857=vBokC05scqm4LiSkVwM0N1FUWIInaAC0BipoACRMTzBAAVjZLWgAIDDUADlAASpoAC3wAi
858=rIA6AlsBdI3mwoLKAEPJQHvDV0BvAyvCMzgGYnaACoOSpsCCR8NyesAS1oAKBAKCgHKawB
859=LmgALPACKogZTLgDb3axZm2gUD4kKFgnlBawCCpoAEAiJIwhSAOkKVAjtAYgPGgANoQCKv
860=ACW98/QmFQF0gSRC+rA2JomFQ8NmgAVBg2aAA51AAgYGgAUOw8XAMwKAe0ITYoB7grXCYg
861=QigHLdgIXDUnRAm4EDzwAr01Pya1IHyU6iQwTUHNSiO0YrS6P2kAlziYYDloACRYSVzCIA
862=ysASAMhAJBTHwjkCC8pCQXMD9CYSpIGgGLlNp8EQAAYwYAIAANhcRvdrE/QmE/QmGCisiF
863=jtJ3gL6CisiLlNp8hcRvdjFrAJOc5zBrAHyFxDbUADloAD+sATkYAqsDdHu2KvACrA0Pk5
864=zngorIdHu2Sk5yP0JhhY7SsAVAASAVawCXoO+kIypAAbglOWsAk5znMNcAfIXEIBgYAirz
865=AkpOckAcWBwDVFiCSk5yoBwDd4C+b3axJ2sAW2GPKmgAXAUwaAADgorId4C+ICpoAExDNk
866=MBfIXEXDUqhAIq8AInawBvdrFEBagDoCgzawCLlNqgDaAKICTUAFwOM6wBIDAbAoWO0jas
867=Aag5KhgCLZQHJ2gAVDZQbiCTlAcDi5TahY7SsBcDNDdRb3axpAJIY6ABM2gAA5Oc54uU2i
868=drAHR7tqhsVAYgJGgAWBAqQAEgEoQCsBcDfIXEW2GPJ18DgorITBakFydrAGxyqaQCqAO8
869=QbQGLWgAVD8gY9QAIAYYAkwosCBQMqABQBy8GipoAC28Bkh4A5Kb2YWO0lQGLWgAIBWUB0
870=wNKigHqC24EC1AASASlwd3gL5fNXR7tkNwSk5ySABQI68Bd4C+XHcnawBUWIKkBUDHIBVo
871=AEg/IC1AATDwAlCbXC+ow6wBuAG8Gq8BdHu2ILRoALchb3axuBwqyAOoAycrB0pOciAeKA
872=cgFQAIIBjUALQVuFIqXwNUWIInYA6wX6c7P0JhJ2gApHEkhCMkEChIAydADbRpvAu0BiAG
873=aAC4ClzXNtQAJ6wBpBS8BS0YAqgDsAK0ACrUALCtTBMkKChHOzQ3UVAXrBYk9CWrA2xyqS
874=CZaAAtXAO8ILQAKjQEJ3wHM2gAM3gFIAYoB6AKOSgHOWgALYQCMxgCNpQHSDZIWgaCishm
875=baBmbaAnEyhUWIItawCTnOckfCgn2Bcn1AAzawBscqkqQAEq1AAgFWgAP4QCsBdIOSfwAg
876=Z8hcRmbaBiaJisvidoACRwKyBsaABIbEg8QBOwF0ABIBvwAifkBVwIoAogM5QHTBaoOTkA
877=CDNoAC0oBytuCHGeJ/ACUMU28AK8GlQAs49UWIJMoCo4EkwHKmgAvGugBCBjaAAkhCMqhA
878=KsE6QCRHpPbXyFxCdcAyRcOUhCIAZoAFB3qAm8CCAG1wA/QmEgadQAVEuwEbAXRCYnNAQn
879=aAAgYygHUBE2GAJMFjloAKC1A3R7tmZtoFw1JHMrfIXEJMAyuAowaAAw1ABQmzbUACAVaA
880=BID6AKMKwBIAZoAKMfYmiYJ1wDA3eAvmZtoKDoXLAnaACgW0ixSAa4WzBoACAz1ABcDiAh
881=GQKFI3xPJ1wDTKwn8AIgA6AEsPIzAAg55AUw1AAgA5QHOUABIBVoALfqd4C+RIwDbHKpYm
882=iYRDgDbHKpP0JhJwAXJ2gAVCEtaAAnrAcw1AAnaAA51AAzaAA/GAInrAE28wI0N1GoA0zx
883=J/ACJJwjqANcDipoAEgVp3RiaJioA7Q5RNogeGgAJ1wDKoQCSEgqXAOgJageJFglJ9QAqA
884=MgKpQHMEABQBOsc0gqIAnYCDCEAqg5MIsKNDdRKnxeJExAsQ4/I+herPFDCnyFxEQjKmgA
885=JCAhICGkXVHaP4wNIANBAXw4GAIwaQB8I+xgJ/ACJBFbP4wNJ2gAJDA+TAS5Kz+d/nwjPF
886=kwaABYBDZoAFwCSACkR7ChJ0ABIDPUAEhFvOmsUicMBSddA3wvoAQgbykHgjgwaDDwAids
887=CC1rAEpOciToKypUX0QCQKAzaABQJjloACSsRlgHSDmgCrgrWDowaAC0PDxoADasAUgMIA
888=NoAERHuBCsDSrUACdoAKdBbHKpoApUTjBrAGZtoFQhTARYH6AKJ9QAJ2gAIB7UAEQmUAsk
889=EDSsDTBAATOEArRyMGgAMMgDSAywFz9oAKQRWBBEJi3UADy8BiBOlAckOCdIWlTkS7Fscq
890=lcvEAWqHVMNC1oAKQCJ8RJJ9QApAKgaqQIM2gAuAcgA2gAJ2ACpAszGAKsBEzKJ0ABqA8n
891=8AKgQDBcAyQgbyQ8OyTEKKQCuAcn1AAkJCxYQ7ywWCJYOifUAFAdqAOwGjNoAKAKIBVoAC
892=0YAjOEAjC8BifUADBoAC0MBVgZJ6AELWgAJKRRMOQFJ0QAJyAAJ+QFpAJMIqABKkABJ0QA
893=JyAAJ9QApDhQBTNoADmEAqgDJOheVIqwd1htCXyFxGxyqUpOcnR7thEAAFIDmA0JhY7Sb3
894=axb3axSk5ySwCCisisAQR0e7aFjtJvICBrAHyFxDZAATxoAANscqlKTnJMBwOCishscqm4
895=AQNKTnJ8hcSsATxoALgEpAUt1AAnawA/QmFIDAN3gL5mbaBAAQpvdrF8hcRmbaBmbaA/IA
896=hoAE0TfDXUADloAKwNQAQBbHKpP+wNtBUqaABEMi3wAjY3BHR7tjloACAJKAc5UAY5bAgg
897=BtQApAhANyAJXAMDVFiChY7SSzZ8hcRAHLQAXyY0N1GoAydQAC1rAIuU2qgDuAdMASfUAC
898=AzaAA5hAIqaABMAScYAqATuxZ3gL4waACwArQABmZtoDQ3UUpOcks5d4C+sAKgASdoAFgr
899=pAJYMaABM2gAAXR7tneMXqAKKtQAIBVoALARJ6wBvBqwArQAIAnIA7QhtAAn1AAnvAZQOD
900=ZoALAOQAQw1AAgJ2sAhY7SXAugELQAJ6wBqAywAlw4SACoA1RUQAFcAgNiaJhiaJhbBHR7
901=tkQCA1RYgjQ3UaR9qwOLlNowaABfkmJomKgDUAUq1AAgIWgAMxgCOYQCPGgAWBMnQAFPmn
902=eAvrwaWFUzawBbYY9DT292sVhGvBon1AAzaAADdHu2W2GPIBJoAEAoM9QApxRbYY82hAK8
903=NTPwAqgDMLwGJ8gDMGgAvDWsKEwKqB5BAXyMx1AUIHKUB1T/vHcDVFiCP0JhWFhINqQCMG
904=gASxt8hcREj7AaTAEn1AA/aABYCiAS1AAzrAFICTaEAjZoAERBLWgARAiwF0ABVAysqVhb
905=uKOsN0g8TBykAidoAFD1SH4gFWgArA0gCUABuBC0BjCHAj9CYTBcA0AWJ1wDLcgDJ2gAIA
906=mUB6gPowp8hcQqlAc5aABADUgAM9QAXAJIADNoAC1AASAD8wKFjtJIAAZ9g7ZscZ4/QmGs
907=dkC4A3R4qIuU2i1oAKjMIDNoAEANSAAqGAI8rAFHIHR4qEgGXJJUHirwAidoALgfNmsAdH
908=u2JAQrqB5XBmxyqbDXJ2gAvJ50EgJyqYKKyHgiBXu2YmiYP0JhtKUnaABZB3QsaAB0EpQG
909=MGgAJ9QANkABMxgCXAgwhAIn8AK0ITnIAzCgBHQPICmUB8wWICxAAUgevBow8AIDfIXEdH
910=ioEQAA

[Actions]
01000000=4,27,0,600,0,0,0,0,A,103,4,MISSION:All11T,0,0,0,0,A,21,6,EVA_TimerStarted,0,0,0,0,A,53,2,01000008,0,0,0,0,A
01000002=2,19,7,NukeSiren,0,0,0,0,A,53,2,01000004,0,0,0,0,A
01000004=5,95,0,0,0,0,0,0,I,95,0,0,0,0,0,0,J,95,0,0,0,0,0,0,K,95,0,0,0,0,0,0,L,54,2,01000004,0,0,0,0,A
01000006=1,53,2,01000000,0,0,0,0,A
01000008=2,21,6,EVA_1MinuteRemaining,0,0,0,0,A,54,2,01000008,0,0,0,0,A
01000010=1,17,0,12,0,0,0,0,A
01000012=1,99,7,_Amb_WindCold,0,0,0,0,N

[Africans]
IQ=0
Edge=North
Color=DarkRed
Allies=Africans
Country=Africans
Credits=0
NodeCount=0
TechLevel=1
PercentBuilt=0
PlayerControl=no

[Alliance]
IQ=0
Edge=North
Color=Gold
Allies=Alliance
Country=Alliance
Credits=0
NodeCount=0
TechLevel=1
PercentBuilt=0
PlayerControl=no

[Americans]
IQ=0
Edge=North
Color=Gold
Allies=Americans
Country=Americans
Credits=0
NodeCount=0
TechLevel=1
PercentBuilt=0
PlayerControl=no

[Arabs]
IQ=0
Edge=North
Color=DarkRed
Allies=Arabs
Country=Arabs
Credits=0
NodeCount=0
TechLevel=1
PercentBuilt=0
PlayerControl=no

[Basic]
Name=Extra Small -Winter- (2-8)
Author=Graehl
GameMode=standard, meatgrind, navalwar, nukewar, airwar, megawealth, duel, cooperative, teamgame
Official=no
MaxPlayer=8
MinPlayer=2
NewINIFormat=4
MultiplayerOnly=1

[British]
IQ=0
Edge=North
Color=Gold
Allies=British
Country=British
Credits=0
NodeCount=0
TechLevel=1
PercentBuilt=0
PlayerControl=no

[Confederation]
IQ=0
Edge=North
Color=DarkRed
Allies=Confederation
Country=Confederation
Credits=0
NodeCount=0
TechLevel=1
PercentBuilt=0
PlayerControl=no

[Events]
01000000=1,13,0,700
01000002=1,14,0,250
01000004=1,13,0,25
01000006=1,13,0,1220
01000008=1,13,0,540
01000010=1,8,0,0
01000012=1,8,0,15

[French]
IQ=0
Edge=North
Color=Gold
Allies=French
Country=French
Credits=0
NodeCount=0
TechLevel=1
PercentBuilt=0
PlayerControl=no

[GDI]
IQ=0
Edge=North
Color=Gold
Allies=GDI
Country=GDI
Credits=0
NodeCount=0
TechLevel=1
PercentBuilt=0
PlayerControl=no

[Germans]
IQ=0
Edge=North
Color=Gold
Allies=Germans
Country=Germans
Credits=0
NodeCount=0
TechLevel=1
PercentBuilt=0
PlayerControl=no

[Houses]
0=Americans
1=Alliance
2=French
3=Germans
4=British
5=Africans
6=Arabs
7=Confederation
8=Russians
9=YuriCountry
10=GDI
11=Nod
12=Neutral
13=Special

[IsoMapPack5]
1=0wwAIAEiAAEAgAACCAAhAAKEAQEACAAiKCkAIygrACAAA+EEISgpACIoKQAjKCkAJCgrAB
2=8ABPkGICgpACEoKQAiKCkAIygpACQoKQAlKCsAHgAF8QkfKCkAICgpACEoKQAiKCkAIygp
3=ACQoKQAlKCkAJigrAB0ABukMHigpAB8oKQAgKCkAISgpACIoKQAjKCkAJCgpACUoKQAmKC
4=kAJygrABwAB+EPHSgpAB4oKQAfKCkAICgpACEoKQAiKCkAIygpACQoKQAlKCkAJigpACco
5=KQAoKCkAG0BBnxEIABwoKQAdKCkAHigpAB8oKQAgKCkAISgpACIoKQAjKCkAJCgpACUoKQ
6=AmKCkAJygpACgoKQApKCsAGgAJjBRFAhsoKQAcKCkAHSgpAB4oKQAfKCkAICgpACEoKQAi
7=KCkAIygpACQoKQAlKCkAJigpACcoKQAoKCkAKSgpACooKwAZAArpFxooKQAbKCkAHCgpAB
8=0oKQAeKCkAHygpACAoKQAhKCkAIigpACMoKQAkKCkAJSgpACYoKQAnKCkAKCgpACkoKQAq
9=KCkAKygrABgAC+EaGSgpABooKQAbKCkAHCgpAB0oKQAeKCkAHygpACAoKQAhKCkAIigpAC
10=MoKQAkKCkAJSgpACYoKQAnKCkAKCgpACkoKQAqKCkAKygpACwoKwAXAAz5HBgoKQAZKCkA
11=GigpABsoKQAcKCkAHSgpAB4oKQAfKCkAICgpACEoKQAiKCkAIygpACQoKQAlKCkAJigpAC
12=coKQAoKCkAKSgpACooKQArKCkALCgpAC0oKwAWAA3xHxcoKQAYKCkAGSgpABooKQAbKCkA
13=HCgpAB0oKQAeKCkAHygpACAoKQAhKCkAIigpACMoKQAkKCkAJSgpACYoKQAnKCkAKCgpAC
14=koKQAqKCkAKygpACwoKQAtKCkALigrABUADukiFigpABcoKQAYKCkAGSgpABooKQAbKCkA
15=HCgpAB0oKQAeKCkAHygpACAoKQAhKCkAIigpACMoKQAkKCkAJSgpACYoKQAnKCkAKCgpAC
16=koKQAqKCkAKygpACwoKQAtKCkALigpAC8oKwAUAA/hJRUoKQAWKCkAFygpABgoKQAZKCkA
17=GigpABsoKQAcKCkAHSgpAB4oKQAfKCkAICgpACEoKQAiKCkAIygpACQoKQAlKCkAJigpAC
18=coKQAoKCkAKSgpACooKQArKCkALCgpAC0oKQAuKCkALygpADAoKwATABD5JxQoKQAVKCkA
19=FigpABcoKQAYKCkAGSgpABooKQAbKCkAHCgpAB0oKQAeKCkAHygpACAoKQAhKCkAIigpAC
20=MoKQAkKCkAJSgpACYoKQAnKCkAKCgpACkoKQAqKCkAKygpACwoKQAtKCkALigpAC8oKQAw
21=KCkAMSgrABIAEfEqEygpABQoKQAVKCkAFigpABcoKQAYKCkAGSgpABooKQAbKCkAHCgpAB
22=0oKQAeKCkAHygpACAoKQAhKCkAIigpACMoKQAkKCkAJUkBUmsaCAAmSQEzqQEnSAFkAQEA
23=CAAoKCkAKSgpACooKQArKCkALCgpAC0oKQAuKCkALygpADAoKQAxKCkAMigrABEAEogQTR
24=ASKCkAEygpABQoKQAVKCkAFigpABcoKQAYKCkAGSgpABooKQAbKCkAHCgpAB0oKQAeKCkA
25=HygpACAoKQAhKCkAIigpACMoKQAkSQE5axoIACXKAQEEVi4SAHQuAQIEACdUAmkBA3cuEg
26=BXrQUpVAJkAV0gKigpACsoKQAsKCkALSgpAC4oKQAvKCkAMCgpADEoKQAyKCkAMygrABAA
27=E5wOQQ8RKCkAEigpABMoKQAUKCkAFSgpABYoKQAXKCkAGCgpABkoKQAaKCkAGygpABwoKQ
28=AdKCkAHigpAB8oKQAgKCkAISgpACIoKQAjSAHNXSRIAWwxVS4lSAGcHGwxxB5tMROaMgUE
29=R2ATADFnBAgAKe8FCAAqKCkAKygpACwoKQAtKCkALigpAC8oKQAwKCkAMSgpADIoKQAzKC
30=kANCgrAA8AFHERAFkyECgpABEoKQASKCkAEygpABQoKQAVKCkAFigpABcoKQAYKCkAGSgp
31=ABooKQAbKCkAHCgpAB0oKQAeKCkAHygpACAoKQAhKCkAIkkBOmsaCAAjyAFdYiRIAXICAA
32=RUZcQeZDQnKQAnKIEAKEgBZDRVOSnIAU1oKkgBzWgrSAGTCQgALCgpAC0oKQAuKCkALygp
33=ADAoKQAxKCkAMigpADMoKQA0KCkANSgrAA4AFZwOUTUPKCkAECgpABEoKQASKCkAEygpAB
34=QoKQAVKCkAFigpABcoKQAYKCkAGSgpABooKQAbKCkAHCgpAB0oKQAeKCkAHygpACAoKQAh
35=SAHNaCJIAXw2VS4jSAGfHAQAJCgpACUoKQAmKCkAJygpACgoKQApSAFoOF1tKsgBTSYrSA
36=GcCnw2JyUFLShVAC4oKQAvKCkAMCgpADEoKQAyKCkAMygpADQoKQA1KCkANigrAA0AFogQ
37=WREOKCkADygpABAoKQARKCkAEigpABMoKQAUKCkAFSgpABYoKQAXKCkAGCgpABkoKQAaKC
38=kAGygpABwoKQAdKCkAHigpAB8oKQAgSQE7aBoiDk8WAGgBXW0iVAJwAl1tIygpACQoKQAl
39=KCkAJigpACcoKQAoKCkAKSgpACpIAWA7VUQryAFNcyxIAc1zLUgBgw8IAC4oKQAvKCkAMC
40=gpADEoKQAyKCkAMygpADQoKQA1KCkANigpADcoKwAMABecDkE7DSgpAA4oKQAPKCkAECgp
41=ABEoKQASKCkAEygpABQoKQAVKCkAFigpABcoKQAYKCkAGSgpABooKQAbKCkAHCgpAB0oKQ
42=AeKCkAH0gBzXMgSAFgO1UuIUgBnxwEACIoKQAjKCkAJCgpACVJAY9zBQQAJkgBZAFdQSdI
43=AdUCKEgB1QIpKCkAKigpACtIAXg9XXgsyAFdKy1IAZgGbDwn1QUvKFUAMCgpADEoKQAyKC
44=kAMygpADQoKQA1KCkANigpADcoKQA4KCsACwAYiBBZEQwoKQANKCkADigpAA8oKQAQKCkA
45=ESgpABIoKQATKCkAFCgpABUoKQAWKCkAFygpABgoKQAZKCkAGigpABsoKQAcKCkAHSgpAB
46=5IASIMI0EaH8gBXXggSAGfHAQAISgpACIoKQAjKCkAJCgpACVJAZB8Bmc/GACFqQEnVQKI
47=qQEoSQGLqQEpSAFkAUlDKigpACsoKQAsSAFwQFVPLcgBTX4uSAHNfi9IAYcICAAwKCkAMS
48=gpADIoKQAzKCkANCgpADUoKQA2KCkANygpADgoKQA5KCsACgAZnA5NJgsoKQAMKCkADSgp
49=AA4oKQAPKCkAECgpABEoKQASKCkAEygpABQoKQAVKCkAFigpABcoKQAYKCkAGSgpABooKQ
50=AbKCkAHCgpAB1IAc1+HkgBfEFVLh9IAZ8cBAAgKCkAISgpACIoKQAjSAHVeyRIAdkGJSgp
51=ACZJAY57AgQAJ0gBZAFFPygoKQApKCkAKigpACsoKQAsKCkALUgBakMFBFW9GSZdLS9UAp
52=wKfEEnhQYxKFUAMigpADMoKQA0KCkANSgpADYoKQA3KCkAOCgpADkoKQA6KCsACQAaiBBJ
53=QwooKQALKCkADCgpAA0oKQAOKCkADygpABAoKQARKCkAEigpABMoKQAUKCkAFSgpABYoKQ
54=AXKCkAGCgpABkoKQAaKCkAGygpABxIAWzAQRodyAFdgx5IAZ8cBAAfKCkAICgpACEoKQAi
55=KCkAI0gB3YMkSQGFaAgiZy4aAImpASZVAoapASdIAWQBlETTKgQAKShVACpIAclOK0gBzQ
56=UsKCkALSgpAC5IAWBGVVovyAFNiTBIAc2JMUgBhwgIADIoKQAzKCkANCgpADUoKQA2KCkA
57=NygpADgoKQA5KCkAOigpADsoKwAIABucDl0rCSgpAAooKQALKCkADCgpAA0oKQAOKCkADy
58=gpABAoKQARKCkAEigpABMoKQAUKCkAFSgpABYoKQAXKCkAGCgpABkoKQAaKCkAG0gBzYkc
59=SAFsR1UuHUgBnxwEAB4oKQAfKCkAICgpACFJAZFwBSKvIRsAh6kBI1QCZAFdQSRIAc2JJU
60=gB1QImSQGMbAFljBvlSihUAtFLKUgByU4qSQGKrQUrSAFkAV0KLCgpAC0oKQAuKCkAL0gB
61=ekgFBEXOG/2OMVQChAhsRyc1BzMoVQA0KCkANSgpADYoKQA3KCkAOCgpADkoKQA6KCkAOy
62=gpADwoKwAHAByIEFhIIuR0jwEIAAkoVQAKKCkACygpAAwoKQANKCkADigpAA8oKQAQKCkA
63=ESgpABIoKQATKCkAFCgpABUoKAAFFgAcAAAAAAARAAD+DQAgBQAIABcAHAAAYAACCAAYAB
64=xhAQBVAhkoKQAaSQE6fwIIABvKAQEEQAHPBQQAHVABfAMBAAQAHigpAB8oKQAgKCkAISgp
65=ACJJAY5/BgQAI0gBZAFFCCRJAZJvAQQAJUgBZAFVAiZIAdUCJ0gB1QIoKCkAKUgBwQQqSA
66=HBBCsoKQAsKCkALSgpAC4oKQAvKCkAMEkBMUgIAQIEADHIAQEDCAAySQFXVAJVIzNIAWQB
67=SQE0KCkANSgpADYoKQA3KCkAOCgpADkoKQA6KCkAOygpADwoKQA9KCkABlAtwQ8HKCkACC
68=gpAAkoKQAKKCkACygpAAwoKQANKCkADigpAA8oKQAQKCkAESgpABIoKQATKCkAFCgpABUo
69=KQAWKCkAFygpABgoKQAZSQFSZxoIABpIAXxMVS4bSAFwAkU/HCgpAB0oKQAeKCkAH0kBkX
70=MFBAAgSQGHqQEhSAFkAUUIIkkBkGwBf0wdAIupASRUAmQBQQQlKCkAJigpACcoKQAoKCkA
71=KSgpACooKQArKCkALCgpAC0oKQAuKCkALygpADAoKQAxSAFqTgUEXUwdWE5PEwgAM1QCQA
72=FhcjQoKQA1KCkANigpADcoKQA4KCkAOSgpADooKQA7KCkAPCgpAD0oKQA+KCkABVB6zRAG
73=KCkABygpAAgoKQAJKCkACigpAAsoKQAMKCkADSgpAA4oKQAPKCkAECgpABEoKQASKCkAEy
74=gpABQoKQAVKCkAFigpABcoKQAYSQE5ZxoIABnIAV2ZGkgBcAJdQRsoKQAcKCkAHSgpAB4o
75=KQAfKCkAIEgB3UwhSAHBUSJIAd0KIygpACQoKQAlKCkAJkgByVknSAHFCChIAcUIKSgpAC
76=pJAY97AgQAK0gBZAFJFyxIAcUILUkBhXsCBAAuSAHZXi9IAXACTQUwKCkAMSgpADJIAWBR
77=VXAzyAFNnzRIAc2fNUgBhwgIADYoKQA3KCkAOCgpADkoKQA6KCkAOygpADwoKQA9KCkAPi
78=gpAD8oKwAEAB+cDlGuBSgpAAYoKQAHKCkACCgpAAkoKQAKKCkACygpAAwoKQANKCkADigp
79=AA8oKQAQKCkAESgpABIoKQATKCkAFCgpABUoKQAWKCkAF0gBzZ8YSAFsUlUuGUgBnRwERK
80=LFHgRE7ycpABwogQAdSAHRQB5IAdkGH0gB1QIgSAHVAiFIAdntIkgB1QIjKCkAJCgpACVI
81=AcUIJkgBzQUnSAHFCChIAdUCKUgByU4qSQGGeAJsUie9AixUAnACSU4tSAHFCC5IAdUCLy
82=gpADAoKQAxKCkAMigpADNIAXhTAQUEADTIAV1BNUgBkAlsUsMPCAA3KFUAOCgpADkoKQA6
83=KCkAOygpADwoKQA9KCkAPigpAD8oKQBAKCkAA1jPzBBk0ckBBShVAAYoKQAHKCkACCgpAA
84=koKQAKKCkACygpAAwoKQANKCkADigpAA8oKQAQKCkAESgpABIoKQATKCkAFCgpABUoKQAW
85=SQE7eBgijiggAGgBXaQYVAJwAlU5GSgpABooKQAbKCkAHCgpAB1IAdGjHkkBiWgIYnogAM
86=FGIFQCcAJdCiFIAdVEIkgB1QIjSAHdTCRJAYV4AiKPKCAAiqkBJlQCZAFFCCdIASU1KChI
87=AdUCKSgpACpIAdkRK0gB2REsKCkALUgBxRMuSAHFCC8oKQAwSAHJZDFIAcEEMigpADMoKQ
88=A0SAFwVlV7NcgBTao2SAHNqjdIAYcICAA4KCkAOSgpADooKQA7KCkAPCgpAD0oKQA+KCkA
89=PygpAEAoKQBBKCsAAgAhnA5NaAMoKQAEKCkABSgpAAYoKQAHKCkACCgpAAkoKQAKKCkACy
90=gpAAwoKQANKCkADigpAA8oKQAQKCkAESgpABIoKQATKCkAFCgpABVIAc2qFkgBcFZVLhdI
91=AZ8cBAAYKCkAGSgpABooKQAbSAHdTBxIAdHwHUgBxQgeKCkAH0gB2UggSAHZSCFIAc1HIk
92=gB2QYjKCkAJEgBwVwlSAHBBCYoKQAnKCkAKCgpACkoKQAqKCkAKygpACwoKQAtSQGMYQsE
93=Vv8hAMUTL1QCyQEwSAHBZzFIAWgFQWcyKCkAMygpADQoKQA1SAFqWQUEVf8hJp0qN1QChA
94=h8VydFCTkoVQA6KCkAOygpADwoKQA9KCkAPigpAD8oKQBAKCkAQSgpAEIoKwABACKIEElZ
95=AigpAAMoKQAEKCkABSgpAAYoKQAHKCkACCgpAAkoKQAKKCkACygpAAwoKQANKCkADigpAA
96=8oKQAQKCkAESgpABIoKQATKCkAFEgBIjw0QRoVyAFdrxZIAZ8cBAAXKCkAGCgpABkoKQAa
97=KCkAGygpABxIAdVPHUgB0QkeSAHdmR9IAdUCICgpACFIAc1dIkgB3WIjSAHNBSRIAdGuJU
98=gB1QImKCkAJ0gBxWsoSAHBUSlIAdEJKkgB2QYrSAHZESxIAdUCLUgByQwuSAHVAi8oKQAw
99=KCkAMSgpADIoKQAzKCkANCgpADUoKQA2SAFgXFWGN8gBTbU4SAHNtTlIAYMPCAA6KCkAOy
100=gpADwoKQA9KCkAPigpAD8oKQBAKCkAQSgpAEIoKQBDKCsAAgAjnA5dQQMoKAAiUDubAggA
101=BShVAAYoKQAHKCkACCgpAAkoKQAKKCkACygpAAwoKQANKCkADigpAA8oKQAQKCkAESgpAB
102=IoKQATSAHVshRIAXRaXSsVSAGLFwQAFigpABcoKQAYKCkAGUgB3UEaSAHZBhtJAY1sASI/
103=SiMAiKkBHVQC0UseSAHVAh9IAd1MIEgBaAVBniEoKQAiSAHdYiNIAcEEJCgpACUoKQAmKC
104=kAJygpACgoKQApSAHVZSpIAdkRK0gBxcMsSAHJDC0oKQAuKCkALygpADBIAdkcMUgBJSk3
105=MkgBxQgzSAHVIzRIAdUCNSgpADYoKQA3SAFgXEW4OMgBRUo5SAGYBnRaJ50JOyhVADwoKQ
106=A9KCkAPigpAD8oKQBAKCkAQSgpAEIoKQBDKCkARCgrAAMAJIgQWREEKCkABSgpAAYoKQAH
107=KCkACCgpAAkoKQAKKCkACygpAAwoKQANKCkADigpAA8oKQAQKCkAESgpABJIASKkNlEUE8
108=gBVbIUSAGPFwQAFSgpABYoKQAXKCkAGCgpABlIAdVEGkgB1UQbSAHJ8xxIAd0KHSgpAB4o
109=KQAfSAHFoiBIAc0FISgpACJIAcEEI0gBwQQkKCkAJSgpACZKAfYCSwQEACdJAfCpAShIAU
110=0CAFVlKSgpACooKQArSAHBZyxIAc0FLUgBzVIuSAHVAi8oKQAwSAHZBjFIAcEEMigpADNI
111=AcEENEgBwQQ1KCkANigpADcoKQA4SAFgXEWMOcgBRbg6SQE2awgIADvIAQEBCAA8SQE3tQ
112=I9yAFVAj5JATW1Aj/IAVUCQEgBzQVByAFVAkJIAd0KQ8gBVQJESAHNBUXIAVQCIrgyeApP
113=RwUAJYQBSQEGKCkABygpAAgoKQAJKCkACigpAAsoKQAMKCkADSgpAA4oKQAPKCkAECgpAB
114=FIAdWyEkgBdFpNJhNIAYsTBAAUKCkAFSgpABYoKQAXSAHNPBhIAdkGGSgpABooKQAbKCkA
115=HCgpAB1IAcUIHkgBxQgfKCkAICgpACEoKQAiKCkAIygpACQoKQAlKCkAJkkB9alZJ0kB76
116=kBKEgB1Q0pKCkAKigpACtIAc1zLEgBzXMtSAHNcy5IAcUIL0gBJWUjMEgBxc4xSQGFZwQE
117=ADJIAcUIM0gBxQg0SAF8A0VrNSgpADYoKQA3KCkAOCgpADlIAWBcAQUEADpIAXRPXTY7yg
118=EDBFZaJQB0T1UCPVQCaAFVAj5IAXRaVQI/yAFVAkBIAWAEVQJByAFVAkJIAd0KQ8gBVQJE
119=SAHNBUXIAVUCRkgB3woFACacGZRaJykAByhVAAgoKQAJKCkACigpAAsoKQAMKCkADSgpAA
120=4oKQAPKCkAECgpABFJAUN3EAgAEsgBQbQTSAFwAkktFCgpABUoKQAWKCkAF0gBxT8YSQGF
121=fwYEABlIAck4GkgBJSkhG0gBfANdChwoKQAdSAHFCB5IAc0FH0gBzQUgKCkAIUgBxWAiSA
122=HBBCMoKQAkSAHVsiVJAe69VyZJAd6pAScoKQAoSAHBBClIAcW4KkgB3QorKCkALCgpAC0o
123=KQAuKCkALygpADAoKQAxSAHVsjJIAd0KMygpADQoKQA1KCkANkgB2Rw3SAHZBjgoKQA5KC
124=kAOigpADsoKQA8KCkAPSgpAD5IAZOYBAA/SAFwVk0xQMgBRT9BSAFwVlUCQsgBVQJDSAFw
125=VlUCRMgBVQJFSAHFCEbIAVUCR0gBxQgGQOOLFwgABygpAAgoKQAJKCkACigpAAsoKQAMKC
126=kADSgpAA4oKQAPKCkAECgpABEoKQASSAFgXAEECAATyQEFbbUngBNBGhVUAowBIlwtJ1UA
127=FyhVABhIAck4GUgBzQUaSAHVAhtIAdUCHCgpAB0oKQAeSAHNBR9IAc0FICgpACFIAcEEIk
128=gBwQQjKCkAJEkB+b1XJUkB8akBJkgBJ1YLJwDJAShUAsEEKUkB860FKkgB3QorKCkALEgB
129=3UwtSAHBBC4oKQAvSAEnrRYnJmVEMVQC1bIySAHZBjNIASXhLTRIAdl/NSgpADZIASVBLz
130=dIAdkGOCgpADkoKQA6KCkAOygpADwoKQA9SAEiaDRJOD7KAQEAVlonAGxSUR5AVAJoAQED
131=AABBSAFsUlUCQsgBVQJDSAF0WlUCRMgBVQJFSAF4BlUCRsgBBQMAAEcAJwA3EQAAxQ0AIA
132=ACAAAAAgAASAAnADcAAAADAAAHAChAAUsACAAIKCkACSgpAAooKQALKCkADCgpAA0oKQAO
133=KCkADygpABAoKQARKCkAEkkBWFwOWQ4TSQFFqQEUyAEBAQQAFUgBcAIBAAQAFigpABcoKQ
134=AYSQGSZwQEABlIAWQBTQUaSQGQbwEEABtJAYmpARxJAYWpAR1IAdUCHkkBiLUCH0kBh6kB
135=IEgBZAFRCSFIAdEJIkgBwQQjSAHBBCQoKQAlKCkAJkoB9QJLBAQAJ0kB76kBKEgBTQIAXQ
136=opKCkAKigpACtJAY1nBAQALEgBxRMtSAHBDy5IAXwDRQgvKCkAMCgpADEoKQAyKCkAM0kB
137=jn8GBAA0SAFkAUUINSgpADZIAcUpN0gBwQQ4KCkAOSgpADooKQA7KCkAPEkBUn8GBAA9SQ
138=E6SAFRHj5IAUQBaQA/KCkAQCgpAEEoKQBCKCkAQygpAEQoKQBFKCkARigpAEcoKQBIKCkA
139=SSgrAAgAKX0PAF1MCSgpAAooKQALKCkADCgpAA0oKQAOKCkADygpABAoKQARKCkAEigpAB
140=MoKQAUSAFiXAQIVlopAGkBBXRaxxMEABdABJcUBAAYKCkAGSgpABooKQAbKCkAHEgBwTsd
141=SAHFCB4oKQAfSAHBOyBIAcEEISgpACJJAYx7AgQAI0kBi6kBJEgBZAFVRCUoKQAmSQH5VD
142=pVAidJAfOpAShIAc0FKSgpACooKQArSAHNECxIAc0FLUgBwQ8uSAHBDy9IAcEEMEkBj28B
143=BAAxSAFkAUEPMigpADNIAc1zNEgByXo1SAHVZTZIAdkGNygpADgoKQA5KCkAOigpADtJAT
144=l/BgQAPMoBAQBUWtM1AAA+VAJ8A00APygpAEAoKQBBKCkAQigpAEMoKQBEKCkARSgpAEYo
145=KQBHKCkASCgpAEkoKQBKKCsACQAqRBFLAAgACigpAAsoKQAMKCkADSgpAA4oKQAPKCkAEC
146=gpABEoKQASKCkAEygpABRIAcW4FUgBdFpRbBbIAUW4F0gBXBJhnhgoKQAZKCkAGkkBkWQE
147=b7UqAIWpARxVAoqpAR1IAWQBRT8eKCkAHygpACAoKQAhKCkAIkgByU4jSAHFCCQoKQAlKC
148=kAJigpACcoKQAoKCkAKUgBwVEqSAHRCSsoKQAsKCkALUgBwXIuSAHNBS8oKQAwSAHZXjFI
149=AdFWMkgB0VYzSAHZBjQoKQA1SAHBGjZIAcEENygpADgoKQA5KCkAOkgB1bI7SAF0WlF2PE
150=gBhAh0WsxHdFonKQA/KIEAQCgpAEEoKQBCKCkAQygpAEQoKQBFKCkARigpAEcoKQBIKCkA
151=SSgpAEooKQBLKCsACgAruxUIAAsoKQAMKCkADSgpAA4oKQAPKCkAECgpABEoKQASKCkAEy
152=gpABQoKQAVKCkAFkgBYFxFuBfJAQVstcQTIgQiJykAGkAEgBZ2WisA3TYcKFUAHSgpAB4o
153=KQAfKCkAICgpACFIAdVPIkgB3QojKCkAJCgpACVIAc0FJkgBzQUnKCkAKCgpAClIAdWnKk
154=gBwVErSAHJsSxIAcUILUgB1RguSAHVAi9IASW1IjBIAcV2MUgBwQQySAHRYTNIAdUCNCgp
155=ADUoKQA2KCkANygpADgoKQA5SQE7awgEADrIAVWyO0gBcAJNADwoKQA9KCkAPigpAD8oKQ
156=BAKCkAQSgpAEIoKQBDKCkARCgpAEUoKQBGKCkARygpAEgoKQBJKCkASigpAEsoKwALACxU
157=FksACAAMKCkADSgpAA4oKQAPKCkAECgpABEoKQASKCkAEygpABQoKQAVKCkAFkgB2bYXSQ
158=FFSBBZthjIAVm2GUgBcAJRrhooKQAbKCkAHCgpAB1IAdFAHkgB2UgfSQGFawgEACBIAdUC
159=IUkBhrUCIkgBZAFJDCMoKQAkSAHZwSVIASX9KyZIAcUIJ0gB3aQoSAHFCCkoKQAqKCkAKy
160=gpACwoKQAtKCkALigpAC9IAcVVMEgB3QoxKCkAMkgB1WUzSAHJZDRIAc0FNSgpADYoKQA3
161=KCkAOEkBUnMFBAA5SAFoWUmxOkgBcAJNADsoKQA8KCkAPSgpAD4oKQA/KCkAQCgpAEEoKQ
162=BCKCkAQygpAEQoKQBFKCkARigpAEcoKQBIKCkASSgpAEooKwAMAC1UFksACAANKCkADigp
163=AA8oKQAQKCkAESgpABIoKQATKCkAFCgpABUoKQAWKCkAFygpABhIAXxXVbIZyAEBBQQAGk
164=gBXBIi2SEbKCkAHCgpAB1IAd2ZHkgBzQUfSAHRQCBIAdUCIUgBzQUiSAHVAiMoKQAkKCkA
165=JSgpACYoKQAnSAHFCChIAcUIKUgBzbUqSAHVAitIAdUCLEgB1QItKCkALigpAC9IAc1SME
166=kBhXAFIq4sLQDZUzJUAnACUWwzKCkANCgpADUoKQA2KCkAN0gBIvw2WQY4yAFFrTlIAZEJ
167=AFyvxz8AADsoVQA8KCkAPSgpAD4oKQA/KCkAQCgpAEEoKQBCKCkAQygpAEQoKQBFKCkARi
168=gpAEcoKQBIKCkASSgrAA0ALqcXCAAOKCkADygpABAoKQARKCkAEigpABMoKQAUKCkAFSgp
169=ABYoKQAXKCkAGEgBxa0ZSAFkVUWtGsgBRa0bSAGLEwQAHCgpAB0oKQAeKCkAH0gBJ3gKwx
170=oEACFUAsUIIigpACNIAdWyJEgB1aclSAHVpyZIAdkGJygpACgoKQApSAHRSypIAdFLK0gB
171=1bIsSAHVAi1IAckMLkgByQwvSAHJDDBIAckXMUgB1QIyKCkAMygpADQoKQA1KCkANkgB1a
172=c3SAF4U1WnOEgBkQkATKrIInhTJykAOyiBADwoKQA9KCkAPigpAD8oKQBAKCkAQSgpAEIo
173=KQBDKCkARCgpAEUoKQBGKCkARygpAEgoKwAOAC+nFwgADygpABAoKQARKCkAEigpABMoKQ
174=AUKCkAFSgpABYoKQAXKCkAGCgpABkoKQAaSAFsUlWnG8kBBWBRxxMEAB1UApcUBAAeKCkA
175=H0gB3ZkgSAHBBCFIAcWXIkgB1QIjSAHFPyRIAdUCJUgB1QImSAHVAicoKQAoKCkAKSgpAC
176=pIAcEPK0gB2QYsSAHVAi1IAdUCLkgByQwvSAHVAjBIAc0FMUgB1QIyKCkAMygpADQoKQA1
177=SAEi7DRFojbIAUWiN0gBhwgAADgoKQA5KCkAOigpADsoKQA8KCkAPSgpAD4oKQA/KCkAQC
178=gpAEEoKQBCKCkAQygpAEQoKQBFKCkARigpAEcoKwAPADCnFwgAECgpABEoKQASKCkAEygp
179=ABQoKQAVKCkAFigpABcoKQAYKCkAGSgpABpIAcWiG0gBdE9FohzIAUWiHUgBiBNoTtMUBA
180=AfKFUAICgpACFIASUtPSJIAcmQI0gBJZUpJEgB0QklSAHFPyZIAdUCJ0gB3aQoSAHd5ilI
181=AcEEKigpACsoKQAsKCkALSgpAC5IASfICSfpAjBUAtEJMSgpADIoKQAzKCkANEgB1Zw1SA
182=FoTlWcNkgBhwgAADcoKQA4KCkAOSgpADooKQA7KCkAPCgpAD0oKQA+KCkAPygpAEAoKQBB
183=KCkAQigpAEMoKQBEKCkARSgpAEYoKwAQADGnFwgAESgpABIoKQATKCkAFCgpABUoKQAWKC
184=kAFygpABgoKQAZKCkAGigpABsoKQAcSAF8TFWcHcgBVZweSAGIE3BL0BQisDInKQAhQATB
185=RiJIAc0FI0gBzTwkSAHVAiUoKQAmKCkAJ0gBzQUoSAHNBSlIAd2kKkgB1QIrKCkALEgBwQ
186=QtSAHBBC5IAdkRL0gB1QIwKCkAMSgpADIoKQAzSQE7cAUi5l8xAGgBRZc1VAJwAk0ANigp
187=ADcoKQA4KCkAOSgpADooKQA7KCkAPCgpAD0oKQA+KCkAPygpAEAoKQBBKCkAQigpAEMoKQ
188=BEKCkARSgrABEAMlQWSwAIABIoKQATKCkAFCgpABUoKQAWKCkAFygpABgoKQAZKCkAGigp
189=ABsoKQAcSAHFlx1IAWRKRZceyAFFlx9IAVwSItUxICgpACEoKQAiKCkAI0gB1TkkSAHZBi
190=VIAdWRJkgB3ZknSAHdmShIAc0FKUgBJ34mMgDNBStVAoVkBCICaTIAJUlGLVQCcAJZ1y4o
191=KQAvKCkAMCgpADEoKQAySAHVkTNIAWxHVZE0SAGTCQAANSgpADYoKQA3KCkAOCgpADkoKQ
192=A6KCkAOygpADwoKQA9KCkAPigpAD8oKQBAKCkAQSgpAEIoKQBDKCkARCgrABIAM6cXCAAT
193=KCkAFCgpABUoKQAWKCkAFygpABgoKQAZKCkAGigpABsoKQAcKCkAHSgpAB5IAWxHVZEfyQ
194=EFfI7EEyJALycpACJABIAWImxmJ1UAJChVACVIAcWMJkgBzQUnSAHVAihIAdUCKSgpACoo
195=KQArSAHNBSxIAc0FLSgpAC4oKQAvKCkAMCgpADFIASI4LlFLMsgBRYwzSAGTCQAANCgpAD
196=UoKQA2KCkANygpADgoKQA5KCkAOigpADsoKQA8KCkAPSgpAD4oKQA/KCkAQCgpAEEoKQBC
197=KCkAQygpABNEFosXCAAUKCkAFSgpABYoKQAXKCkAGCgpABkoKQAaKCkAGygpABwoKQAdKC
198=kAHkgBxYwfSAF0REWMIMgBRYwhSAGHEwQAIigpACMoKQAkSAEn/Uw0+H8KJgA0AAAAAAAA
199=BAAnABEAAHMK6hgBNACQAEAABAQAKAA0AIVEAQEABAApSQGLqQEqSAFkAVUCK0kBkm8BBA
200=AsSAFkAVUCLSgpAC4oKQAvKCkAMEkBUnMFBAAxSQE6SAEBAgAAMkgBRAFpADMoKQA0KCkA
201=NSgpADYoKQA3KCkAOCgpADkoKQA6KCkAOygpADwoKQA9KCkAPigpAD8oKQBAKCkAQSgpAE
202=IoKwAUADV4FgIAAAgAFSgpABYoKQAXKCkAGCgpABkoKQAaKCkAGygpABwoKQAdKCkAHigp
203=AB8oKQAgSQFFVBABBAgAIcgBAQUEACJIAVECAFkyIygpACQoKQAlKCkAJigpACcoKQAoSQ
204=GOaAhwQNscBAAqVAJwAl0KKygpACwoKQAtKCkALigpAC9JATl/BgQAMMoBAQBQQNwKcEAn
205=KQAzQARoBU0ANCgpADUoKQA2KCkANygpADgoKQA5KCkAOigpADsoKQA8KCkAPSgpAD4oKQ
206=A/KCkAQCgpAEEoKwAVADZcE0sACAAWKCkAFygpABgoKQAZKCkAGigpABsoKQAcKCkAHSgp
207=AB4oKQAfKCkAIEkBWFwOSU4hSAFkP0kBIsgBAQEEACNIAXwDRTQkKCkAJSgpACYoKQAnSQ
208=GNcAVvfjYAiKkBKVQCJ8wP2xwEACtUAnwDXQosKCkALSgpAC5IAdV7L0gBeD1VezBIAZgG
209=eD3QCXg9JykAMyiBADQoKQA1KCkANigpADcoKQA4KCkAOSgpADooKQA7KCkAPCgpAD0oKQ
210=A+KCkAPygpAEAoKwAWADenFwgAFygpABgoKQAZKCkAGigpABsoKQAcKCkAHSgpAB4oKQAf
211=KCkAICgpACEoKQAiSAFsPFV7I8gBVXskSAGLEwQAJSgpACYoKQAnSAHBtChIAc0FKSgpAC
212=ooKQArKCkALCgpAC1IAWC0WT0uyAFFdi9IAZEJAFx41CNgOycpADIogQAzKCkANCgpADUo
213=KQA2KCkANygpADgoKQA5KCkAOigpADsoKQA8KCkAPSgpAD4oKQA/KCsAFwA4pxcIABgoKQ
214=AZKCkAGigpABsoKQAcKCkAHSgpAB4oKQAfKCkAICgpACEoKQAiSAHFdiNIAXQ5RXYkyAFF
215=diVIAYsTBAAmKCkAJygpACgoKQApKCkAKigpACsoKQAsSAHVcC1IAWg4VXAuSAGLDAAALy
216=gpADAoKQAxKCkAMigpADMoKQA0KCkANSgpADYoKQA3KCkAOCgpADkoKQA6KCkAOygpADwo
217=KQA9KCkAPigqABgAZIlTFwgAGSgpABooKQAbKCkAHCgpAB0oKQAeKCkAHygpACAoKQAhKC
218=kAIigpACMoKQAkSAF8NlVwJcgBVXAmSAFcEm3sJygpACgoKQApKCkAKigpACtJATt8BiLy
219=JDkAaAFFay1UAnACTQAuKCkALygpADAoKQAxKCkAMigpADMoKQA0KCkANSgpADYoKQA3KC
220=kAOCgpADkoKQA6KCkAOygpADwoKQA9KCoAGQB0TEMXCAAaKCkAGygpABwoKQAdKCkAHigp
221=AB8oKQAgKCkAISgpACIoKQAjKCkAJEkBP1wOWWklyAFZaSZIAXACRZcnKCkAKCgpACkoKQ
222=AqSAHVZStIAWwxVWUsSAGHCAAALSgpAC4oKQAvKCkAMCgpADEoKQAyKCkAMygpADQoKQA1
223=KCkANigpADcoKQA4KCkAOSgpADooKQA7KCkAPCgpABqcSVMXCAAbKCkAHCgpAB0oKQAeKC
224=kAHygpACAoKQAhKCkAIigpACMoKQAkSAFiMAIIXtA7AGkBA3CYfChPEAQAJ0AEQAFpZCgo
225=KQApSAGQeiI8KbhLRWArVAKPBQAALCgpAC0oKQAuKCkALygpADAoKQAxKCkAMigpADMoKQ
226=A0KCkANSgpADYoKQA3KCkAOCgoALB0jRM6KFUAOygrABsAPJQDQVEcKCkAHSgpAB4oKQAf
227=KCkAICgpACEoKQAiKCkAIygpACRJAUBwDGotPABoAYxdwA9oLScpAChMBdVaKUgBaC1VWi
228=pIAWAITQArKCkALCgpAC0oKQAuKCkALygpADAoKQAxKCkAMigpADMoKQA0KCkANSgpADYo
229=KQA3KCkAOCgpADkoKQA6KCsAHAA9VBZLAAgAHSgpAB4oKQAfKCkAICgpACEoKQAiKCkAIy
230=gpACRIAWQpnVc9kCqcV9QNcSo9rGsigCyoAUVVKVgGUBFpACooKQArKCkALCgpAC0oKQAu
231=KCkALygpADAoKQAxKCkAMigpADMoKQA0KCkANSgpADYoKQA3KCkAOCgpADkoKwAdAD54Fi
232=LFOh4oKQAfKCkAICgpACEoKQAiKCkAIygpACRJAUF4CW5SPgBoAY5SPgDVTydABGzDVU8o
233=SAFoBU0AKSgpACooKQArKCkALCgpAC0oKQAuKCkALygpADAoKQAxKCkAMigpADMoKQA0KC
234=kANSgpADYoKQA3KCkAOCgpAB6Am0MXCAAfKCkAICgpACEoKQAiKCkAIygpACRIAXQjnUw/
235=gCWdTD9cAlwKfEyoAVFLKKwCWgIAKSgpACooKQArKCkALCgpAC0oKQAuKCkALygpADAoKQ
236=AxKCkAMigpADMoKQA0KCkANSgpADYoKQA3KCkAH5hmWxUIACAoKQAhKCkAIigpACMoKQAk
237=SAF8xUmmJcgBjUdAhQsCaCKoAQEDAAAoQARADGkAKSgpACooKQArKCkALCgpAC0oKQAuKC
238=kALygpADAoKQAxKCkAMigpADMoKQA0KCkANSgpADYoKQAgmDpMFCIcRnA9iQEiKFUAIygp
239=ACRIAXAfnUFBhB6dQUG4CXAfqAGcQdEJAFxBJykAKkQIQAxpACsoKQAsKCkALSgpAC4oKQ
240=AvKCkAMCgpADEoKQAyKCkAMygpADQoKQA1KCsAIQBCfA9tiSIoKQAjKCkAJEgBeKuNPEKM
241=G4w8qAGMPKgBjDzQCXgcJykAKkQIrgwAKygpACwoKQAtKCkALigpAC8oKQAwKCkAMSgpAD
242=IoKQAzKCkANCgrACIAQ78OCAAjKCkAJEgBYBqdNkOAGp02Q7AifDaoAZw2xAhgGicpACpE
243=CKALQBonVQAsKFUALSgpAC4oKQAvKCkAMCgpADEoKQAyKCkAMygrACMARLMNCAAkSAGUR2
244=21RJwVjDGoAYwxqAGMMdgGaBcnKQAqRAi0CUgXJ1UALChVAC0oKQAuKCkALygpADAoKQAx
245=KCkAMigrACQARYQTnCuoAZ0rRYlkAHwrqAGcKyJENoESKVgGgwEAACooKQArKCkALCgpAC
246=0oKQAuKCkALygpADAoKQAxKCsAJQBGjBCMJqgBjCaoAY0mRsgQWHQnKQAqWAbZAisoKQAs
247=KCkALSgpAC4oKQAvKCkAMCgrACYAR4hOnCCoAZ0gR8QMQA8nKQAqTAXZAisoKQAsKCkALS
248=gpAC4oKQAvKCsAJwBIlA2NG0jMCUgMJykAKkAE2QIrKCkALCgpAC0oKQAuKCsAKABJ1AZQ
249=CScpACooVQArKCkALCgpAC0oKwApAErlCCooKQArKCkALCgoAAMqAEsA//+YBQgrAEsA//
250=8AAAAAABEAAA==

[Lighting]
Red=0.800000
Blue=1.200000
Green=0.800000
Level=0.032000
Ground=0.000000
IonRed=0.300000
Ambient=0.650000
IonBlue=0.750000
IonGreen=0.400000
IonLevel=0.032000
IonGround=0.000000
IonAmbient=0.600000
DominatorRed=0.850000
DominatorBlue=0.300000
DominatorGreen=0.200000
DominatorLevel=0.032000
DominatorGround=0.000000
DominatorAmbient=0.700000
DominatorAmbientChangeRate=0.009000

[Map]
Size=0,0,34,42
Theater=SNOW
LocalSize=2,4,30,36

[Neutral]
IQ=0
Edge=North
Color=Grey
Allies=Neutral
Country=Neutral
Credits=0
NodeCount=0
TechLevel=1
PercentBuilt=0
PlayerControl=no

[Nod]
IQ=0
Edge=North
Color=Gold
Allies=Nod
Country=Nod
Credits=0
NodeCount=0
TechLevel=1
PercentBuilt=0
PlayerControl=no

[OverlayDataPack]
1=BQAAIP4AIACABQAAIP4AIACABQAAIP4AIACABQAAIP4AIACABQAAIP4AIACABQAAIP4AIA
2=CABQAAIP4AIACABQAAIP4AIACABQAAIP4AIACABQAAIP4AIACABQAAIP4AIACABQAAIP4A
3=IACABQAAIP4AIACABQAAIP4AIACABQAAIP4AIACABQAAIP4AIACABQAAIP4AIACABQAAIP
4=4AIACABQAAIP4AIACABQAAIP4AIACABQAAIP4AIACABQAAIP4AIACABQAAIP4AIACABQAA
5=IP4AIACABQAAIP4AIACABQAAIP4AIACABQAAIP4AIACABQAAIP4AIACABQAAIP4AIACABQ
6=AAIP4AIACABQAAIP4AIACABQAAIP4AIACA

[OverlayPack]
1=eQAAIP4gAP/+AwCqIAT+9wH//gkAqv//ASkA//YBJgL+DQCq//8BKwT/8gEoBv4RAKr//w
2=EtCP/uASoK/hUAqv//AS8M/+oBLA7+GQCq//8BMRD/5gEuEv4dAKr//wEzFP/iATAW/iEA
3=qv//ATUY/94BMhr+JQCq/soB/4CHAAAg/hAA//4nAKr+2AH/1SEA/+cBJgDYIQD/5AEoAt
4=cPAv/lASUC2Q8C/+MBJgTbDQb/4QEnBtkLCkAG/9wBLArbCgz/4QElCt0JDv/fASYM3wgQ
5=/90BJw7hBxL/2wEoEOMGFP/ZASkS5QUW/9cBKhTnBBj/1QErFukDGv/TASwY6wIc/9EBLR
6=qAngAAIP4WAKqC//8QBP4WAP8gGs8GAP65Af/sAwAwHNAEAv/oAUsA/9ABMADuAwT/zQEx
7=AgG47gQG4RII/7kBVwbjNAj/2gE2COQ1Cv/BAUEA/0QA+Av/1QE7CuU0Cs41Bv/uAUkM0D
8=UG/7sBSxDKOxLhEhDRNQb/6wFIDP/OATMC7gEQ/9EBNxbrBRb/0wE2GOkGGP/VATUa5wca
9=/80BNByApQAAIP4MAP+CqqoAA/4JAKowEf4SAP8QFf4RAKr+xgH/ywwAIej/7AEhAOEKAP
10=/dATEC3wsC/98BMATdDAT/4QEvBtsNBv/jAS4I2Q4I/+UBLQrXDwr/5wEsDNUQDP/pASsO
11=0xEO/+sBKhAB6corEjAN/+sBKxLMExIh+v/tASoUyxUW/+0BKBDQEBjNFBT/5AE1GMkXGj
12=AO/+8BKxrIGBzRJBz+yAH/gGcAACD+HAD/gqqqAAP+AwCqMAz+DQCq/uYB/0IBzyQA/ugB
13=/zIBziQC/uoB/yIBzSQE/uwB/xIBzCQG/u4B/84hBP7wAf/MIgr+8gH/yiMM/vgB////AS
14=kOQgD++wH///8BKhJaCP7QCf+ABQAAIP4AIP+ABQAAIP4AIP+ABQAAIP4AIP+ABQAAIP4A
15=IP+ABQAAIP4AIP+ABQAAIP4AIP+ABQAAIP4AIP+ABQAAIP4AIP+ABQAAIP4AIP+ABQAAIP
16=4AIP+ABQAAIP4AIP+ABQAAIP4AIP+ABQAAIP4AIP+ABQAAIP4AIP+ABQAAIP4AIP+ABQAA
17=IP4AIP+ABQAAIP4AIP+ABQAAIP4AIP+ABQAAIP4AIP+ABQAAIP4AIP+ABQAAIP4AIP+ABQ
18=AAIP4AIP+ABQAAIP4AIP+ABQAAIP4AIP+ABQAAIP4AIP+ABQAAIP4AIP+ABQAAIP4AIP+A

[Russians]
IQ=0
Edge=North
Color=DarkRed
Allies=Russians
Country=Russians
Credits=0
NodeCount=0
TechLevel=1
PercentBuilt=0
PlayerControl=no

[Special]
IQ=0
Edge=North
Color=Grey
Allies=Special
Country=Special
Credits=0
NodeCount=0
TechLevel=1
PercentBuilt=0
PlayerControl=no

[Structures]
0=Neutral,INGALITE,256,40,58,64,None,1,0,1,0,0,None,None,None,0,0
1=Neutral,INGALITE,256,37,19,64,None,1,0,1,0,0,None,None,None,0,0
2=Neutral,INGALITE,256,58,40,64,None,1,0,1,0,0,None,None,None,0,0
3=Neutral,INGALITE,256,19,37,64,None,1,0,1,0,0,None,None,None,0,0

[Tags]
01000001=2,Repeat-Countdowns 1,01000000
01000003=2,Repeat-Sirens 1,01000002
01000005=2,Repeat-Nukes 1,01000004
01000007=0,Start-Countdowns 1,01000006
01000009=2,Repeat-Remaining 1,01000008
01000011=0,Reveal-Start 1,01000010
01000013=0,Start-Ambience 1,01000012

[Triggers]
01000000=<none>,<none>,Repeat-Countdowns,1,1,1,1,0
01000002=<none>,<none>,Repeat-Sirens,0,1,1,1,0
01000004=<none>,<none>,Repeat-Nukes,1,1,1,1,0
01000006=<none>,<none>,Start-Countdowns,0,1,1,1,0
01000008=<none>,<none>,Repeat-Remaining,1,1,1,1,0
01000010=<none>,<none>,Reveal-Start,0,1,1,1,0
01000012=<none>,<none>,Start-Ambience,0,1,1,1,0

[Waypoints]
0=37038
1=40039
2=39037
3=38040
4=37039
5=40038
6=38037
7=39040
8=48040
9=37029
10=29037
11=40048
12=40040
13=38038

[YuriCountry]
IQ=0
Edge=North
Color=DarkRed
Allies=YuriCountry
Country=YuriCountry
Credits=0
NodeCount=0
TechLevel=1
PercentBuilt=0
PlayerControl=no

[Digest]
1=oj5580v5QcD/kUIZ27xEGVfUj8A=