; Map created with FinalAlert 2(tm) Mission Editor
; Get it at http://www.westwood.com
; note that all comments were truncated

[Header]
Width=29
Height=32
StartX=241
StartY=26
Waypoint1=256,38
Waypoint2=255,40
Waypoint3=255,38
Waypoint4=257,39
Waypoint5=257,38
Waypoint6=255,39
Waypoint7=255,38
Waypoint8=256,40
NumberStartingPoints=8

[ADOG]
TechLevel=-1

[AMCV]
Owner=none

[CrateRules]
CrateMinimum=6

[DOG]
TechLevel=-1

[DRON]
TechLevel=-1

[DTRUCK]
Cost=750
Owner=British,French,Germans,Americans,Alliance,Russians,Confederation,Africans,Arabs,YuriCountry
Soylent=750
Prerequisite=NAWEAP
RequiredHouses=British,French,Germans,Americans,Alliance,Russians,Confederation,Africans,Arabs,YuriCountry
IsSelectableCombatant=yes

[DemobombWH]
Wall=yes

[E1]
AllowedToStartInMultiplayer=no

[E2]
TechLevel=-1
AllowedToStartInMultiplayer=no

[ENGINEER]
TechLevel=-1

[GACNST]
Capturable=No

[GADEPT]
UnitsGainSelfHeal=1

[GAREFN]
ProduceCashDelay=100
ProduceCashAmount=50

[GAYARD]
TechLevel=11

[General]
Engineer=IVAN
ThirdCrew=TERROR
AlliedCrew=TERROR
BuildSpeed=0.5
SovietCrew=TERROR
VeteranRatio=2.0
SlaveMinerScanCorrection=128

[HARV]
TechLevel=-1

[HTK]
TechLevel=-1

[HTNK]
TechLevel=-1
AllowedToStartInMultiplayer=no

[INGALITE]
LightIntensity=0.2
LightVisibility=5000

[INIT]
AllowedToStartInMultiplayer=no

[IVAN]
Cost=300
Owner=British,French,Germans,Americans,Alliance,Russians,Confederation,Africans,Arabs,YuriCountry
Soylent=150
TechLevel=2
Trainable=yes
Prerequisite=NAHAND
IsSelectableCombatant=yes

[IvanWH]
Wall=yes

[LTNK]
AllowedToStartInMultiplayer=no

[MTNK]
AllowedToStartInMultiplayer=no

[NABNKR]
TechLevel=-1

[NACNST]
Power=60
Radar=yes
Strength=3000
Explosion=MININUKE
Capturable=No

[NADEPT]
TechLevel=-1
UnitsGainSelfHeal=1

[NAFLAK]
TechLevel=-1

[NAHAND]
Strength=1500
Explosion=MININUKE
Prerequisite=NACNST

[NALASR]
Cost=200
Strength=100
Explosion=MININUKE
TechLevel=2

[NAMISL]
Cost=10000
Power=-150
BuildCat=Tech
Explodes=yes
Strength=3000
Explosion=MININUKE
DeathWeapon=NukePayload
Prerequisite=NACNST,NAWEAP
BuildTimeMultiplier=.5
DeathWeaponDamageModifier=0.5

[NAPOWR]
Strength=2250
Explosion=MININUKE

[NARADR]
TechLevel=-1

[NAREFN]
FreeUnit=DTRUCK
Strength=3000
Explosion=MININUKE
Prerequisite=NACNST
ProduceCashDelay=100
ProduceCashAmount=50

[NAWALL]
Cost=50
Explosion=MININUKE
Prerequisite=NACNST

[NAWEAP]
Strength=3000
Explosion=MININUKE
Prerequisite=NACNST,NAPOWR

[NAYARD]
TechLevel=11

[NukeSpecial]
RechargeTime=.1

[PCV]
Owner=none

[Powerups]
Gas=1,<none>,yes,100
ICBM=1,CHEMISLE,yes
Unit=0,<none>,no
Armor=15,ARMOR,no,1.5
Money=20,MONEY,no,2000
Speed=15,SPEED,no,1.25
Napalm=1,<none>,no,600
Reveal=10,REVEAL,no
Veteran=9,VETERAN,no,1
HealBase=10,HEALALL,no
Explosion=3,<none>,yes,500
Firepower=15,FIREPOWR,no,1.5

[SA]
Verses=100%,80%,80%,50%,25%,25%,0%,0%,0%,100%,100%

[SENGINEER]
TechLevel=-1

[SHK]
TechLevel=-1

[SMCV]
Owner=British,French,Germans,Americans,Alliance,Russians,Confederation,Africans,Arabs,YuriCountry
Strength=3000

[SMIN]
SlavesNumber=0

[TERROR]
Cost=100
Owner=British,French,Germans,Americans,Alliance,Russians,Confederation,Africans,Arabs,YuriCountry
Soylent=50
TechLevel=1
Prerequisite=NAHAND
RequiredHouses=British,French,Germans,Americans,Alliance,Russians,Confederation,Africans,Arabs,YuriCountry
BuildTimeMultiplier=2
IsSelectableCombatant=yes
AllowedToStartInMultiplayer=yes

[TerrorBombWH]
Wall=yes

[Vulcan]
Range=4

[YACNST]
Capturable=No

[YADOG]
TechLevel=-1

[YAGRND]
UnitsGainSelfHeal=1

[YAREFN]
SlavesNumber=0
ProduceCashDelay=100
ProduceCashAmount=50

[YAYARD]
TechLevel=11

[YDOG]
TechLevel=-1

[YENGINEER]
TechLevel=-1


[Preview]
Size=0,0,68,42

[PreviewPack]
1=SwYAIAbVs23Vs2wUFBQgAG8AACAAAAAAAKJcBgOghU2Zf0qo6iBXLAC0DzYUACAJfBkEiG
2=1AvIFEeIAAA7F+RdSTS6wKA6t1PtOaUq8BypRQTASsASAGjAAq7AAqTAFcCIkNeF8Ik3RE
3=rAogJBQABpp8SsefWcibWjA0ATY0BCpcACAbLAAGyKBdsIRMjGg7MOgBLUQAKpQBLWgALT
4=sAf100J0cA1bNsgQdtlACsAVQAqACwAlQAWAG0AEABSABMAagArAFUAKgAsAJUAFgBtABA
5=AUkAbSe7AXdXMycsACAhIAAGl31Jp4VMxpNQSAmcF3MOmZFPLSwAA7eiZbqlZUcdoJFViQ
6=NsrAQDtqJlzKtoKlwAKiwArAQzvABYDQbOqWW/jUuIYzhMATwIAKQIPIwAtAMtXwazn2Ov
7=B7CeYIABdBsGoJBVqJZZpZRWkAJvK7ylZUsVp5RXTARIBgOjklbFp2VTAq2YW7QbUAJIA0
8=gbSAYnLwCflVRQArwOVAAgQlwGQBAn9AFMAVQPJ/wFRBpIM1gWXAJLG5uQUlgZQBlMBIgA
9=WBxIAFgfSABAAQFstaJkWARYGVwFgATcAkAZIDxcBowNQBB4DUwugBBNAW1ULVgBlANaAW
10=yj2EwqXABXBmy2oqA6TARIAEQCdACRBWxYGSf4AIEBbEwZSAAgPF4Gzq9rErOgYidcBkQa
11=JywA7CtcFGgAXAInjAZMAbAUVFFAAbwImDdEGkgAZyCmlFcnfAdAGSA8XAZcC/QVdA+vAc
12=KoZ0wr9BJoGJhhQARIAHgBRBeIACssAEgGUAKkGrwIWAGAAVgEIEYcE6QXiJZIFUgASA9I
13=AEABSADMlydXAv8AACcIAJACbAQppAlBB2xAaogDbAGAAWwEUBpcJiBFXAZARlh5RE1UDy
14=dUCFR4J4wSJwgDLSAAXAWwa/w4ZBdUVFwCKkwBQBmoACAzvAykC0QOvDJAGUwBVCdUKliU
15=jAF0EkQCTAEt/AItOABMBER9oAf0UXQzLRwBpA4gOXwZXBREEfQAKlQIoBm0AHwCLfwCJz
16=gAjQdtqDCMAXAFTGdUG5gBpAh0AKwZIDNcBifcH78ynJJSSA+oEirsDKTdSAOJHmxIGKwB
17=4AFwFEgDRBdIlkCa/DLcAlACvAVMBEwZIEu8DLRCpBq8X6QdrAG8YrQVvAJUHlBrJ7QCQA
18=EnHxO3omUnrA1cAkAZqAAgPFwGQA1QJlRCgAF8KSosAEgDXAJAFogYZOAqhAJQg0A6pB0n
19=FAMDqJZZmo9SmIhdTW0n7ABMGSBLXAZcLEQXvDKsAVgBWBkkDCAnVAJQArwyRIZIG1gBTA
20=RIACekCVwCKiwAQARAGagAIEJcBkhdRA60GKRNJ+QCWBZIA0gVLewMUAJASYkebFAFWAFM
21=BIkAbSdcAJACbD1cAkwZIEVcBpAOK2QcrDG8AkQRJ0QDrMesZ1wvJ3QPLVwAXDJIAJACZE
22=1AGagAIDxcBlAUQGRYK1AypBeIY9isWF4qzAUnjABUG1BiQEyRBWwqXABIGCfMJlDOrApc
23=BUwZICpcBgiZgE7Bmle1eUGWcSWAP1wLVAxYDUB24BPIQkAcXAIn2AWoHkAxXAVMASnwAn
24=wFUDiQGk0BbVQDrAdEBYABK1wGCcimXrWTWp90RpZ5QlQPIBIIAAiYfkqRe02wdT+vfiX4
25=RbAIVBXgAWQOWAFAEIgAJTQorAEgJFwAoA20AAjJqmbFnFqSaD2UfCs8ArQDVACkDkABKg
26=gACZqCULOMUMuSULqMVVwCAnxlPXthJehAJGxEUAJIAAOWekacgU5AAUgAKowAAnpdNnhe
27=JUg7KlwAKrwAIAOMACqsASccAQnPsGzPrFrIlFOMc0VcDjkIACpECQOFbEKng05ISwOlcT
28=28k1O0BgOdbD7GolmsAQLEjkzEmXAdWAE2jAAqXAAqvAAqHAEgCYwAUE0Ds3xHgmxDPIwG
29=KkQJA3RhP6eER0hLWGRcFCBsCABAZ0AZA658RnlmQkgbWAEnHw3Nl1UqRAkDkHpKi3RPSE
30=tYZCBsCAMtMAJAZ1BNUxeHbD5IG1gBXGi8ZUBJJ0QJWGQt4AAgeDgAYmemXrROSBtYGSB7
31=RAkgAxgFWExIM1ROvDIgfkQJIANEA1hMIAOYACCHjAC8Mji0AhEAABYAeAEBFBQUFCCHAw
32=D///8gh6gCP5wCEQAA

[Actions]
01000000=4,27,0,600,0,0,0,0,A,103,4,MISSION:All11T,0,0,0,0,A,21,6,EVA_TimerStarted,0,0,0,0,A,53,2,01000008,0,0,0,0,A
01000002=2,19,7,NukeSiren,0,0,0,0,A,53,2,01000004,0,0,0,0,A
01000004=25,95,0,0,0,0,0,0,I,95,0,0,0,0,0,0,J,95,0,0,0,0,0,0,K,95,0,0,0,0,0,0,L,54,2,01000004,0,0,0,0,A,95,0,0,0,0,0,0,O,95,0,0,0,0,0,0,P,95,0,0,0,0,0,0,Q,95,0,0,0,0,0,0,R,95,0,0,0,0,0,0,S,95,0,0,0,0,0,0,T,95,0,0,0,0,0,0,U,95,0,0,0,0,0,0,V,95,0,0,0,0,0,0,W,95,0,0,0,0,0,0,X,95,0,0,0,0,0,0,Y,95,0,0,0,0,0,0,Z,95,0,0,0,0,0,0,AA,95,0,0,0,0,0,0,AB,95,0,0,0,0,0,0,AC,95,0,0,0,0,0,0,AD,95,0,0,0,0,0,0,AE,95,0,0,0,0,0,0,AF,95,0,0,0,0,0,0,AG,95,0,0,0,0,0,0,AH
01000006=1,53,2,01000000,0,0,0,0,A
01000008=2,21,6,EVA_1MinuteRemaining,0,0,0,0,A,54,2,01000008,0,0,0,0,A
01000010=1,17,0,12,0,0,0,0,A
01000012=1,99,7,_Amb_WindCold,0,0,0,0,N

[Africans]
IQ=0
Edge=North
Color=DarkRed
Allies=Africans
Country=Africans
Credits=0
NodeCount=0
TechLevel=1
PercentBuilt=0
PlayerControl=no

[Alliance]
IQ=0
Edge=North
Color=Gold
Allies=Alliance
Country=Alliance
Credits=0
NodeCount=0
TechLevel=1
PercentBuilt=0
PlayerControl=no

[Americans]
IQ=0
Edge=North
Color=Gold
Allies=Americans
Country=Americans
Credits=0
NodeCount=0
TechLevel=1
PercentBuilt=0
PlayerControl=no

[Arabs]
IQ=0
Edge=North
Color=DarkRed
Allies=Arabs
Country=Arabs
Credits=0
NodeCount=0
TechLevel=1
PercentBuilt=0
PlayerControl=no

[Basic]
Name=Extra Small Cuba Edition
Author=Talafhah1, ionhavoc2
GameMode=standard, meatgrind, duel, teamgame
Official=no
MaxPlayer=8
MinPlayer=2
NewINIFormat=4
MultiplayerOnly=1

[British]
IQ=0
Edge=North
Color=Gold
Allies=British
Country=British
Credits=0
NodeCount=0
TechLevel=1
PercentBuilt=0
PlayerControl=no

[CellTags]

[Confederation]
IQ=0
Edge=North
Color=DarkRed
Allies=Confederation
Country=Confederation
Credits=0
NodeCount=0
TechLevel=1
PercentBuilt=0
PlayerControl=no

[Events]
01000000=1,13,0,700
01000002=1,14,0,250
01000004=1,13,0,25
01000006=1,13,0,1220
01000008=1,13,0,540
01000010=1,8,0,0
01000012=1,8,0,15

[French]
IQ=0
Edge=North
Color=Gold
Allies=French
Country=French
Credits=0
NodeCount=0
TechLevel=1
PercentBuilt=0
PlayerControl=no

[GDI]
IQ=0
Edge=North
Color=Gold
Allies=GDI
Country=GDI
Credits=0
NodeCount=0
TechLevel=1
PercentBuilt=0
PlayerControl=no

[Germans]
IQ=0
Edge=North
Color=Gold
Allies=Germans
Country=Germans
Credits=0
NodeCount=0
TechLevel=1
PercentBuilt=0
PlayerControl=no

[Houses]
0=Americans
1=Alliance
2=French
3=Germans
4=British
5=Africans
6=Arabs
7=Confederation
8=Russians
9=YuriCountry
10=GDI
11=Nod
12=Neutral
13=Special

[IsoMapPack5]
1=0wwAIAEiAAEAgAACCAAhAAKEAQEACAAiKCkAIygrACAAA+EEISgpACIoKQAjKCkAJCgrAB
2=8ABPkGICgpACEoKQAiKCkAIygpACQoKQAlKCsAHgAF8QkfKCkAICgpACEoKQAiKCkAIygp
3=ACQoKQAlKCkAJigrAB0ABukMHigpAB8oKQAgKCkAISgpACIoKQAjKCkAJCgpACUoKQAmKC
4=kAJygrABwAB+EPHSgpAB4oKQAfKCkAICgpACEoKQAiKCkAIygpACQoKQAlKCkAJigpACco
5=KQAoKCkAG0BBnxEIABwoKQAdKCkAHigpAB8oKQAgKCkAISgpACIoKQAjKCkAJCgpACUoKQ
6=AmKCkAJygpACgoKQApKCsAGgAJjBRFAhsoKQAcKCkAHSgpAB4oKQAfKCkAICgpACEoKQAi
7=KCkAIygpACQoKQAlKCkAJigpACcoKQAoKCkAKSgpACooKwAZAArpFxooKQAbKCkAHCgpAB
8=0oKQAeKCkAHygpACAoKQAhKCkAIigpACMoKQAkKCkAJSgpACYoKQAnKCkAKCgpACkoKQAq
9=KCkAKygrABgAC+EaGSgpABooKQAbKCkAHCgpAB0oKQAeKCkAHygpACAoKQAhKCkAIigpAC
10=MoKQAkKCkAJSgpACYoKQAnKCkAKCgpACkoKQAqKCkAKygpACwoKwAXAAz5HBgoKQAZKCkA
11=GigpABsoKQAcKCkAHSgpAB4oKQAfKCkAICgpACEoKQAiKCkAIygpACQoKQAlKCkAJigpAC
12=coKQAoKCkAKSgpACooKQArKCkALCgpAC0oKwAWAA3xHxcoKQAYKCkAGSgpABooKQAbKCkA
13=HCgpAB0oKQAeKCkAHygpACAoKQAhKCkAIigpACMoKQAkKCkAJSgpACYoKQAnKCkAKCgpAC
14=koKQAqKCkAKygpACwoKQAtKCkALigrABUADukiFigpABcoKQAYKCkAGSgpABooKQAbKCkA
15=HCgpAB0oKQAeKCkAHygpACAoKQAhKCkAIigpACMoKQAkKCkAJSgpACYoKQAnKCkAKCgpAC
16=koKQAqKCkAKygpACwoKQAtKCkALigpAC8oKwAUAA/hJRUoKQAWKCkAFygpABgoKQAZKCkA
17=GigpABsoKQAcKCkAHSgpAB4oKQAfKCkAICgpACEoKQAiKCkAIygpACQoKQAlKCkAJigpAC
18=coKQAoKCkAKSgpACooKQArKCkALCgpAC0oKQAuKCkALygpADAoKwATABD5JxQoKQAVKCkA
19=FigpABcoKQAYKCkAGSgpABooKQAbKCkAHCgpAB0oKQAeKCkAHygpACAoKQAhKCkAIigpAC
20=MoKQAkKCkAJSgpACYoKQAnKCkAKCgpACkoKQAqKCkAKygpACwoKQAtKCkALigpAC8oKQAw
21=KCkAMSgrABIAEfEqEygpABQoKQAVKCkAFigpABcoKQAYKCkAGSgpABooKQAbKCkAHCgpAB
22=0oKQAeKCkAHygpACAoKQAhKCkAIigpACMoKQAkKCkAJUkBUmsaCAAmSQEzqQEnSAFkAQEA
23=CAAoKCkAKSgpACooKQArKCkALCgpAC0oKQAuKCkALygpADAoKQAxKCkAMigrABEAEogQTR
24=ASKCkAEygpABQoKQAVKCkAFigpABcoKQAYKCkAGSgpABooKQAbKCkAHCgpAB0oKQAeKCkA
25=HygpACAoKQAhKCkAIigpACMoKQAkSQE5axoIACXKAQEEVi4SAHQuAQIEACdUAmkBA3cuEg
26=BXrQUpVAJkAV0gKigpACsoKQAsKCkALSgpAC4oKQAvKCkAMCgpADEoKQAyKCkAMygrABAA
27=E5wOQQ8RKCkAEigpABMoKQAUKCkAFSgpABYoKQAXKCkAGCgpABkoKQAaKCkAGygpABwoKQ
28=AdKCkAHigpAB8oKQAgKCkAISgpACIoKQAjSAHNXSRIAWwxVS4lSAGcHGwxxB5tMROaMgUE
29=R2ATADFnBAgAKe8FCAAqKCkAKygpACwoKQAtKCkALigpAC8oKQAwKCkAMSgpADIoKQAzKC
30=kANCgrAA8AFHERAFkyECgpABEoKQASKCkAEygpABQoKQAVKCkAFigpABcoKQAYKCkAGSgp
31=ABooKQAbKCkAHCgpAB0oKQAeKCkAHygpACAoKQAhKCkAIkkBOmsaCAAjyAFdYiRIAXICAA
32=RUZcQeZDQnKQAnKIEAKEgBZDRVOSnIAU1oKkgBzWgrSAGTCQgALCgpAC0oKQAuKCkALygp
33=ADAoKQAxKCkAMigpADMoKQA0KCkANSgrAA4AFZwOUTUPKCkAECgpABEoKQASKCkAEygpAB
34=QoKQAVKCkAFigpABcoKQAYKCkAGSgpABooKQAbKCkAHCgpAB0oKQAeKCkAHygpACAoKQAh
35=SAHNaCJIAXw2VS4jSAGfHAQAJCgpACUoKQAmKCkAJygpACgoKQApSAFoOF1tKsgBTSYrSA
36=GcCnw2JyUFLShVAC4oKQAvKCkAMCgpADEoKQAyKCkAMygpADQoKQA1KCkANigrAA0AFogQ
37=WREOKCkADygpABAoKQARKCkAEigpABMoKQAUKCkAFSgpABYoKQAXKCkAGCgpABkoKQAaKC
38=kAGygpABwoKQAdKCkAHigpAB8oKQAgSQE7aBoiDk8WAGgBXW0iVAJwAl1tIygpACQoKQAl
39=KCkAJigpACcoKQAoKCkAKSgpACpIAWA7VUQryAFNcyxIAc1zLUgBgw8IAC4oKQAvKCkAMC
40=gpADEoKQAyKCkAMygpADQoKQA1KCkANigpADcoKwAMABecDkE7DSgpAA4oKQAPKCkAECgp
41=ABEoKQASKCkAEygpABQoKQAVKCkAFigpABcoKQAYKCkAGSgpABooKQAbKCkAHCgpAB0oKQ
42=AeKCkAH0gBzXMgSAFgO1UuIUgBnxwEACIoKQAjKCkAJCgpACVJAY9zBQQAJkgBZAFdQSdI
43=AdUCKEgB1QIpKCkAKigpACtIAXg9XXgsyAFdKy1IAZgGbDwn1QUvKFUAMCgpADEoKQAyKC
44=kAMygpADQoKQA1KCkANigpADcoKQA4KCsACwAYiBBZEQwoKQANKCkADigpAA8oKQAQKCkA
45=ESgpABIoKQATKCkAFCgpABUoKQAWKCkAFygpABgoKQAZKCkAGigpABsoKQAcKCkAHSgpAB
46=5IASIMI0EaH8gBXXggSAGfHAQAISgpACIoKQAjKCkAJCgpACVJAZB8Bmc/GACFqQEnVQKI
47=qQEoSQGLqQEpSAFkAUlDKigpACsoKQAsSAFwQFVPLcgBTX4uSAHNfi9IAYcICAAwKCkAMS
48=gpADIoKQAzKCkANCgpADUoKQA2KCkANygpADgoKQA5KCsACgAZnA5NJgsoKQAMKCkADSgp
49=AA4oKQAPKCkAECgpABEoKQASKCkAEygpABQoKQAVKCkAFigpABcoKQAYKCkAGSgpABooKQ
50=AbKCkAHCgpAB1IAc1+HkgBfEFVLh9IAZ8cBAAgKCkAISgpACIoKQAjSAHVeyRIAdkGJSgp
51=ACZJAY57AgQAJ0gBZAFFPygoKQApKCkAKigpACsoKQAsKCkALUgBakMFBFW9GSZdLS9UAp
52=wKfEEnhQYxKFUAMigpADMoKQA0KCkANSgpADYoKQA3KCkAOCgpADkoKQA6KCsACQAaiBBJ
53=QwooKQALKCkADCgpAA0oKQAOKCkADygpABAoKQARKCkAEigpABMoKQAUKCkAFSgpABYoKQ
54=AXKCkAGCgpABkoKQAaKCkAGygpABxIAWzAQRodyAFdgx5IAZ8cBAAfKCkAICgpACEoKQAi
55=KCkAI0gB3YMkSQGFaAgiZy4aAImpASZVAoapASdIAWQBlETTKgQAKShVACpIAclOK0gBzQ
56=UsKCkALSgpAC5IAWBGVVovyAFNiTBIAc2JMUgBhwgIADIoKQAzKCkANCgpADUoKQA2KCkA
57=NygpADgoKQA5KCkAOigpADsoKwAIABucDl0rCSgpAAooKQALKCkADCgpAA0oKQAOKCkADy
58=gpABAoKQARKCkAEigpABMoKQAUKCkAFSgpABYoKQAXKCkAGCgpABkoKQAaKCkAG0gBzYkc
59=SAFsR1UuHUgBnxwEAB4oKQAfKCkAICgpACFJAZFwBSKvIRsAh6kBI1QCZAFdQSRIAc2JJU
60=gB1QImSQGMbAFljBvlSihUAtFLKUgByU4qSQGKrQUrSAFkAV0KLCgpAC0oKQAuKCkAL0gB
61=ekgFBEXOG/2OMVQChAhsRyc1BzMoVQA0KCkANSgpADYoKQA3KCkAOCgpADkoKQA6KCkAOy
62=gpADwoKwAHAByIEFhIIuR0jwEIAAkoVQAKKCkACygpAAwoKQANKCkADigpAA8oKQAQKCkA
63=ESgpABIoKQATKCkAFCgpABUoKAAFFgAcAAAAAAARAADdDQAgBQAIABcAHAAAYAACCAAYAB
64=xhAQBVAhkoKQAaSQE6fwIIABvKAQEEQAHPBQQAHVABfAMBAAQAHigpAB8oKQAgKCkAISgp
65=ACJJAY5/BgQAI0gBZAFFCCRJAZJvAQQAJUgBZAFVAiZIAdUCJ0gB1QIoKCkAKUgBwQQqSA
66=HBBCsoKQAsKCkALSgpAC4oKQAvKCkAMEkBMUgIAQIEADHIAQEDCAAySQFXVAJVIzNIAWQB
67=SQE0KCkANSgpADYoKQA3KCkAOCgpADkoKQA6KCkAOygpADwoKQA9KCkABlAtwQ8HKCkACC
68=gpAAkoKQAKKCkACygpAAwoKQANKCkADigpAA8oKQAQKCkAESgpABIoKQATKCkAFCgpABUo
69=KQAWKCkAFygpABgoKQAZSQFSZxoIABpIAXxMVS4bSAFwAkU/HCgpAB0oKQAeKCkAH0kBkX
70=MFBAAgSQGHqQEhSAFkAUUIIkkBkGwBf0wdAIupASRUAmQBQQQlKCkAJigpACcoKQAoKCkA
71=KSgpACooKQArKCkALCgpAC0oKQAuKCkALygpADAoKQAxSAFqTgUEXUwdWE5PEwgAM1QCQA
72=FhcjQoKQA1KCkANigpADcoKQA4KCkAOSgpADooKQA7KCkAPCgpAD0oKQA+KCkABVB6zRAG
73=KCkABygpAAgoKQAJKCkACigpAAsoKQAMKCkADSgpAA4oKQAPKCkAECgpABEoKQASKCkAEy
74=gpABQoKQAVKCkAFigpABcoKQAYSQE5ZxoIABnIAV2ZGkgBcAJdQRsoKQAcKCkAHSgpAB4o
75=KQAfKCkAIEgB3UwhSAHBUSJIAd0KIygpACQoKQAlKCkAJkgByVknSAHFCChIAcUIKSgpAC
76=pJAY97AgQAK0gBZAFJFyxIAcUILUkBhXsCBAAuSAHZXi9IAXACTQUwKCkAMSgpADJIAWBR
77=VXAzyAFNnzRIAc2fNUgBhwgIADYoKQA3KCkAOCgpADkoKQA6KCkAOygpADwoKQA9KCkAPi
78=gpAD8oKwAEAB+cDlGuBSgpAAYoKQAHKCkACCgpAAkoKQAKKCkACygpAAwoKQANKCkADigp
79=AA8oKQAQKCkAESgpABIoKQATKCkAFCgpABUoKQAWKCkAF0gBzZ8YSAFsUlUuGUgBnRwERK
80=LFHgRE7ycpABwogQAdSAHRQB5IAdkGH0gB1QIgSAHVAiFIAdntIkgB1QIjKCkAJCgpACVI
81=AcUIJkgBzQUnSAHFCChIAdUCKUgByU4qSQGGeAJsUie9AixUAnACSU4tSAHFCC5IAdUCLy
82=gpADAoKQAxKCkAMigpADNIAXhTAQUEADTIAV1BNUgBkAlsUsMPCAA3KFUAOCgpADkoKQA6
83=KCkAOygpADwoKQA9KCkAPigpAD8oKQBAKCkAA1jPzBBk0ckBBShVAAYoKQAHKCkACCgpAA
84=koKQAKKCkACygpAAwoKQANKCkADigpAA8oKQAQKCkAESgpABIoKQATKCkAFCgpABUoKQAW
85=SQE7eBgijiggAGgBXaQYVAJwAlU5GSgpABooKQAbKCkAHCgpAB1IAdGjHkkBiWgIYnogAM
86=FGIFQCcAJdCiFIAdVEIkgB1QIjSAHdTCRJAYV4AiKPKCAAiqkBJlQCZAFFCCdIASU1KChI
87=AdUCKSgpACpIAdkRK0gB2REsKCkALUgBxRMuSAHFCC8oKQAwSAHJZDFIAcEEMigpADMoKQ
88=A0SAFwVlV7NcgBTao2SAHNqjdIAYcICAA4KCkAOSgpADooKQA7KCkAPCgpAD0oKQA+KCkA
89=PygpAEAoKQBBKCsAAgAhnA5NaAMoKQAEKCkABSgpAAYoKQAHKCkACCgpAAkoKQAKKCkACy
90=gpAAwoKQANKCkADigpAA8oKQAQKCkAESgpABIoKQATKCkAFCgpABVIAc2qFkgBcFZVLhdI
91=AZ8cBAAYKCkAGSgpABooKQAbSAHdTBxIAdHwHUgBxQgeKCkAH0gB2UggSAHZSCFIAc1HIk
92=gB2QYjKCkAJEgBwVwlSAHBBCYoKQAnKCkAKCgpACkoKQAqKCkAKygpACwoKQAtSQGMYQsE
93=Vv8hAMUTL1QCyQEwSAHBZzFIAWgFQWcyKCkAMygpADQoKQA1SAFqWQUEVf8hJp0qN1QChA
94=h8VydFCTkoVQA6KCkAOygpADwoKQA9KCkAPigpAD8oKQBAKCkAQSgpAEIoKwABACKIEElZ
95=AigpAAMoKQAEKCkABSgpAAYoKQAHKCkACCgpAAkoKQAKKCkACygpAAwoKQANKCkADigpAA
96=8oKQAQKCkAESgpABIoKQATKCkAFEgBIjw0QRoVyAFdrxZIAZ8cBAAXKCkAGCgpABkoKQAa
97=KCkAGygpABxIAdVPHUgB0QkeSAHdmR9IAdUCICgpACFIAc1dIkgB3WIjSAHNBSRIAdGuJU
98=gB1QImKCkAJ0gBxWsoSAHBUSlIAdEJKkgB2QYrSAHZESxIAdUCLUgByQwuSAHVAi8oKQAw
99=KCkAMSgpADIoKQAzKCkANCgpADUoKQA2SAFgXFWGN8gBTbU4SAHNtTlIAYMPCAA6KCkAOy
100=gpADwoKQA9KCkAPigpAD8oKQBAKCkAQSgpAEIoKQBDKCsAAgAjnA5dQQMoKAAiUDubAggA
101=BShVAAYoKQAHKCkACCgpAAkoKQAKKCkACygpAAwoKQANKCkADigpAA8oKQAQKCkAESgpAB
102=IoKQATSAHVshRIAXRaXSsVSAGLFwQAFigpABcoKQAYKCkAGUgB3UEaSAHZBhtJAY1sASI/
103=SiMAiKkBHVQC0UseSAHVAh9IAd1MIEgBaAVBniEoKQAiSAHdYiNIAcEEJCgpACUoKQAmKC
104=kAJygpACgoKQApSAHVZSpIAdkRK0gBxcMsSAHJDC0oKQAuKCkALygpADBIAdkcMUgBJSk3
105=MkgBxQgzSAHVIzRIAdUCNSgpADYoKQA3SAFgXEW4OMgBRUo5SAGYBnRaJ50JOyhVADwoKQ
106=A9KCkAPigpAD8oKQBAKCkAQSgpAEIoKQBDKCkARCgrAAMAJIgQWREEKCkABSgpAAYoKQAH
107=KCkACCgpAAkoKQAKKCkACygpAAwoKQANKCkADigpAA8oKQAQKCkAESgpABJIASKkNlEUE8
108=gBVbIUSAGPFwQAFSgpABYoKQAXKCkAGCgpABlIAdVEGkgB1UQbSAHJ8xxIAd0KHSgpAB4o
109=KQAfSAHFoiBIAc0FISgpACJIAcEEI0gBwQQkKCkAJSgpACYoKQAnKCkAKCgpACkoKQAqKC
110=kAK0gBwWcsSAHJDC1IAc1SLkgB1QIvKCkAMEgB2QYxSAHBBDIoKQAzSAHBBDRIAcEENSgp
111=ADYoKQA3KCkAOEgBYFxFjDnIAUW4OkkBNmsICAA7yAEBAQgAPEkBN7UCPcgBVQI+SQE1tQ
112=I/yAFVAkBIAc0FQcgBVQJCSAHdCkPIAVUCREgBzQVFyAFUAiK4MngKT0cFACWEAUkBBigp
113=AAcoKQAIKCkACSgpAAooKQALKCkADCgpAA0oKQAOKCkADygpABAoKQARSAHVshJIAXRaTS
114=YTSAGLEwQAFCgpABUoKQAWKCkAF0gBzTwYSAHZBhkoKQAaKCkAGygpABwoKQAdSAHFCB5I
115=AcUIHygpACAoKQAhKCkAIigpACMoKQAkKCkAJSgpACYoKQAnKCkAKCgpACkoKQAqKCkAK0
116=gBzXMsSAHNcy1IAc1zLkgB3RUvSAElZSMwSAHFzjFJAYVnBAQAMkgBxQgzSAHFCDRIAXwD
117=XdA1KCkANigpADcoKQA4KCkAOUgBYFwBBQQAOkgBdE9dNjvKAQMEVlolAHRPVQI9VAJoAV
118=UCPkgBdFpVAj/IAVUCQEgBYARVAkHIAVUCQkgB3QpDyAFVAkRIAc0FRcgBVQJGSAHfCgUA
119=JpwZlFonKQAHKFUACCgpAAkoKQAKKCkACygpAAwoKQANKCkADigpAA8oKQAQKCkAEUkBQ3
120=cQCAASyAFBtBNIAXACSS0UKCkAFSgpABYoKQAXSAHFPxhJAYV/BgQAGUgByTgaSAElKSEb
121=SAF8A10KHCgpAB1IAcUIHkgBzQUfSAHNBSAoKQAhSAHFYCJIAcEEIygpACQoKQAlKCkAJi
122=gpACcoKQAoKCkAKSgpACooKQArKCkALCgpAC0oKQAuKCkALygpADAoKQAxSAHVsjJIAd0V
123=MygpADQoKQA1KCkANkgB2Rw3SAHZBjgoKQA5KCkAOigpADsoKQA8KCkAPSgpAD5IAZOYBA
124=A/SAFwVk0xQMgBRT9BSAFwVlUCQsgBVQJDSAFwVlUCRMgBVQJFSAHFCEbIAVUCR0gBxwgG
125=ACeEF0FcBygpAAgoKQAJKCkACigpAAsoKQAMKCkADSgpAA4oKQAPKCkAECgpABEoKQASSA
126=FgXAEECAATyQEFbLXEEyIEIicpABZABIAWIrQ4J1UAGFQCyTgZSAHBBBpIAdUCG0gB1QIc
127=KCkAHSgpAB5IAc0FH0gBzQUgKCkAIUgBwQQiSAHBBCMoKQAkKCkAJSgpACYoKQAnKCkAKC
128=gpACkoKQAqKCkAKygpACxIAd1MLUgBwQ8uKCkAL0gBJ60WJyZlRDFUAtWyMkgB2QYzSAEl
129=4S00SAHZfzUoKQA2SAElQS83SAHZBjgoKQA5KCkAOigpADsoKQA8KCkAPUgBImg0TVI+yg
130=EBAFZaJwBsUgECAABAVAJoAQEDAABBSAFsUlUCQsgBVQJDSAF0WlUCRMgBVQJFSAF4BlUC
131=RsgBBQMAAEcAJwA3EQAAtQ0AIAACAAAAAgAASAAnADcAAAADAAAHAChAAUsACAAIKCkACS
132=gpAAooKQALKCkADCgpAA0oKQAOKCkADygpABAoKQARKCkAEkkBWFwOWQ4TSQFFqQEUyAEB
133=AQQAFUgBcAIBAAQAFigpABcoKQAYSQGSZwQEABlIAWQBTQUaSQGQbwEEABtJAYmpARxJAY
134=WpAR1IAdUCHkkBiLUCH0kBh6kBIEgBZAFRCSFIAdEJIkgBwQQjSAHBBCQoKQAlKCkAJigp
135=ACcoKQAoKCkAKSgpACooKQArSQGNYwsEACxIAcUTLUgBwQ8uSAF8A0UTLygpADAoKQAxKC
136=kAMigpADNJAY5/BgQANEgBZAFFCDUoKQA2SAHFKTdIAcEEOCgpADkoKQA6KCkAOygpADxJ
137=AVJ/BgQAPUkBOkgBAQIAAD5IAUQBaQA/KCkAQCgpAEEoKQBCKCkAQygpAEQoKQBFKCkARi
138=gpAEcoKQBIKCkASSgrAAgAKX0PAF1MCSgpAAooKQALKCkADCgpAA0oKQAOKCkADygpABAo
139=KQARKCkAEigpABMoKQAUSAFiXAQIVlopAGkBBXRaxxMEABdABJcUBAAYKCkAGSgpABooKQ
140=AbKCkAHEgBwTsdSAHFCB4oKQAfSAHBOyBIAcEEISgpACJJAYx7AgQAI0kBi6kBJEgBZAFV
141=RCUoKQAmKCkAJygpACgoKQApKCkAKigpACtIAc0QLEgB3QotSAHBDy5IAcEPL0gBwQQwSQ
142=GPbwEEADFIAWQBWREyKCkAM0gBzXM0SAHJejVIAdVlNkgB2QY3KCkAOCgpADkoKQA6KCkA
143=O0kBOX8GBAA8ygEBAFRa0DV0WicpAD9ABGgFTQBAKCkAQSgpAEIoKQBDKCkARCgpAEUoKQ
144=BGKCkARygpAEgoKQBJKCkASigrAAkAKlgPSwAIAAooKQALKCkADCgpAA0oKQAOKCkADygp
145=ABAoKQARKCkAEigpABMoKQAUSAHFuBVIAXRaUWwWyAFFuBdIAV0SAF02GCgpABkoKQAaSQ
146=GRZARvtSoAhakBHFUCiqkBHUgBZAFFCB4oKQAfKCkAICgpACEoKQAiSAHJTiNIAcUIJCgp
147=ACUoKQAmKCkAJygpACgoKQApSAHBUSpIAdEJKygpACwoKQAtSAHBci5IAc0FLygpADBIAd
148=leMUgB0VYySAHRVjNIAdkGNCgpADVIAcEaNkgBwQQ3KCkAOCgpADkoKQA6SAHVsjtIAXRa
149=VbI8SAGECHRazEd0WicpAD8ogQBAKCkAQSgpAEIoKQBDKCkARCgpAEUoKQBGKCkARygpAE
150=goKQBJKCkASigpAEsoKwAKACu7FQgACygpAAwoKQANKCkADigpAA8oKQAQKCkAESgpABIo
151=KQATKCkAFCgpABUoKQAWSAFgXEW4F8kBBWy1xBMiBCInKQAaQASAFnZaKwDdNhwoVQAdKC
152=kAHigpAB8oKQAgKCkAIUgB1U8iSAHdCiMoKQAkKCkAJUgBzQUmSAHNBScoKQAoKCkAKUgB
153=1acqSAHBUStIAcmxLEgBxQgtSAHVGC5IAdUCL0gBJbUiMEgBxXYxSAHBBDJIAdFhM0gB1Q
154=I0KCkANSgpADYoKQA3KCkAOCgpADlJATtrCAQAOsgBVbI7SAFwAk0APCgpAD0oKQA+KCkA
155=PygpAEAoKQBBKCkAQigpAEMoKQBEKCkARSgpAEYoKQBHKCkASCgpAEkoKQBKKCkASygrAA
156=sALFQWSwAIAAwoKQANKCkADigpAA8oKQAQKCkAESgpABIoKQATKCkAFCgpABUoKQAWSAHZ
157=thdJAUVIEFm2GMgBWbYZSAFwAlGuGigpABsoKQAcKCkAHUgB0UAeSAHZSB9JAYVrCAQAIE
158=gB1QIhSQGGtQIiSAFkAUkMIygpACRIAdnBJUgBJf0rJkgBxQgnSAHdpChIAcUIKSgpACoo
159=KQArKCkALCgpAC0oKQAuKCkAL0gBxVUwSAHdCjEoKQAySAHVZTNIAclkNEgBzQU1KCkANi
160=gpADcoKQA4SQFScwUEADlIAWhZSbE6SAFwAk0AOygpADwoKQA9KCkAPigpAD8oKQBAKCkA
161=QSgpAEIoKQBDKCkARCgpAEUoKQBGKCkARygpAEgoKQBJKCkASigrAAwALVQWSwAIAA0oKQ
162=AOKCkADygpABAoKQARKCkAEigpABMoKQAUKCkAFSgpABYoKQAXKCkAGEgBfFdVshnIAQEF
163=BAAaSAFcEiLZIRsoKQAcKCkAHUgB3ZkeSAHNBR9IAdFAIEgB1QIhSAHNBSJIAdUCIygpAC
164=QoKQAlKCkAJigpACdIAcUIKEgBxQgpSAHNtSpIAdUCK0gB1QIsSAHVAi0oKQAuKCkAL0gB
165=zVIwSQGFcAUiriwtANlTMlQCcAJRbDMoKQA0KCkANSgpADYoKQA3SAEi/DZZBjjIAUWtOU
166=gBkQkAXK/HPwAAOyhVADwoKQA9KCkAPigpAD8oKQBAKCkAQSgpAEIoKQBDKCkARCgpAEUo
167=KQBGKCkARygpAEgoKQBJKCsADQAupxcIAA4oKQAPKCkAECgpABEoKQASKCkAEygpABQoKQ
168=AVKCkAFigpABcoKQAYSAHFrRlIAWRVRa0ayAFFrRtIAYsTBAAcKCkAHSgpAB4oKQAfSAEn
169=eArDGgQAIVQCxQgiKCkAI0gB1bIkSAHVpyVIAdWnJkgB2QYnKCkAKCgpAClIAdFLKkgB0U
170=srSAHVsixIAdUCLUgByQwuSAHJDC9IAckMMEgByRcxSAHVAjIoKQAzKCkANCgpADUoKQA2
171=SAHVpzdIAXhTVac4SAGRCQBMqsgieFMnKQA7KIEAPCgpAD0oKQA+KCkAPygpAEAoKQBBKC
172=kAQigpAEMoKQBEKCkARSgpAEYoKQBHKCkASCgrAA4AL6cXCAAPKCkAECgpABEoKQASKCkA
173=EygpABQoKQAVKCkAFigpABcoKQAYKCkAGSgpABpIAWxSVacbyQEFYFHHEwQAHVQClxQEAB
174=4oKQAfSAHdmSBIAcEEIUgBxZciSAHVAiNIAcU/JEgB1QIlSAHVAiZIAdUCJygpACgoKQAp
175=KCkAKkgBwQ8rSAHZBixIAdUCLUgB1QIuSAHJDC9IAdUCMEgBzQUxSAHVAjIoKQAzKCkANC
176=gpADVIASLsNEWiNsgBRaI3SAGHCAAAOCgpADkoKQA6KCkAOygpADwoKQA9KCkAPigpAD8o
177=KQBAKCkAQSgpAEIoKQBDKCkARCgpAEUoKQBGKCkARygrAA8AMKcXCAAQKCkAESgpABIoKQ
178=ATKCkAFCgpABUoKQAWKCkAFygpABgoKQAZKCkAGkgBxaIbSAF0T0WiHMgBRaIdSAGIE2hO
179=0xQEAB8oVQAgKCkAIUgBJS09IkgByZAjSAEllSkkSAHRCSVIAcU/JkgB1QInSAHdpChIAd
180=3mKUgBwQQqKCkAKygpACwoKQAtKCkALkgBJ8gJJ+kCMFQC0QkxKCkAMigpADMoKQA0SAHV
181=nDVIAWhOVZw2SAGHCAAANygpADgoKQA5KCkAOigpADsoKQA8KCkAPSgpAD4oKQA/KCkAQC
182=gpAEEoKQBCKCkAQygpAEQoKQBFKCkARigrABAAMacXCAARKCkAEigpABMoKQAUKCkAFSgp
183=ABYoKQAXKCkAGCgpABkoKQAaKCkAGygpABxIAXxMVZwdyAFVnB5IAYgTcEvQFCKwMicpAC
184=FABMFGIkgBzQUjSAHNPCRIAdUCJSgpACYoKQAnSAHNBShIAc0FKUgB3aQqSAHVAisoKQAs
185=SAHBBC1IAcEELkgB2REvSAHVAjAoKQAxKCkAMigpADNJATtwBSLmXzEAaAFFlzVUAnACTQ
186=A2KCkANygpADgoKQA5KCkAOigpADsoKQA8KCkAPSgpAD4oKQA/KCkAQCgpAEEoKQBCKCkA
187=QygpAEQoKQBFKCsAEQAyVBZLAAgAEigpABMoKQAUKCkAFSgpABYoKQAXKCkAGCgpABkoKQ
188=AaKCkAGygpABxIAcWXHUgBZEpFlx7IAUWXH0gBXBIi1TEgKCkAISgpACIoKQAjSAHVOSRI
189=AdkGJUgB1ZEmSAHdmSdIAd2ZKEgBzQUpSAEnfiYyAM0FK1UChWQEIgJpMgAlSUYtVAJwAl
190=nXLigpAC8oKQAwKCkAMSgpADJIAdWRM0gBbEdVkTRIAZMJAAA1KCkANigpADcoKQA4KCkA
191=OSgpADooKQA7KCkAPCgpAD0oKQA+KCkAPygpAEAoKQBBKCkAQigpAEMoKQBEKCsAEgAzpx
192=cIABMoKQAUKCkAFSgpABYoKQAXKCkAGCgpABkoKQAaKCkAGygpABwoKQAdKCkAHkgBbEdV
193=kR/JAQV8jsQTIkAvJykAIkAEgBYibGYnVQAkKFUAJUgBxYwmSAHNBSdIAdUCKEgB1QIpKC
194=kAKigpACtIAc0FLEgBzQUtKCkALigpAC8oKQAwKCkAMUgBIjguUUsyyAFFjDNIAZMJAAA0
195=KCkANSgpADYoKQA3KCkAOCgpADkoKQA6KCkAOygpADwoKQA9KCkAPigpAD8oKQBAKCkAQS
196=gpAEIoKQBDKCkAE0QWixcIABQoKQAVKCkAFigpABcoKQAYKCkAGSgpABooKQAbKCkAHCgp
197=AB0oKQAeSAHFjB9IAXRERYwgyAFFjCFIAYcTBAAiKCkAIygpACRIASf9TDT4fwomADQAAA
198=AAAAAEACcAEQAAcwrqGAE0AJAAQAAEBAAoADQAhUQBAQAEAClJAYupASpIAWQBVQIrSQGS
199=bwEEACxIAWQBVQItKCkALigpAC8oKQAwSQFScwUEADFJATpIAQECAAAySAFEAWkAMygpAD
200=QoKQA1KCkANigpADcoKQA4KCkAOSgpADooKQA7KCkAPCgpAD0oKQA+KCkAPygpAEAoKQBB
201=KCkAQigrABQANXgWAgAACAAVKCkAFigpABcoKQAYKCkAGSgpABooKQAbKCkAHCgpAB0oKQ
202=AeKCkAHygpACBJAUVUEAEECAAhyAEBBQQAIkgBUQIAWTIjKCkAJCgpACUoKQAmKCkAJygp
203=AChJAY5oCHBA2xwEACpUAnACXQorKCkALCgpAC0oKQAuKCkAL0kBOX8GBAAwygEBAFBA3A
204=pwQCcpADNABGgFTQA0KCkANSgpADYoKQA3KCkAOCgpADkoKQA6KCkAOygpADwoKQA9KCkA
205=PigpAD8oKQBAKCkAQSgrABUANlwTSwAIABYoKQAXKCkAGCgpABkoKQAaKCkAGygpABwoKQ
206=AdKCkAHigpAB8oKQAgSQFYXA5JTiFIAWQ/SQEiyAEBAQQAI0gBfANFNCQoKQAlKCkAJigp
207=ACdJAY1wBW9+NgCIqQEpVAInzA/bHAQAK1QCfANdCiwoKQAtKCkALkgB1XsvSAF4PVV7ME
208=gBmAZ4PdAJeD0nKQAzKIEANCgpADUoKQA2KCkANygpADgoKQA5KCkAOigpADsoKQA8KCkA
209=PSgpAD4oKQA/KCkAQCgrABYAN6cXCAAXKCkAGCgpABkoKQAaKCkAGygpABwoKQAdKCkAHi
210=gpAB8oKQAgKCkAISgpACJIAWw8VXsjyAFVeyRIAYsTBAAlKCkAJigpACdIAcG0KEgBzQUp
211=KCkAKigpACsoKQAsKCkALUgBYLRZPS7IAUV2L0gBkQkAXHjUI2A7JykAMiiBADMoKQA0KC
212=kANSgpADYoKQA3KCkAOCgpADkoKQA6KCkAOygpADwoKQA9KCkAPigpAD8oKwAXADinFwgA
213=GCgpABkoKQAaKCkAGygpABwoKQAdKCkAHigpAB8oKQAgKCkAISgpACJIAcV2I0gBdDlFdi
214=TIAUV2JUgBixMEACYoKQAnKCkAKCgpACkoKQAqKCkAKygpACxIAdVwLUgBaDhVcC5IAYsM
215=AAAvKCkAMCgpADEoKQAyKCkAMygpADQoKQA1KCkANigpADcoKQA4KCkAOSgpADooKQA7KC
216=kAPCgpAD0oKQA+KCoAGABkiVMXCAAZKCkAGigpABsoKQAcKCkAHSgpAB4oKQAfKCkAICgp
217=ACEoKQAiKCkAIygpACRIAXw2VXAlyAFVcCZIAVwSbewnKCkAKCgpACkoKQAqKCkAK0kBO3
218=wGIvIkOQBoAUVrLVQCcAJNAC4oKQAvKCkAMCgpADEoKQAyKCkAMygpADQoKQA1KCkANigp
219=ADcoKQA4KCkAOSgpADooKQA7KCkAPCgpAD0oKgAZAHRMQxcIABooKQAbKCkAHCgpAB0oKQ
220=AeKCkAHygpACAoKQAhKCkAIigpACMoKQAkSQE/XA5ZaSXIAVlpJkgBcAJFlycoKQAoKCkA
221=KSgpACpIAdVlK0gBbDFVZSxIAYcIAAAtKCkALigpAC8oKQAwKCkAMSgpADIoKQAzKCkANC
222=gpADUoKQA2KCkANygpADgoKQA5KCkAOigpADsoKQA8KCkAGpxJUxcIABsoKQAcKCkAHSgp
223=AB4oKQAfKCkAICgpACEoKQAiKCkAIygpACRIAWIwAghe0DsAaQEDcJh8KE8QBAAnQARAAW
224=lkKCgpAClIAZB6IjwpuEtFYCtUAo8FAAAsKCkALSgpAC4oKQAvKCkAMCgpADEoKQAyKCkA
225=MygpADQoKQA1KCkANigpADcoKQA4KCgAsHSNEzooVQA7KCsAGwA8lANBURwoKQAdKCkAHi
226=gpAB8oKQAgKCkAISgpACIoKQAjKCkAJEkBQHAMai08AGgBjF3AD2gtJykAKEwF1VopSAFo
227=LVVaKkgBYAhNACsoKQAsKCkALSgpAC4oKQAvKCkAMCgpADEoKQAyKCkAMygpADQoKQA1KC
228=kANigpADcoKQA4KCkAOSgpADooKwAcAD1UFksACAAdKCkAHigpAB8oKQAgKCkAISgpACIo
229=KQAjKCkAJEgBZCmdVz2QKpxX1A1xKj2sayKALKgBRVUpWAZQEWkAKigpACsoKQAsKCkALS
230=gpAC4oKQAvKCkAMCgpADEoKQAyKCkAMygpADQoKQA1KCkANigpADcoKQA4KCkAOSgrAB0A
231=PngWIsU6HigpAB8oKQAgKCkAISgpACIoKQAjKCkAJEkBQXgJblI+AGgBjlI+ANVPJ0AEbM
232=NVTyhIAWgFTQApKCkAKigpACsoKQAsKCkALSgpAC4oKQAvKCkAMCgpADEoKQAyKCkAMygp
233=ADQoKQA1KCkANigpADcoKQA4KCkAHoCbQxcIAB8oKQAgKCkAISgpACIoKQAjKCkAJEgBdC
234=OdTD+AJZ1MP1wCXAp8TKgBUUsorAJaAgApKCkAKigpACsoKQAsKCkALSgpAC4oKQAvKCkA
235=MCgpADEoKQAyKCkAMygpADQoKQA1KCkANigpADcoKQAfmGZbFQgAICgpACEoKQAiKCkAIy
236=gpACRIAXzFSaYlyAGNR0CFCwJoIqgBAQMAAChABEAMaQApKCkAKigpACsoKQAsKCkALSgp
237=AC4oKQAvKCkAMCgpADEoKQAyKCkAMygpADQoKQA1KCkANigpACCYOkwUIhxGcD2JASIoVQ
238=AjKCkAJEgBcB+dQUGEHp1BQbgJcB+oAZxB0QkAXEEnKQAqRAhADGkAKygpACwoKQAtKCkA
239=LigpAC8oKQAwKCkAMSgpADIoKQAzKCkANCgpADUoKwAhAEJ8D22JIigpACMoKQAkSAF4q4
240=08QowbjDyoAYw8qAGMPNAJeBwnKQAqRAiuDAArKCkALCgpAC0oKQAuKCkALygpADAoKQAx
241=KCkAMigpADMoKQA0KCsAIgBDvw4IACMoKQAkSAFgGp02Q4AanTZDsCJ8NqgBnDbECGAaJy
242=kAKkQIoAtAGidVACwoVQAtKCkALigpAC8oKQAwKCkAMSgpADIoKQAzKCsAIwBEsw0IACRI
243=AZRHbbVEnBWMMagBjDGoAYwx2AZoFycpACpECLQJSBcnVQAsKFUALSgpAC4oKQAvKCkAMC
244=gpADEoKQAyKCsAJABFhBOcK6gBnStFiWQAfCuoAZwrIkQ2gRIpWAaDAQAAKigpACsoKQAs
245=KCkALSgpAC4oKQAvKCkAMCgpADEoKwAlAEaMEIwmqAGMJqgBjSZGyBBYdCcpACpYBtkCKy
246=gpACwoKQAtKCkALigpAC8oKQAwKCsAJgBHiE6cIKgBnSBHxAxADycpACpMBdkCKygpACwo
247=KQAtKCkALigpAC8oKwAnAEiUDY0bSMwJSAwnKQAqQATZAisoKQAsKCkALSgpAC4oKwAoAE
248=nUBlAJJykAKihVACsoKQAsKCkALSgrACkASuUIKigpACsoKQAsKCgAAyoASwD//5gFCCsA
249=SwD//wAAAAAAEQAA

[Lighting]
Red=0.800000
Blue=1.200000
Green=0.800000
Level=0.032000
Ground=0.000000
IonRed=0.300000
Ambient=0.650000
IonBlue=0.750000
IonGreen=0.400000
IonLevel=0.032000
IonGround=0.000000
IonAmbient=0.600000
DominatorRed=0.850000
DominatorBlue=0.300000
DominatorGreen=0.200000
DominatorLevel=0.032000
DominatorGround=0.000000
DominatorAmbient=0.700000
DominatorAmbientChangeRate=0.009000

[Map]
Size=0,0,34,42
Theater=DESERT
LocalSize=2,4,30,36

[Neutral]
IQ=0
Edge=North
Color=Grey
Allies=Neutral
Country=Neutral
Credits=0
NodeCount=0
TechLevel=1
PercentBuilt=0
PlayerControl=no

[Nod]
IQ=0
Edge=North
Color=Gold
Allies=Nod
Country=Nod
Credits=0
NodeCount=0
TechLevel=1
PercentBuilt=0
PlayerControl=no

[OverlayDataPack]
1=BQAAIP4AIACABQAAIP4AIACABQAAIP4AIACABQAAIP4AIACABQAAIP4AIACABQAAIP4AIA
2=CABQAAIP4AIACABQAAIP4AIACABQAAIP4AIACABQAAIP4AIACABQAAIP4AIACABQAAIP4A
3=IACABQAAIP4AIACABQAAIP4AIACABQAAIP4AIACABQAAIP4AIACABQAAIP4AIACABQAAIP
4=4AIACABQAAIP4AIACABQAAIP4AIACABQAAIP4AIACABQAAIP4AIACABQAAIP4AIACABQAA
5=IP4AIACABQAAIP4AIACABQAAIP4AIACABQAAIP4AIACABQAAIP4AIACABQAAIP4AIACABQ
6=AAIP4AIACABQAAIP4AIACABQAAIP4AIACA

[OverlayPack]
1=eQAAIP4gAP/+AwCqIAT+9wH//gkAqv//ASkA//YBJgL+DQCq//8BKwT/8gEoBv4RAKr//w
2=EtCP/uASoK/hUAqv//AS8M/+oBLA7+GQCq//8BMRD/5gEuEv4dAKr//wEzFP/iATAW/iEA
3=qv//ATUY/94BMhr+JQCq/soB/4CHAAAg/hAA//4nAKr+2AH/1SEA/+cBJgDYIQD/5AEoAt
4=cPAv/lASUC2Q8C/+MBJgTbDQb/4QEnBtkLCkAG/9wBLArbCgz/4QElCt0JDv/fASYM3wgQ
5=/90BJw7hBxL/2wEoEOMGFP/ZASkS5QUW/9cBKhTnBBj/1QErFukDGv/TASwY6wIc/9EBLR
6=qAngAAIP4WAKqC//8QBP4WAP8gGs8GAP65Af/sAwAwHNAEAv/oAUsA/9ABMADuAwT/zQEx
7=AgG47gQG4RII/7kBVwbjNAj/2gE2COQ1Cv/BAUEA/0QA+Av/1QE7CuU0Cs41Bv/uAUkM0D
8=UG/7sBSxDKOxLhEhDRNQb/6wFIDP/OATMC7gEQ/9EBNxbrBRb/0wE2GOkGGP/VATUa5wca
9=/80BNByApQAAIP4MAP+CqqoAA/4JAKowEf4SAP8QFf4RAKr+xgH/ywwAIej/7AEhAOEKAP
10=/dATEC3wsC/98BMATdDAT/4QEvBtsNBv/jAS4I2Q4I/+UBLQrXDwr/5wEsDNUQDP/pASsO
11=0xEO/+sBKhAB6corEjAN/+sBKxLMExIh+v/tASoUyxUW/+0BKBDQEBjNFBT/5AE1GMkXGj
12=AO/+8BKxrIGBzRJBz+yAH/gGcAACD+HAD/gqqqAAP+AwCqMAz+DQCq/uYB/0IBzyQA/ugB
13=/zIBziQC/uoB/yIBzSQE/uwB/xIBzCQG/u4B/84hBP7wAf/MIgr+8gH/yiMM/vgB////AS
14=kOQgD++wH///8BKhJaCP7QCf+ABQAAIP4AIP+ABQAAIP4AIP+ABQAAIP4AIP+ABQAAIP4A
15=IP+ABQAAIP4AIP+ABQAAIP4AIP+ABQAAIP4AIP+ABQAAIP4AIP+ABQAAIP4AIP+ABQAAIP
16=4AIP+ABQAAIP4AIP+ABQAAIP4AIP+ABQAAIP4AIP+ABQAAIP4AIP+ABQAAIP4AIP+ABQAA
17=IP4AIP+ABQAAIP4AIP+ABQAAIP4AIP+ABQAAIP4AIP+ABQAAIP4AIP+ABQAAIP4AIP+ABQ
18=AAIP4AIP+ABQAAIP4AIP+ABQAAIP4AIP+ABQAAIP4AIP+ABQAAIP4AIP+ABQAAIP4AIP+A

[Russians]
IQ=0
Edge=North
Color=DarkRed
Allies=Russians
Country=Russians
Credits=0
NodeCount=0
TechLevel=1
PercentBuilt=0
PlayerControl=no

[Special]
IQ=0
Edge=North
Color=Grey
Allies=Special
Country=Special
Credits=0
NodeCount=0
TechLevel=1
PercentBuilt=0
PlayerControl=no

[Structures]
0=Neutral,INGALITE,256,40,58,64,None,1,0,1,0,0,None,None,None,0,0
1=Neutral,INGALITE,256,37,19,64,None,1,0,1,0,0,None,None,None,0,0
2=Neutral,INGALITE,256,58,40,64,None,1,0,1,0,0,None,None,None,0,0
3=Neutral,INGALITE,256,19,37,64,None,1,0,1,0,0,None,None,None,0,0

[Tags]
01000001=2,Repeat-Countdowns 1,01000000
01000003=2,Repeat-Sirens 1,01000002
01000005=2,Repeat-Nukes 1,01000004
01000007=0,Start-Countdowns 1,01000006
01000009=2,Repeat-Remaining 1,01000008
01000011=0,Reveal-Start 1,01000010
01000013=0,Start-Ambience 1,01000012

[TeamTypes]

[Triggers]
01000000=<none>,<none>,Repeat-Countdowns,1,1,1,1,0
01000002=<none>,<none>,Repeat-Sirens,0,1,1,1,0
01000004=<none>,<none>,Repeat-Nukes,1,1,1,1,0
01000006=<none>,<none>,Start-Countdowns,0,1,1,1,0
01000008=<none>,<none>,Repeat-Remaining,1,1,1,1,0
01000010=<none>,<none>,Reveal-Start,0,1,1,1,0
01000012=<none>,<none>,Start-Ambience,0,1,1,1,0

[Waypoints]
0=37038
1=40039
2=39037
3=38040
4=37039
5=40038
6=38037
7=39040
8=48040
9=37029
10=29037
11=40048
12=40040
13=38038
14=33033
15=44044
16=41025
17=52036
18=36052
19=25041
20=34043
21=31046
22=43034
23=46031
24=40037
25=37040
26=31027
27=23035
28=27031
29=35023
30=53041
31=45049
32=49045
33=41053

[YuriCountry]
IQ=0
Edge=North
Color=DarkRed
Allies=YuriCountry
Country=YuriCountry
Credits=0
NodeCount=0
TechLevel=1
PercentBuilt=0
PlayerControl=no



[Digest]
1=oj5580v5QcD/kUIZ27xEGVfUj8A=

